Archive member included because of file (symbol)

/home/robo/nxtOSEK/nxtOSEK/ecrobot/../ecrobot/libecrobot.a(ecrobot_interface.o)
                              build/src/main.o (ecrobot_set_light_sensor_active)
/home/robo/nxtOSEK/nxtOSEK/ecrobot/../ecrobot/libecrobot.a(colorsensor.o)
                              /home/robo/nxtOSEK/nxtOSEK/ecrobot/../ecrobot/libecrobot.a(ecrobot_interface.o) (colorsensor_init)
/home/robo/nxtOSEK/nxtOSEK/ecrobot/../ecrobot/libecrobot.a(osek_hook.o)
                              build/kernel/osctl.o (StartupHook)
/home/robo/nxtOSEK/nxtOSEK/ecrobot/../ecrobot/libecrobot.a(uart.oram)
                              build/config/at91sam7s-gnu/irq.oram (uart_isr_C_0)
/home/robo/nxtOSEK/nxtOSEK/ecrobot/../ecrobot/libecrobot.a(systick.oram)
                              build/syslib/at91sam7s-gnu/lego_nxt/hw_sys_timer.oram (systick_low_priority_C)
/home/robo/nxtOSEK/nxtOSEK/ecrobot/../ecrobot/libecrobot.a(byte_fifo.oram)
                              /home/robo/nxtOSEK/nxtOSEK/ecrobot/../ecrobot/libecrobot.a(uart.oram) (byte_fifo_put)
/home/robo/nxtOSEK/nxtOSEK/ecrobot/../ecrobot/libecrobot.a(aic.oram)
                              /home/robo/nxtOSEK/nxtOSEK/ecrobot/../ecrobot/libecrobot.a(uart.oram) (aic_set_vector)
/home/robo/nxtOSEK/nxtOSEK/ecrobot/../ecrobot/libecrobot.a(udp.oram)
                              build/config/at91sam7s-gnu/irq.oram (udp_isr_C)
/home/robo/nxtOSEK/nxtOSEK/ecrobot/../ecrobot/libecrobot.a(twi.oram)
                              build/config/at91sam7s-gnu/irq.oram (twi_isr_C)
/home/robo/nxtOSEK/nxtOSEK/ecrobot/../ecrobot/libecrobot.a(nxt_spi.oram)
                              build/config/at91sam7s-gnu/irq.oram (spi_isr_C)
/home/robo/nxtOSEK/nxtOSEK/ecrobot/../ecrobot/libecrobot.a(nxt_motors.oram)
                              build/src/main.o (nxt_motor_get_count)
/home/robo/nxtOSEK/nxtOSEK/ecrobot/../ecrobot/libecrobot.a(data_abort.oram)
                              build/ecrobot_init.o (data_abort_C)
/home/robo/nxtOSEK/nxtOSEK/ecrobot/../ecrobot/libecrobot.a(display.oram)
                              build/ecrobot_base.o (display_update)
/home/robo/nxtOSEK/nxtOSEK/ecrobot/../ecrobot/libecrobot.a(i2c.oram)
                              build/config/at91sam7s-gnu/irq.oram (i2c_timer_isr_C)
/home/robo/nxtOSEK/nxtOSEK/ecrobot/../ecrobot/libecrobot.a(sound.oram)
                              /home/robo/nxtOSEK/nxtOSEK/ecrobot/../ecrobot/libecrobot.a(ecrobot_interface.o) (sound_get_time)
/home/robo/nxtOSEK/nxtOSEK/ecrobot/../ecrobot/libecrobot.a(bt.oram)
                              build/ecrobot_bluetooth.o (bt_send)
/home/robo/nxtOSEK/nxtOSEK/ecrobot/../ecrobot/libecrobot.a(nxt_avr.oram)
                              build/ecrobot_base.o (nxt_avr_power_down)
/home/robo/nxtOSEK/nxtOSEK/ecrobot/../ecrobot/libecrobot.a(sensors.oram)
                              /home/robo/nxtOSEK/nxtOSEK/ecrobot/../ecrobot/libecrobot.a(ecrobot_interface.o) (unset_digi0)
/home/robo/nxtOSEK/nxtOSEK/ecrobot/../ecrobot/libecrobot.a(sensors1.oram)
                              /home/robo/nxtOSEK/nxtOSEK/ecrobot/../ecrobot/libecrobot.a(colorsensor.o) (sensor_pins)
/home/robo/nxtOSEK/nxtOSEK/ecrobot/../ecrobot/libecrobot.a(nxt_lcd.oram)
                              /home/robo/nxtOSEK/nxtOSEK/ecrobot/../ecrobot/libecrobot.a(display.oram) (nxt_lcd_force_update)
/home/robo/nxtOSEK/nxtOSEK/ecrobot/../ecrobot/libecrobot.a(flash_loader.oram)
                              build/ecrobot_base.o (set_flash_request)
/home/robo/nxtOSEK/nxtOSEK/ecrobot/../ecrobot/libecrobot.a(interrupts.oram)
                              /home/robo/nxtOSEK/nxtOSEK/ecrobot/../ecrobot/libecrobot.a(uart.oram) (interrupts_get_and_disable)
/home/robo/nxtOSEK/nxtOSEK/ecrobot/../ecrobot/libecrobot.a(nxtosek_splash.obmp)
                              build/ecrobot_base.o (nxtosek_splash_bmp_start)
/home/robo/nxtOSEK/nxtOSEK/ecrobot/../ecrobot/libecrobot.a(ecrobot_usb.o)
                              /home/robo/nxtOSEK/nxtOSEK/ecrobot/../ecrobot/libecrobot.a(flash_loader.oram) (ecrobot_init_usb)
/home/robo/nxtOSEK/nxtOSEK/ecrobot/../ecrobot/libecrobot.a(flashprog.oram)
                              /home/robo/nxtOSEK/nxtOSEK/ecrobot/../ecrobot/libecrobot.a(flash_loader.oram) (flash_write_page)
/home/robo/nxtOSEK/gnuarm/lib/gcc/arm-elf/4.4.7/thumb/interwork/libgcc.a(_udivsi3.o)
                              build/ecrobot_base.o (__udivsi3)
/home/robo/nxtOSEK/gnuarm/lib/gcc/arm-elf/4.4.7/thumb/interwork/libgcc.a(_divsi3.o)
                              build/src/main.o (__divsi3)
/home/robo/nxtOSEK/gnuarm/lib/gcc/arm-elf/4.4.7/thumb/interwork/libgcc.a(_umodsi3.o)
                              /home/robo/nxtOSEK/nxtOSEK/ecrobot/../ecrobot/libecrobot.a(display.oram) (__umodsi3)
/home/robo/nxtOSEK/gnuarm/lib/gcc/arm-elf/4.4.7/thumb/interwork/libgcc.a(_modsi3.o)
                              /home/robo/nxtOSEK/nxtOSEK/ecrobot/../ecrobot/libecrobot.a(sound.oram) (__modsi3)
[...]
Memory Configuration

Name             Origin             Length             Attributes
vector_ram       0x00200000         0x00000040
ram              0x00200040         0x0000ffc0
*default*        0x00000000         0xffffffff

Linker script and memory map

LOAD build/kernel/alarm.o
LOAD build/kernel/event.o
LOAD build/kernel/interrupt.o
LOAD build/kernel/osctl.o
LOAD build/kernel/resource.o
LOAD build/kernel/task.o
LOAD build/kernel/task_manage.o
LOAD build/config/at91sam7s-gnu/cpu_config.o
LOAD build/config/at91sam7s-gnu/lego_nxt/sys_config.o
LOAD build/./kernel_cfg.o
LOAD build/syscalls.o
LOAD build/ecrobot_bluetooth.o
LOAD build/ecrobot_base.o
LOAD build/ecrobot.o
LOAD build/src/main.o
LOAD build/syslib/at91sam7s-gnu/lego_nxt/hw_sys_timer.oram
LOAD build/nxtvm/platform/nxt/vectors.o
LOAD build/config/at91sam7s-gnu/debug.o
LOAD build/config/at91sam7s-gnu/lego_nxt/sys_support.o
LOAD build/nxt_binary_header.o
LOAD build/nxt_entry_point.o
LOAD build/ecrobot_init.o
LOAD build/config/at91sam7s-gnu/cpu_support.oram
LOAD build/config/at91sam7s-gnu/irq.oram
LOAD /home/robo/nxtOSEK/nxtOSEK/ecrobot/../c++/liblejososek.a
LOAD /home/robo/nxtOSEK/nxtOSEK/ecrobot/../ecrobot/libecrobot.a
LOAD /home/robo/nxtOSEK/gnuarm/lib/gcc/arm-elf/4.4.7/../../../../arm-elf/lib/thumb/interwork/libstdc++.a
LOAD /home/robo/nxtOSEK/gnuarm/lib/gcc/arm-elf/4.4.7/../../../../arm-elf/lib/thumb/interwork/libm.a
START GROUP
LOAD /home/robo/nxtOSEK/gnuarm/lib/gcc/arm-elf/4.4.7/thumb/interwork/libgcc.a
LOAD /home/robo/nxtOSEK/gnuarm/lib/gcc/arm-elf/4.4.7/../../../../arm-elf/lib/thumb/interwork/libc.a
END GROUP
                0x00200000                RAM_BASE = 0x200000
                0x00010000                RAM_SIZE = 0x10000

.samba_reserved
                0x00200040     0x1fc0
                0x00202000                . = 0x1fc0
 *fill*         0x00200040     0x1fc0 00
                0x00200040                __samba_ram_start__ = ADDR (.samba_reserved)
                0x00202000                __samba_ram_end__ = (__samba_ram_start__ + SIZEOF (.samba_reserved))

.vectors        0x00200000       0x40 load address 0x00202000
 vectors.o(*.text *.text.*)
 .text          0x00200000       0x38 build/nxtvm/platform/nxt/vectors.o
                0x00200040                . = ALIGN (0x10)
 *fill*         0x00200038        0x8 00
                0x00200000                __vectors_ram_start__ = ADDR (.vectors)
                0x00200040                __vectors_ram_end__ = (ADDR (.vectors) + SIZEOF (.vectors))
                0x00202000                __vectors_load_start__ = LOADADDR (.vectors)
                0x00202040                __vectors_load_end__ = (LOADADDR (.vectors) + SIZEOF (.vectors))

.init           0x00202040      0x280
 *ecrobot_init.o(*.text *.text.*)
 .text          0x00202040      0x280 build/ecrobot_init.o
                0x00202040                start
                0x002021ac                undef_handler
                0x002021b0                swi_handler
                0x002021b4                prefetch_abort_handler
                0x002021b8                data_abort_handler
                0x002021d4                reserved_handler
                0x002022c0                . = ALIGN (0x10)

.ram_text       0x002022c0     0x32d0
                0x002022c0                . = ALIGN (0x10)
 *.oram(*.text *.text.* *.glue*)
 .text.systick_isr_C1
                0x002022c0       0x28 build/syslib/at91sam7s-gnu/lego_nxt/hw_sys_timer.oram
                0x002022c0                systick_isr_C1
 *fill*         0x002022e8        0x8 00
 .text          0x002022f0      0x230 build/config/at91sam7s-gnu/cpu_support.oram
                0x002022f0                dispatch
                0x00202330                activate_r
                0x00202360                exit_and_dispatch
                0x00202370                start_dispatch
                0x0020242c                _interrupt
                0x0020249c                int_return
                0x002024c8                disable_int
                0x002024d0                enable_int
                0x002024d8                nop
 .text          0x00202520      0x2c0 build/config/at91sam7s-gnu/irq.oram
                0x00202520                default_isr
                0x00202520                default_fiq
                0x00202520                spurious_isr
                0x00202524                systick_isr_entry
                0x0020256c                systick_low_priority_entry
                0x002025ac                udp_isr_entry
                0x002025ec                spi_isr_entry
                0x0020262c                twi_isr_entry
                0x0020266c                sound_isr_entry
                0x002026ac                uart_isr_entry_0
                0x002026ec                uart_isr_entry_1
                0x0020272c                nxt_motor_isr_entry
                0x0020276c                i2c_timer_isr_entry
 .text.uart_process_isr
                0x002027e0       0x88 /home/robo/nxtOSEK/nxtOSEK/ecrobot/../ecrobot/libecrobot.a(uart.oram)
 .text.uart_isr_C_0
                0x00202868        0xc /home/robo/nxtOSEK/nxtOSEK/ecrobot/../ecrobot/libecrobot.a(uart.oram)
                0x00202868                uart_isr_C_0
 .text.uart_isr_C_1
                0x00202874        0xc /home/robo/nxtOSEK/nxtOSEK/ecrobot/../ecrobot/libecrobot.a(uart.oram)
                0x00202874                uart_isr_C_1
 .text.systick_low_priority_C
                0x00202880       0x1c /home/robo/nxtOSEK/nxtOSEK/ecrobot/../ecrobot/libecrobot.a(systick.oram)
                0x00202880                systick_low_priority_C
 .text.systick_isr_C
                0x0020289c       0x24 /home/robo/nxtOSEK/nxtOSEK/ecrobot/../ecrobot/libecrobot.a(systick.oram)
                0x0020289c                systick_isr_C
 .text.systick_get_ms
                0x002028c0        0xc /home/robo/nxtOSEK/nxtOSEK/ecrobot/../ecrobot/libecrobot.a(systick.oram)
                0x002028c0                systick_get_ms
 .text.systick_wait_ms
                0x002028cc       0x1c /home/robo/nxtOSEK/nxtOSEK/ecrobot/../ecrobot/libecrobot.a(systick.oram)
                0x002028cc                systick_wait_ms
 .text.systick_wait_ns
                0x002028e8       0x1c /home/robo/nxtOSEK/nxtOSEK/ecrobot/../ecrobot/libecrobot.a(systick.oram)
                0x002028e8                systick_wait_ns
 .text.systick_init
                0x00202904       0x58 /home/robo/nxtOSEK/nxtOSEK/ecrobot/../ecrobot/libecrobot.a(systick.oram)
                0x00202904                systick_init
 .text.systick_suspend
                0x0020295c        0xc /home/robo/nxtOSEK/nxtOSEK/ecrobot/../ecrobot/libecrobot.a(systick.oram)
                0x0020295c                systick_suspend
 .text.systick_resume
                0x00202968        0xc /home/robo/nxtOSEK/nxtOSEK/ecrobot/../ecrobot/libecrobot.a(systick.oram)
                0x00202968                systick_resume
 .text.byte_fifo_put
                0x00202974       0x58 /home/robo/nxtOSEK/nxtOSEK/ecrobot/../ecrobot/libecrobot.a(byte_fifo.oram)
                0x00202974                byte_fifo_put
 .text.byte_fifo_get
                0x002029cc       0x2c /home/robo/nxtOSEK/nxtOSEK/ecrobot/../ecrobot/libecrobot.a(byte_fifo.oram)
                0x002029cc                byte_fifo_get
 .text.aic_initialise
                0x002029f8       0x5c /home/robo/nxtOSEK/nxtOSEK/ecrobot/../ecrobot/libecrobot.a(aic.oram)
                0x002029f8                aic_initialise
 .text.aic_set_vector
                0x00202a54       0x30 /home/robo/nxtOSEK/nxtOSEK/ecrobot/../ecrobot/libecrobot.a(aic.oram)
                0x00202a54                aic_set_vector
 .text.aic_mask_on
                0x00202a84       0x24 /home/robo/nxtOSEK/nxtOSEK/ecrobot/../ecrobot/libecrobot.a(aic.oram)
                0x00202a84                aic_mask_on
 .text.aic_mask_off
                0x00202aa8       0x24 /home/robo/nxtOSEK/nxtOSEK/ecrobot/../ecrobot/libecrobot.a(aic.oram)
                0x00202aa8                aic_mask_off
 .text.aic_clear
                0x00202acc       0x24 /home/robo/nxtOSEK/nxtOSEK/ecrobot/../ecrobot/libecrobot.a(aic.oram)
                0x00202acc                aic_clear
 .text.reset    0x00202af0       0x4c /home/robo/nxtOSEK/nxtOSEK/ecrobot/../ecrobot/libecrobot.a(udp.oram)
 .text.udp_send_null
                0x00202b3c       0x2c /home/robo/nxtOSEK/nxtOSEK/ecrobot/../ecrobot/libecrobot.a(udp.oram)
 .text.udp_send_stall
                0x00202b68       0x2c /home/robo/nxtOSEK/nxtOSEK/ecrobot/../ecrobot/libecrobot.a(udp.oram)
 .text.udp_send_control
                0x00202b94       0x60 /home/robo/nxtOSEK/nxtOSEK/ecrobot/../ecrobot/libecrobot.a(udp.oram)
 .text.udp_isr_C
                0x00202bf4      0x7d0 /home/robo/nxtOSEK/nxtOSEK/ecrobot/../ecrobot/libecrobot.a(udp.oram)
                0x00202bf4                udp_isr_C
 .text.twi_status
                0x002033c4       0x20 /home/robo/nxtOSEK/nxtOSEK/ecrobot/../ecrobot/libecrobot.a(twi.oram)
                0x002033c4                twi_status
 .text.twi_isr_C
                0x002033e4       0xc4 /home/robo/nxtOSEK/nxtOSEK/ecrobot/../ecrobot/libecrobot.a(twi.oram)
                0x002033e4                twi_isr_C
 .text.twi_reset
                0x002034a8       0xb4 /home/robo/nxtOSEK/nxtOSEK/ecrobot/../ecrobot/libecrobot.a(twi.oram)
                0x002034a8                twi_reset
 .text.twi_init
                0x0020355c       0x4c /home/robo/nxtOSEK/nxtOSEK/ecrobot/../ecrobot/libecrobot.a(twi.oram)
                0x0020355c                twi_init
 .text.twi_start_read
                0x002035a8       0x60 /home/robo/nxtOSEK/nxtOSEK/ecrobot/../ecrobot/libecrobot.a(twi.oram)
                0x002035a8                twi_start_read
 .text.twi_start_write
                0x00203608       0x64 /home/robo/nxtOSEK/nxtOSEK/ecrobot/../ecrobot/libecrobot.a(twi.oram)
                0x00203608                twi_start_write
 .text.spi_set_mode
                0x0020366c       0x40 /home/robo/nxtOSEK/nxtOSEK/ecrobot/../ecrobot/libecrobot.a(nxt_spi.oram)
 .text.spi_isr_C
                0x002036ac       0x8c /home/robo/nxtOSEK/nxtOSEK/ecrobot/../ecrobot/libecrobot.a(nxt_spi.oram)
                0x002036ac                spi_isr_C
 .text.nxt_spi_init
                0x00203738      0x12c /home/robo/nxtOSEK/nxtOSEK/ecrobot/../ecrobot/libecrobot.a(nxt_spi.oram)
                0x00203738                nxt_spi_init
 .text.nxt_spi_write
                0x00203864       0x44 /home/robo/nxtOSEK/nxtOSEK/ecrobot/../ecrobot/libecrobot.a(nxt_spi.oram)
                0x00203864                nxt_spi_write
 .text.nxt_spi_set_display
                0x002038a8       0x10 /home/robo/nxtOSEK/nxtOSEK/ecrobot/../ecrobot/libecrobot.a(nxt_spi.oram)
                0x002038a8                nxt_spi_set_display
 .text.nxt_spi_refresh
                0x002038b8       0x24 /home/robo/nxtOSEK/nxtOSEK/ecrobot/../ecrobot/libecrobot.a(nxt_spi.oram)
                0x002038b8                nxt_spi_refresh
 .text.nxt_motor_get_count
                0x002038dc       0x14 /home/robo/nxtOSEK/nxtOSEK/ecrobot/../ecrobot/libecrobot.a(nxt_motors.oram)
                0x002038dc                nxt_motor_get_count
 .text.nxt_motor_set_count
                0x002038f0       0x10 /home/robo/nxtOSEK/nxtOSEK/ecrobot/../ecrobot/libecrobot.a(nxt_motors.oram)
                0x002038f0                nxt_motor_set_count
 .text.nxt_motor_set_speed
                0x00203900       0x34 /home/robo/nxtOSEK/nxtOSEK/ecrobot/../ecrobot/libecrobot.a(nxt_motors.oram)
                0x00203900                nxt_motor_set_speed
 .text.nxt_motor_1kHz_process
                0x00203934       0x28 /home/robo/nxtOSEK/nxtOSEK/ecrobot/../ecrobot/libecrobot.a(nxt_motors.oram)
                0x00203934                nxt_motor_1kHz_process
 .text.nxt_motor_quad_decode
                0x0020395c       0x30 /home/robo/nxtOSEK/nxtOSEK/ecrobot/../ecrobot/libecrobot.a(nxt_motors.oram)
                0x0020395c                nxt_motor_quad_decode
 .text.nxt_motor_isr_C
                0x0020398c       0x88 /home/robo/nxtOSEK/nxtOSEK/ecrobot/../ecrobot/libecrobot.a(nxt_motors.oram)
                0x0020398c                nxt_motor_isr_C
 .text.nxt_motor_init
                0x00203a14       0x68 /home/robo/nxtOSEK/nxtOSEK/ecrobot/../ecrobot/libecrobot.a(nxt_motors.oram)
                0x00203a14                nxt_motor_init
 .text.data_abort_C
                0x00203a7c       0x7c /home/robo/nxtOSEK/nxtOSEK/ecrobot/../ecrobot/libecrobot.a(data_abort.oram)
                0x00203a7c                data_abort_C
 .text.display_update
                0x00203af8       0x14 /home/robo/nxtOSEK/nxtOSEK/ecrobot/../ecrobot/libecrobot.a(display.oram)
                0x00203af8                display_update
 .text.display_force_update
                0x00203b0c        0xc /home/robo/nxtOSEK/nxtOSEK/ecrobot/../ecrobot/libecrobot.a(display.oram)
                0x00203b0c                display_force_update
 .text.display_clear
                0x00203b18       0x24 /home/robo/nxtOSEK/nxtOSEK/ecrobot/../ecrobot/libecrobot.a(display.oram)
                0x00203b18                display_clear
 .text.display_goto_xy
                0x00203b3c       0x14 /home/robo/nxtOSEK/nxtOSEK/ecrobot/../ecrobot/libecrobot.a(display.oram)
                0x00203b3c                display_goto_xy
 .text.display_char
                0x00203b50       0x60 /home/robo/nxtOSEK/nxtOSEK/ecrobot/../ecrobot/libecrobot.a(display.oram)
                0x00203b50                display_char
 .text.display_string
                0x00203bb0       0x3c /home/robo/nxtOSEK/nxtOSEK/ecrobot/../ecrobot/libecrobot.a(display.oram)
                0x00203bb0                display_string
 .text.display_hex
                0x00203bec       0x50 /home/robo/nxtOSEK/nxtOSEK/ecrobot/../ecrobot/libecrobot.a(display.oram)
                0x00203bec                display_hex
 .text.display_unsigned_worker
                0x00203c3c       0x70 /home/robo/nxtOSEK/nxtOSEK/ecrobot/../ecrobot/libecrobot.a(display.oram)
 .text.display_unsigned
                0x00203cac        0xc /home/robo/nxtOSEK/nxtOSEK/ecrobot/../ecrobot/libecrobot.a(display.oram)
                0x00203cac                display_unsigned
 .text.display_int
                0x00203cb8       0x14 /home/robo/nxtOSEK/nxtOSEK/ecrobot/../ecrobot/libecrobot.a(display.oram)
                0x00203cb8                display_int
 .text.display_bitmap_copy
                0x00203ccc       0x5c /home/robo/nxtOSEK/nxtOSEK/ecrobot/../ecrobot/libecrobot.a(display.oram)
                0x00203ccc                display_bitmap_copy
 .text.display_init
                0x00203d28       0x50 /home/robo/nxtOSEK/nxtOSEK/ecrobot/../ecrobot/libecrobot.a(display.oram)
                0x00203d28                display_init
 .text.i2c_timer_isr_C
                0x00203d78      0x314 /home/robo/nxtOSEK/nxtOSEK/ecrobot/../ecrobot/libecrobot.a(i2c.oram)
                0x00203d78                i2c_timer_isr_C
 .text.i2c_disable
                0x0020408c       0x20 /home/robo/nxtOSEK/nxtOSEK/ecrobot/../ecrobot/libecrobot.a(i2c.oram)
                0x0020408c                i2c_disable
 .text.i2c_init
                0x002040ac       0xa4 /home/robo/nxtOSEK/nxtOSEK/ecrobot/../ecrobot/libecrobot.a(i2c.oram)
                0x002040ac                i2c_init
 .text.set_vol  0x00204150       0xa4 /home/robo/nxtOSEK/nxtOSEK/ecrobot/../ecrobot/libecrobot.a(sound.oram)
 .text.sound_fill_sample_buffer
                0x002041f4       0xe4 /home/robo/nxtOSEK/nxtOSEK/ecrobot/../ecrobot/libecrobot.a(sound.oram)
                0x002041f4                sound_fill_sample_buffer
 .text.sound_freq_vol
                0x002042d8      0x1ec /home/robo/nxtOSEK/nxtOSEK/ecrobot/../ecrobot/libecrobot.a(sound.oram)
                0x002042d8                sound_freq_vol
 .text.sound_init
                0x002044c4       0xa0 /home/robo/nxtOSEK/nxtOSEK/ecrobot/../ecrobot/libecrobot.a(sound.oram)
                0x002044c4                sound_init
 .text.sound_isr_C
                0x00204564      0x180 /home/robo/nxtOSEK/nxtOSEK/ecrobot/../ecrobot/libecrobot.a(sound.oram)
                0x00204564                sound_isr_C
 .text.bt_init  0x002046e4      0x1c0 /home/robo/nxtOSEK/nxtOSEK/ecrobot/../ecrobot/libecrobot.a(bt.oram)
                0x002046e4                bt_init
 .text.nxt_avr_power_down
                0x002048a4       0x10 /home/robo/nxtOSEK/nxtOSEK/ecrobot/../ecrobot/libecrobot.a(nxt_avr.oram)
                0x002048a4                nxt_avr_power_down
 .text.nxt_avr_link_init
                0x002048b4       0x20 /home/robo/nxtOSEK/nxtOSEK/ecrobot/../ecrobot/libecrobot.a(nxt_avr.oram)
                0x002048b4                nxt_avr_link_init
 .text.nxt_avr_init
                0x002048d4       0x6c /home/robo/nxtOSEK/nxtOSEK/ecrobot/../ecrobot/libecrobot.a(nxt_avr.oram)
                0x002048d4                nxt_avr_init
 .text.nxt_avr_1kHz_update
                0x00204940      0x1cc /home/robo/nxtOSEK/nxtOSEK/ecrobot/../ecrobot/libecrobot.a(nxt_avr.oram)
                0x00204940                nxt_avr_1kHz_update
 .text.buttons_get
                0x00204b0c        0xc /home/robo/nxtOSEK/nxtOSEK/ecrobot/../ecrobot/libecrobot.a(nxt_avr.oram)
                0x00204b0c                buttons_get
 .text.battery_voltage
                0x00204b18       0x28 /home/robo/nxtOSEK/nxtOSEK/ecrobot/../ecrobot/libecrobot.a(nxt_avr.oram)
                0x00204b18                battery_voltage
 .text.sensor_adc
                0x00204b40       0x20 /home/robo/nxtOSEK/nxtOSEK/ecrobot/../ecrobot/libecrobot.a(nxt_avr.oram)
                0x00204b40                sensor_adc
 .text.nxt_avr_set_motor
                0x00204b60       0x34 /home/robo/nxtOSEK/nxtOSEK/ecrobot/../ecrobot/libecrobot.a(nxt_avr.oram)
                0x00204b60                nxt_avr_set_motor
 .text.nxt_avr_set_input_power
                0x00204b94       0x3c /home/robo/nxtOSEK/nxtOSEK/ecrobot/../ecrobot/libecrobot.a(nxt_avr.oram)
                0x00204b94                nxt_avr_set_input_power
 .text.unset_digi0
                0x00204bd0       0x44 /home/robo/nxtOSEK/nxtOSEK/ecrobot/../ecrobot/libecrobot.a(sensors.oram)
                0x00204bd0                unset_digi0
 .text.unset_digi1
                0x00204c14       0x44 /home/robo/nxtOSEK/nxtOSEK/ecrobot/../ecrobot/libecrobot.a(sensors.oram)
                0x00204c14                unset_digi1
 .text.init_sensors
                0x00204c58       0x4c /home/robo/nxtOSEK/nxtOSEK/ecrobot/../ecrobot/libecrobot.a(sensors.oram)
                0x00204c58                init_sensors
 .text.set_digi0
                0x00204ca4       0x44 /home/robo/nxtOSEK/nxtOSEK/ecrobot/../ecrobot/libecrobot.a(sensors.oram)
                0x00204ca4                set_digi0
 .text.nxt_lcd_command
                0x00204ce8       0x18 /home/robo/nxtOSEK/nxtOSEK/ecrobot/../ecrobot/libecrobot.a(nxt_lcd.oram)
                0x00204ce8                nxt_lcd_command
 .text.nxt_lcd_set_col
                0x00204d00       0x24 /home/robo/nxtOSEK/nxtOSEK/ecrobot/../ecrobot/libecrobot.a(nxt_lcd.oram)
                0x00204d00                nxt_lcd_set_col
 .text.nxt_lcd_set_multiplex_rate
                0x00204d24       0x18 /home/robo/nxtOSEK/nxtOSEK/ecrobot/../ecrobot/libecrobot.a(nxt_lcd.oram)
                0x00204d24                nxt_lcd_set_multiplex_rate
 .text.nxt_lcd_set_page_address
                0x00204d3c       0x18 /home/robo/nxtOSEK/nxtOSEK/ecrobot/../ecrobot/libecrobot.a(nxt_lcd.oram)
                0x00204d3c                nxt_lcd_set_page_address
 .text.nxt_lcd_set_pot
                0x00204d54       0x1c /home/robo/nxtOSEK/nxtOSEK/ecrobot/../ecrobot/libecrobot.a(nxt_lcd.oram)
                0x00204d54                nxt_lcd_set_pot
 .text.nxt_lcd_set_ram_address_control
                0x00204d70       0x18 /home/robo/nxtOSEK/nxtOSEK/ecrobot/../ecrobot/libecrobot.a(nxt_lcd.oram)
                0x00204d70                nxt_lcd_set_ram_address_control
 .text.nxt_lcd_enable
                0x00204d88       0x14 /home/robo/nxtOSEK/nxtOSEK/ecrobot/../ecrobot/libecrobot.a(nxt_lcd.oram)
                0x00204d88                nxt_lcd_enable
 .text.nxt_lcd_set_map_control
                0x00204d9c       0x18 /home/robo/nxtOSEK/nxtOSEK/ecrobot/../ecrobot/libecrobot.a(nxt_lcd.oram)
                0x00204d9c                nxt_lcd_set_map_control
 .text.nxt_lcd_reset
                0x00204db4        0xc /home/robo/nxtOSEK/nxtOSEK/ecrobot/../ecrobot/libecrobot.a(nxt_lcd.oram)
                0x00204db4                nxt_lcd_reset
 .text.nxt_lcd_set_bias_ratio
                0x00204dc0       0x18 /home/robo/nxtOSEK/nxtOSEK/ecrobot/../ecrobot/libecrobot.a(nxt_lcd.oram)
                0x00204dc0                nxt_lcd_set_bias_ratio
 .text.nxt_lcd_force_update
                0x00204dd8       0x30 /home/robo/nxtOSEK/nxtOSEK/ecrobot/../ecrobot/libecrobot.a(nxt_lcd.oram)
                0x00204dd8                nxt_lcd_force_update
 .text.nxt_lcd_update
                0x00204e08        0xc /home/robo/nxtOSEK/nxtOSEK/ecrobot/../ecrobot/libecrobot.a(nxt_lcd.oram)
                0x00204e08                nxt_lcd_update
 .text.nxt_lcd_power_up
                0x00204e14       0x48 /home/robo/nxtOSEK/nxtOSEK/ecrobot/../ecrobot/libecrobot.a(nxt_lcd.oram)
                0x00204e14                nxt_lcd_power_up
 .text.nxt_lcd_power_down
                0x00204e5c        0xc /home/robo/nxtOSEK/nxtOSEK/ecrobot/../ecrobot/libecrobot.a(nxt_lcd.oram)
                0x00204e5c                nxt_lcd_power_down
 .text.nxt_lcd_init
                0x00204e68       0x18 /home/robo/nxtOSEK/nxtOSEK/ecrobot/../ecrobot/libecrobot.a(nxt_lcd.oram)
                0x00204e68                nxt_lcd_init
 .text.verify_flash_page
                0x00204e80       0x34 /home/robo/nxtOSEK/nxtOSEK/ecrobot/../ecrobot/libecrobot.a(flash_loader.oram)
 .text.set_flash_request
                0x00204eb4       0x38 /home/robo/nxtOSEK/nxtOSEK/ecrobot/../ecrobot/libecrobot.a(flash_loader.oram)
                0x00204eb4                set_flash_request
 .text.nxt_device_init
                0x00204eec       0x38 /home/robo/nxtOSEK/nxtOSEK/ecrobot/../ecrobot/libecrobot.a(flash_loader.oram)
                0x00204eec                nxt_device_init
 .text          0x00204f24       0x68 /home/robo/nxtOSEK/nxtOSEK/ecrobot/../ecrobot/libecrobot.a(interrupts.oram)
                0x00204f24                interrupts_get_and_disable
                0x00204f48                interrupts_enable
                0x00204f58                fiq_get_and_disable
                0x00204f7c                fiq_enable
 .text.flash_write_page
                0x00204f8c       0xc0 /home/robo/nxtOSEK/nxtOSEK/ecrobot/../ecrobot/libecrobot.a(flashprog.oram)
                0x00204f8c                flash_write_page
                0x00205050                . = ALIGN (0x10)
 *fill*         0x0020504c        0x4 00
 *.oram(*.rodata *.rodata.*)
 .rodata.ld     0x00205050        0x4 /home/robo/nxtOSEK/nxtOSEK/ecrobot/../ecrobot/libecrobot.a(udp.oram)
 .rodata.cfd    0x00205054       0x20 /home/robo/nxtOSEK/nxtOSEK/ecrobot/../ecrobot/libecrobot.a(udp.oram)
 .rodata.dd     0x00205074       0x12 /home/robo/nxtOSEK/nxtOSEK/ecrobot/../ecrobot/libecrobot.a(udp.oram)
 *fill*         0x00205086        0x2 00
 .rodata.str1.4
                0x00205088       0x22 /home/robo/nxtOSEK/nxtOSEK/ecrobot/../ecrobot/libecrobot.a(data_abort.oram)
                                 0x24 (size before relaxing)
 .rodata.font   0x002050aa      0x280 /home/robo/nxtOSEK/nxtOSEK/ecrobot/../ecrobot/libecrobot.a(display.oram)
 *fill*         0x0020532a        0x2 00
 .rodata.str1.4
                0x0020532c       0x76 /home/robo/nxtOSEK/nxtOSEK/ecrobot/../ecrobot/libecrobot.a(display.oram)
                                 0x78 (size before relaxing)
 *fill*         0x002053a2        0x2 00
 .rodata.i2c_pin
                0x002053a4       0x20 /home/robo/nxtOSEK/nxtOSEK/ecrobot/../ecrobot/libecrobot.a(i2c.oram)
 .rodata.i2c_timer_isr_C
                0x002053c4       0x38 /home/robo/nxtOSEK/nxtOSEK/ecrobot/../ecrobot/libecrobot.a(i2c.oram)
 .rodata.logvol
                0x002053fc        0xc /home/robo/nxtOSEK/nxtOSEK/ecrobot/../ecrobot/libecrobot.a(sound.oram)
                0x002053fc                logvol
 .rodata.silence
                0x00205408       0x40 /home/robo/nxtOSEK/nxtOSEK/ecrobot/../ecrobot/libecrobot.a(sound.oram)
                0x00205408                silence
 .rodata.sine   0x00205448       0x10 /home/robo/nxtOSEK/nxtOSEK/ecrobot/../ecrobot/libecrobot.a(sound.oram)
                0x00205448                sine
 .rodata.sample_pattern
                0x00205458       0x84 /home/robo/nxtOSEK/nxtOSEK/ecrobot/../ecrobot/libecrobot.a(sound.oram)
                0x00205458                sample_pattern
 .rodata        0x002054dc        0xc /home/robo/nxtOSEK/nxtOSEK/ecrobot/../ecrobot/libecrobot.a(sound.oram)
 .rodata.avr_brainwash_string
                0x002054e8       0x30 /home/robo/nxtOSEK/nxtOSEK/ecrobot/../ecrobot/libecrobot.a(nxt_avr.oram)
                0x002054e8                avr_brainwash_string
 .rodata.nxt_avr_1kHz_update
                0x00205518       0x14 /home/robo/nxtOSEK/nxtOSEK/ecrobot/../ecrobot/libecrobot.a(nxt_avr.oram)
 .rodata.C.33.1823
                0x0020552c       0x10 /home/robo/nxtOSEK/nxtOSEK/ecrobot/../ecrobot/libecrobot.a(sensors.oram)
 .rodata.C.37.1857
                0x0020553c       0x10 /home/robo/nxtOSEK/nxtOSEK/ecrobot/../ecrobot/libecrobot.a(sensors.oram)
 .rodata.C.31.1806
                0x0020554c       0x10 /home/robo/nxtOSEK/nxtOSEK/ecrobot/../ecrobot/libecrobot.a(sensors.oram)
 .rodata.str1.4
                0x0020555c       0x24 /home/robo/nxtOSEK/nxtOSEK/ecrobot/../ecrobot/libecrobot.a(flash_loader.oram)
 .rodata.str1.4.stub
                0x00205580       0x10 linker stubs
                0x00205590                . = ALIGN (0x10)
                0x002022c0                __ramtext_ram_start__ = ADDR (.ram_text)
                0x00205590                __ramtext_ram_end__ = (ADDR (.ram_text) + SIZEOF (.ram_text))
                0x002022c0                __ramtext_load_start__ = LOADADDR (.ram_text)
                0x00205590                __ramtext_load_end__ = (__ramtext_load_start__ + SIZEOF (.ram_text))

.wav_data       0x00205590        0x0
 *.owav(*.data *.data.*)
                0x00205590                . = ALIGN (0x10)

.bmp_data       0x00205590      0x440
 *.obmp(*.data *.data.*)
 .data          0x00205590      0x43e /home/robo/nxtOSEK/nxtOSEK/ecrobot/../ecrobot/libecrobot.a(nxtosek_splash.obmp)
                0x00205590                nxtosek_splash_bmp_start
                0x002059ce                nxtosek_splash_bmp_end
                0x002059d0                . = ALIGN (0x10)
 *fill*         0x002059ce        0x2 00

.spr_data       0x002059d0        0x0
 *.ospr(*.data *.data.*)
                0x002059d0                . = ALIGN (0x10)

.data           0x002059d0       0x70
 *(*.data *.data.*)
 .data.bt_status
                0x002059d0        0x1 build/ecrobot_bluetooth.o
 *fill*         0x002059d1        0x3 00
 .data.distance_state
                0x002059d4       0x10 /home/robo/nxtOSEK/nxtOSEK/ecrobot/../ecrobot/libecrobot.a(ecrobot_interface.o)
 .data.deviceStatus
                0x002059e4        0x1 /home/robo/nxtOSEK/nxtOSEK/ecrobot/../ecrobot/libecrobot.a(ecrobot_interface.o)
 .data.named    0x002059e5       0x22 /home/robo/nxtOSEK/nxtOSEK/ecrobot/../ecrobot/libecrobot.a(udp.oram)
 .data.snd      0x00205a07       0x1a /home/robo/nxtOSEK/nxtOSEK/ecrobot/../ecrobot/libecrobot.a(udp.oram)
 *fill*         0x00205a21        0x3 00
 .data.configured
                0x00205a24        0x4 /home/robo/nxtOSEK/nxtOSEK/ecrobot/../ecrobot/libecrobot.a(udp.oram)
 .data.mode     0x00205a28        0x1 /home/robo/nxtOSEK/nxtOSEK/ecrobot/../ecrobot/libecrobot.a(nxt_spi.oram)
                0x00205a28                mode
 *fill*         0x00205a29        0x3 00
 .bss.data      0x00205a2c        0x4 /home/robo/nxtOSEK/nxtOSEK/ecrobot/../ecrobot/libecrobot.a(nxt_spi.oram)
                0x00205a2c                data
 .data.display_auto_update
                0x00205a30        0x4 /home/robo/nxtOSEK/nxtOSEK/ecrobot/../ecrobot/libecrobot.a(display.oram)
                0x00205a30                display_auto_update
 .data.display_buffer
                0x00205a34        0x4 /home/robo/nxtOSEK/nxtOSEK/ecrobot/../ecrobot/libecrobot.a(display.oram)
                0x00205a40                . = ALIGN (0x10)
 *fill*         0x00205a38        0x8 00
                0x002059d0                __data_ram_start__ = ADDR (.data)
                0x00205a40                __data_ram_end__ = (ADDR (.data) + SIZEOF (.data))
                0x002059d0                __data_load_start__ = LOADADDR (.data)
                0x00205a40                __data_load_end__ = (__data_load_start__ + SIZEOF (.data))

.text           0x00205a40     0x1ca0
                0x00205a40                . = ALIGN (0x10)
 *(*.text *.text.* *.glue*)
 .glue_7        0x00205a40       0x18 linker stubs
                0x00205a40                __call_posttaskhook_from_arm
                0x00205a4c                __call_pretaskhook_from_arm
 .glue_7t       0x00000000        0x0 linker stubs
 .text.StartOS  0x00205a58       0x58 build/kernel/osctl.o
                0x00205a58                StartOS
 .text.call_pretaskhook
                0x00205ab0       0x24 build/kernel/osctl.o
                0x00205ab0                call_pretaskhook
 .text.call_posttaskhook
                0x00205ad4       0x24 build/kernel/osctl.o
                0x00205ad4                call_posttaskhook
 .text.make_runnable
                0x00205af8       0xa4 build/kernel/task.o
                0x00205af8                make_runnable
 .text.make_active
                0x00205b9c       0x78 build/kernel/task.o
                0x00205b9c                make_active
 .text.task_initialize
                0x00205c14       0x88 build/kernel/task.o
                0x00205c14                task_initialize
 .text.cpu_initialize
                0x00205c9c        0x4 build/config/at91sam7s-gnu/cpu_config.o
                0x00205c9c                cpu_initialize
 .text.sys_initialize
                0x00205ca0        0x4 build/config/at91sam7s-gnu/lego_nxt/sys_config.o
                0x00205ca0                sys_initialize
 .text.object_initialize
                0x00205ca4        0xc build/./kernel_cfg.o
                0x00205ca4                object_initialize
 .text.ecrobot_get_bt_status
                0x00205cb0        0xc build/ecrobot_bluetooth.o
                0x00205cb0                ecrobot_get_bt_status
 .text.init_OS_flag
                0x00205cbc        0xc build/ecrobot_base.o
                0x00205cbc                init_OS_flag
 .text.set_OS_flag
                0x00205cc8        0xc build/ecrobot_base.o
                0x00205cc8                set_OS_flag
 .text.get_OS_flag
                0x00205cd4        0xc build/ecrobot_base.o
                0x00205cd4                get_OS_flag
 .text.cpp_constructor
                0x00205ce0       0x28 build/ecrobot_base.o
                0x00205ce0                cpp_constructor
 .text.cpp_destructor
                0x00205d08       0x28 build/ecrobot_base.o
                0x00205d08                cpp_destructor
 .text.execution_mode
                0x00205d30       0x14 build/ecrobot_base.o
                0x00205d30                execution_mode
 .text.shutdown_NXT
                0x00205d44       0x2c build/ecrobot_base.o
                0x00205d44                shutdown_NXT
 .text.restart_NXT
                0x00205d70       0x2c build/ecrobot_base.o
                0x00205d70                restart_NXT
 .text.check_NXT_buttons
                0x00205d9c       0x38 build/ecrobot_base.o
                0x00205d9c                check_NXT_buttons
 .text.add_status_info
                0x00205dd4       0x68 build/ecrobot_base.o
                0x00205dd4                add_status_info
 .text.show_main_screen
                0x00205e3c       0x48 build/ecrobot_base.o
                0x00205e3c                show_main_screen
 .text.display_status_bar
                0x00205e84       0x5c build/ecrobot_base.o
                0x00205e84                display_status_bar
 .text.show_splash_screen
                0x00205ee0       0x98 build/ecrobot_base.o
                0x00205ee0                show_splash_screen
 .text.main     0x00205f78      0x108 build/ecrobot.o
                0x00205f78                main
 .text.user_1ms_isr_type2
                0x00206080        0x4 build/src/main.o
                0x00206080                user_1ms_isr_type2
 .text.ecrobot_device_initialize
                0x00206084        0x4 build/src/main.o
                0x00206084                ecrobot_device_initialize
 .text.ecrobot_device_terminate
                0x00206088        0x4 build/src/main.o
                0x00206088                ecrobot_device_terminate
 .text.hasNorth
                0x0020608c       0x30 build/src/main.o
                0x0020608c                hasNorth
 .text.hasSouth
                0x002060bc       0x30 build/src/main.o
                0x002060bc                hasSouth
 .text.hasWest  0x002060ec       0x30 build/src/main.o
                0x002060ec                hasWest
 .text.hasEast  0x0020611c       0x30 build/src/main.o
                0x0020611c                hasEast
 .text.stop     0x0020614c       0x1c build/src/main.o
                0x0020614c                stop
 .text.fahren   0x00206168       0x34 build/src/main.o
                0x00206168                fahren
 .text.lenken   0x0020619c       0x48 build/src/main.o
                0x0020619c                lenken
 .text.richtiglenken
                0x002061e4       0x58 build/src/main.o
                0x002061e4                richtiglenken
 .text.fahre_richtung
                0x0020623c       0x54 build/src/main.o
                0x0020623c                fahre_richtung
 .text.orientierung
                0x00206290       0x1c build/src/main.o
                0x00206290                orientierung
 .text.folgen   0x002062ac       0xfc build/src/main.o
                0x002062ac                folgen
 .text.Robot_Move
                0x002063a8       0xac build/src/main.o
                0x002063a8                Robot_Move
 .text.gehen    0x00206454       0xe8 build/src/main.o
                0x00206454                gehen
 .text.kalibrierung
                0x0020653c       0x44 build/src/main.o
                0x0020653c                kalibrierung
 .text.anzeige  0x00206580       0x8c build/src/main.o
                0x00206580                anzeige
 .text.kreuzungerkennen
                0x0020660c       0x7c build/src/main.o
                0x0020660c                kreuzungerkennen
 .text.Robot_GetIntersections
                0x00206688       0x6c build/src/main.o
                0x00206688                Robot_GetIntersections
 .text.rueckkehr
                0x002066f4      0x11c build/src/main.o
                0x002066f4                rueckkehr
 .text.suchen   0x00206810      0x4c4 build/src/main.o
                0x00206810                suchen
 .text.TaskMainOSEK_Main_Task
                0x00206cd4       0x54 build/src/main.o
                0x00206cd4                TaskMainOSEK_Main_Task
 .text.ecrobot_set_light_sensor_active
                0x00206d28       0x10 /home/robo/nxtOSEK/nxtOSEK/ecrobot/../ecrobot/libecrobot.a(ecrobot_interface.o)
                0x00206d28                ecrobot_set_light_sensor_active
 .text.ecrobot_get_light_sensor
                0x00206d38       0x14 /home/robo/nxtOSEK/nxtOSEK/ecrobot/../ecrobot/libecrobot.a(ecrobot_interface.o)
                0x00206d38                ecrobot_get_light_sensor
 .text.ecrobot_get_touch_sensor
                0x00206d4c       0x20 /home/robo/nxtOSEK/nxtOSEK/ecrobot/../ecrobot/libecrobot.a(ecrobot_interface.o)
                0x00206d4c                ecrobot_get_touch_sensor
 .text.getDistance
                0x00206d6c       0x20 /home/robo/nxtOSEK/nxtOSEK/ecrobot/../ecrobot/libecrobot.a(ecrobot_interface.o)
 .text.ecrobot_get_battery_voltage
                0x00206d8c        0xc /home/robo/nxtOSEK/nxtOSEK/ecrobot/../ecrobot/libecrobot.a(ecrobot_interface.o)
                0x00206d8c                ecrobot_get_battery_voltage
 .text.ecrobot_get_button_state
                0x00206d98        0xc /home/robo/nxtOSEK/nxtOSEK/ecrobot/../ecrobot/libecrobot.a(ecrobot_interface.o)
                0x00206d98                ecrobot_get_button_state
 .text.ecrobot_init_nxtstate
                0x00206da4       0x28 /home/robo/nxtOSEK/nxtOSEK/ecrobot/../ecrobot/libecrobot.a(ecrobot_interface.o)
                0x00206da4                ecrobot_init_nxtstate
 .text.ecrobot_poll_nxtstate
                0x00206dcc       0x64 /home/robo/nxtOSEK/nxtOSEK/ecrobot/../ecrobot/libecrobot.a(ecrobot_interface.o)
                0x00206dcc                ecrobot_poll_nxtstate
 .text.ecrobot_setDeviceInitialized
                0x00206e30       0x18 /home/robo/nxtOSEK/nxtOSEK/ecrobot/../ecrobot/libecrobot.a(ecrobot_interface.o)
                0x00206e30                ecrobot_setDeviceInitialized
 .text.ecrobot_initDeviceStatus
                0x00206e48        0xc /home/robo/nxtOSEK/nxtOSEK/ecrobot/../ecrobot/libecrobot.a(ecrobot_interface.o)
                0x00206e48                ecrobot_initDeviceStatus
 .text.ecrobot_bmp2lcd
                0x00206e54      0x1c8 /home/robo/nxtOSEK/nxtOSEK/ecrobot/../ecrobot/libecrobot.a(ecrobot_interface.o)
                0x00206e54                ecrobot_bmp2lcd
 .text.ecrobot_status_monitor
                0x0020701c      0x138 /home/robo/nxtOSEK/nxtOSEK/ecrobot/../ecrobot/libecrobot.a(ecrobot_interface.o)
                0x0020701c                ecrobot_status_monitor
 .text.ecrobot_sound_tone
                0x00207154        0xc /home/robo/nxtOSEK/nxtOSEK/ecrobot/../ecrobot/libecrobot.a(ecrobot_interface.o)
                0x00207154                ecrobot_sound_tone
 .text.StartupHook
                0x00207160        0x4 /home/robo/nxtOSEK/nxtOSEK/ecrobot/../ecrobot/libecrobot.a(osek_hook.o)
                0x00207160                StartupHook
 .text.PreTaskHook
                0x00207164        0x4 /home/robo/nxtOSEK/nxtOSEK/ecrobot/../ecrobot/libecrobot.a(osek_hook.o)
                0x00207164                PreTaskHook
 .text.PostTaskHook
                0x00207168        0x4 /home/robo/nxtOSEK/nxtOSEK/ecrobot/../ecrobot/libecrobot.a(osek_hook.o)
                0x00207168                PostTaskHook
 .text          0x0020716c       0x8c /home/robo/nxtOSEK/gnuarm/lib/gcc/arm-elf/4.4.7/thumb/interwork/libgcc.a(_udivsi3.o)
                0x0020716c                __udivsi3
                0x0020716c                __aeabi_uidiv
                0x002071e8                __aeabi_uidivmod
 .text          0x002071f8       0xa4 /home/robo/nxtOSEK/gnuarm/lib/gcc/arm-elf/4.4.7/thumb/interwork/libgcc.a(_divsi3.o)
                0x002071f8                __aeabi_idiv
                0x002071f8                __divsi3
                0x0020728c                __aeabi_idivmod
 .text          0x0020729c       0xc8 /home/robo/nxtOSEK/gnuarm/lib/gcc/arm-elf/4.4.7/thumb/interwork/libgcc.a(_umodsi3.o)
                0x0020729c                __umodsi3
 .text          0x00207364       0xd8 /home/robo/nxtOSEK/gnuarm/lib/gcc/arm-elf/4.4.7/thumb/interwork/libgcc.a(_modsi3.o)
                0x00207364                __modsi3
 .text          0x0020743c        0x4 /home/robo/nxtOSEK/gnuarm/lib/gcc/arm-elf/4.4.7/thumb/interwork/libgcc.a(_dvmd_tls.o)
                0x0020743c                __aeabi_ldiv0
                0x0020743c                __div0
                0x0020743c                __aeabi_idiv0
 .text          0x00207440       0x94 /home/robo/nxtOSEK/gnuarm/lib/gcc/arm-elf/4.4.7/../../../../arm-elf/lib/thumb/interwork/libc.a(lib_a-memset.o)
                0x00207440                memset
 .text          0x002074d4       0x10 /home/robo/nxtOSEK/gnuarm/lib/gcc/arm-elf/4.4.7/../../../../arm-elf/lib/thumb/interwork/libc.a(lib_a-strcpy.o)
                0x002074d4                strcpy
 .text          0x002074e4       0x10 /home/robo/nxtOSEK/gnuarm/lib/gcc/arm-elf/4.4.7/../../../../arm-elf/lib/thumb/interwork/libc.a(lib_a-strlen.o)
                0x002074e4                strlen
                0x00207500                . = ALIGN (0x10)
 *fill*         0x002074f4        0xc 00
 *(*.rodata *.rodata.*)
 .rodata.tnum_task
                0x00207500        0x1 build/./kernel_cfg.o
                0x00207500                tnum_task
 *fill*         0x00207501        0x3 00
 .rodata.tinib_stksz
                0x00207504        0x4 build/./kernel_cfg.o
                0x00207504                tinib_stksz
 .rodata.tinib_inipri
                0x00207508        0x4 build/./kernel_cfg.o
                0x00207508                tinib_inipri
 .rodata.tinib_stk
                0x0020750c        0x4 build/./kernel_cfg.o
                0x0020750c                tinib_stk
 .rodata.tnum_exttask
                0x00207510        0x1 build/./kernel_cfg.o
                0x00207510                tnum_exttask
 *fill*         0x00207511        0x3 00
 .rodata.tinib_exepri
                0x00207514        0x4 build/./kernel_cfg.o
                0x00207514                tinib_exepri
 .rodata.tinib_autoact
                0x00207518        0x4 build/./kernel_cfg.o
                0x00207518                tinib_autoact
 .rodata.tinib_task
                0x0020751c        0x4 build/./kernel_cfg.o
                0x0020751c                tinib_task
 .rodata.str1.1
                0x00207520       0x6c build/ecrobot_base.o
 .rodata.exec_addr
                0x0020758c        0x4 build/ecrobot_base.o
                0x0020758c                exec_addr
 .rodata.str1.1
                0x00207590       0xab build/src/main.o
 *fill*         0x0020763b        0x1 00
 .rodata.str1.4
                0x0020763c       0x84 /home/robo/nxtOSEK/nxtOSEK/ecrobot/../ecrobot/libecrobot.a(ecrobot_interface.o)
 .rodata.str1.4.stub
                0x002076c0       0x20 linker stubs
                0x002076e0                . = ALIGN (0x10)
 *(*.gnu.linkonce.* .gcc_except_table)
                0x002076e0                . = ALIGN (0x10)

.vfp11_veneer   0x00205a40        0x0
 .vfp11_veneer  0x00000000        0x0 linker stubs

.v4_bx          0x00205a40        0x0
 .v4_bx         0x00000000        0x0 linker stubs

.tors           0x002076e0        0x0
                0x002076e0                . = ALIGN (0x10)
                0x002076e0                __ctor_begin = .
 *(*.ctors*)
                0x002076e0                __ctor_end = .
                0x002076e0                . = ALIGN (0x10)
                0x002076e0                __dtor_begin = .
 *(*.dtors*)
                0x002076e0                __dtor_end = .
                0x002076e0                . = ALIGN (0x10)

.bss            0x002076e0     0x1d68
 *(*.bss *.bss.*)
 .bss.ready_queue_first
                0x002076e0       0x10 build/kernel/task.o
 .bss.ready_primap
                0x002076f0        0x2 build/kernel/task.o
 *fill*         0x002076f2        0x2 00
 .bss.ready_queue_last
                0x002076f4       0x10 build/kernel/task.o
 .bss._stack_OSEK_Main_Task
                0x00207704      0x200 build/./kernel_cfg.o
 .bss.lcd.2769  0x00207904      0x320 build/ecrobot_base.o
 .bss.status_bar_position
                0x00207c24        0x4 build/ecrobot_base.o
 .bss.last_act_time.2847
                0x00207c28        0x4 build/ecrobot_base.o
 .bss.status_bar
                0x00207c2c       0x10 build/ecrobot_base.o
 .bss.OS_flag   0x00207c3c        0x4 build/ecrobot_base.o
 .bss.buttons_i
                0x00207c40        0x4 /home/robo/nxtOSEK/nxtOSEK/ecrobot/../ecrobot/libecrobot.a(ecrobot_interface.o)
 .bss.buttons_states
                0x00207c44       0x14 /home/robo/nxtOSEK/nxtOSEK/ecrobot/../ecrobot/libecrobot.a(ecrobot_interface.o)
 .bss.ecrobot_inputs
                0x00207c58        0x8 /home/robo/nxtOSEK/nxtOSEK/ecrobot/../ecrobot/libecrobot.a(ecrobot_interface.o)
 .bss.systick_ms
                0x00207c60        0x4 /home/robo/nxtOSEK/nxtOSEK/ecrobot/../ecrobot/libecrobot.a(systick.oram)
 .bss.delayedEnable
                0x00207c64        0x1 /home/robo/nxtOSEK/nxtOSEK/ecrobot/../ecrobot/libecrobot.a(udp.oram)
 *fill*         0x00207c65        0x3 00
 .bss.outCnt    0x00207c68        0x4 /home/robo/nxtOSEK/nxtOSEK/ecrobot/../ecrobot/libecrobot.a(udp.oram)
 .bss.outPtr    0x00207c6c        0x4 /home/robo/nxtOSEK/nxtOSEK/ecrobot/../ecrobot/libecrobot.a(udp.oram)
 .bss.newAddress
                0x00207c70        0x4 /home/robo/nxtOSEK/nxtOSEK/ecrobot/../ecrobot/libecrobot.a(udp.oram)
 .bss.currentRxBank
                0x00207c74        0x4 /home/robo/nxtOSEK/nxtOSEK/ecrobot/../ecrobot/libecrobot.a(udp.oram)
 .bss.currentFeatures
                0x00207c78        0x4 /home/robo/nxtOSEK/nxtOSEK/ecrobot/../ecrobot/libecrobot.a(udp.oram)
 .bss.currentConfig
                0x00207c7c        0x1 /home/robo/nxtOSEK/nxtOSEK/ecrobot/../ecrobot/libecrobot.a(udp.oram)
 *fill*         0x00207c7d        0x3 00
 .bss.twi_mask  0x00207c80        0x4 /home/robo/nxtOSEK/nxtOSEK/ecrobot/../ecrobot/libecrobot.a(twi.oram)
 .bss.twi_ptr   0x00207c84        0x4 /home/robo/nxtOSEK/nxtOSEK/ecrobot/../ecrobot/libecrobot.a(twi.oram)
 .bss.twi_pending
                0x00207c88        0x4 /home/robo/nxtOSEK/nxtOSEK/ecrobot/../ecrobot/libecrobot.a(twi.oram)
 .bss.twi_state
                0x00207c8c        0x4 /home/robo/nxtOSEK/nxtOSEK/ecrobot/../ecrobot/libecrobot.a(twi.oram)
 .bss.page      0x00207c90        0x1 /home/robo/nxtOSEK/nxtOSEK/ecrobot/../ecrobot/libecrobot.a(nxt_spi.oram)
                0x00207c90                page
 .bss.dirty     0x00207c91        0x1 /home/robo/nxtOSEK/nxtOSEK/ecrobot/../ecrobot/libecrobot.a(nxt_spi.oram)
                0x00207c91                dirty
 *fill*         0x00207c92        0x2 00
 .bss.display   0x00207c94        0x4 /home/robo/nxtOSEK/nxtOSEK/ecrobot/../ecrobot/libecrobot.a(nxt_spi.oram)
                0x00207c94                display
 .bss.interrupts_this_period
                0x00207c98        0x4 /home/robo/nxtOSEK/nxtOSEK/ecrobot/../ecrobot/libecrobot.a(nxt_motors.oram)
 .bss.nxt_motor_initialised
                0x00207c9c        0x4 /home/robo/nxtOSEK/nxtOSEK/ecrobot/../ecrobot/libecrobot.a(nxt_motors.oram)
 .bss.motor     0x00207ca0       0x30 /home/robo/nxtOSEK/nxtOSEK/ecrobot/../ecrobot/libecrobot.a(nxt_motors.oram)
 .bss.display_tick
                0x00207cd0        0x4 /home/robo/nxtOSEK/nxtOSEK/ecrobot/../ecrobot/libecrobot.a(display.oram)
                0x00207cd0                display_tick
 .bss.display_array
                0x00207cd4      0x388 /home/robo/nxtOSEK/nxtOSEK/ecrobot/../ecrobot/libecrobot.a(display.oram)
 .bss.i2c_int_count
                0x0020805c        0x4 /home/robo/nxtOSEK/nxtOSEK/ecrobot/../ecrobot/libecrobot.a(i2c.oram)
 .bss.i2c_port  0x00208060      0x170 /home/robo/nxtOSEK/nxtOSEK/ecrobot/../ecrobot/libecrobot.a(i2c.oram)
 .bss.sound_mode
                0x002081d0        0x1 /home/robo/nxtOSEK/nxtOSEK/ecrobot/../ecrobot/libecrobot.a(sound.oram)
                0x002081d0                sound_mode
 *fill*         0x002081d1        0x3 00
 .bss.in_buf_idx
                0x002081d4        0x4 /home/robo/nxtOSEK/nxtOSEK/ecrobot/../ecrobot/libecrobot.a(bt.oram)
 .bss.buf_ptr   0x002081d8        0x4 /home/robo/nxtOSEK/nxtOSEK/ecrobot/../ecrobot/libecrobot.a(bt.oram)
 .bss.out_buf_ptr
                0x002081dc        0x1 /home/robo/nxtOSEK/nxtOSEK/ecrobot/../ecrobot/libecrobot.a(bt.oram)
 .bss.in_buf_in_ptr
                0x002081dd        0x1 /home/robo/nxtOSEK/nxtOSEK/ecrobot/../ecrobot/libecrobot.a(bt.oram)
 .bss.in_buf    0x002081de      0x100 /home/robo/nxtOSEK/nxtOSEK/ecrobot/../ecrobot/libecrobot.a(bt.oram)
 *fill*         0x002082de        0x2 00
 .bss.link_state
                0x002082e0        0x4 /home/robo/nxtOSEK/nxtOSEK/ecrobot/../ecrobot/libecrobot.a(nxt_avr.oram)
 .bss.update_count
                0x002082e4        0x4 /home/robo/nxtOSEK/nxtOSEK/ecrobot/../ecrobot/libecrobot.a(nxt_avr.oram)
 .bss.nxt_avr_stats
                0x002082e8       0x14 /home/robo/nxtOSEK/nxtOSEK/ecrobot/../ecrobot/libecrobot.a(nxt_avr.oram)
 .bss.debounce_cnt
                0x002082fc        0x2 /home/robo/nxtOSEK/nxtOSEK/ecrobot/../ecrobot/libecrobot.a(nxt_avr.oram)
 .bss.debounce_state
                0x002082fe        0x2 /home/robo/nxtOSEK/nxtOSEK/ecrobot/../ecrobot/libecrobot.a(nxt_avr.oram)
 .bss.button_state
                0x00208300        0x2 /home/robo/nxtOSEK/nxtOSEK/ecrobot/../ecrobot/libecrobot.a(nxt_avr.oram)
 .bss.prev_buttons
                0x00208302        0x2 /home/robo/nxtOSEK/nxtOSEK/ecrobot/../ecrobot/libecrobot.a(nxt_avr.oram)
 .bss.from_buf  0x00208304        0x4 /home/robo/nxtOSEK/nxtOSEK/ecrobot/../ecrobot/libecrobot.a(nxt_avr.oram)
 .bss.io_from_avr
                0x00208308        0x4 /home/robo/nxtOSEK/nxtOSEK/ecrobot/../ecrobot/libecrobot.a(nxt_avr.oram)
 .bss.data_from_avr
                0x0020830c       0x1a /home/robo/nxtOSEK/nxtOSEK/ecrobot/../ecrobot/libecrobot.a(nxt_avr.oram)
 .bss.data_to_avr
                0x00208326        0x9 /home/robo/nxtOSEK/nxtOSEK/ecrobot/../ecrobot/libecrobot.a(nxt_avr.oram)
 .bss.io_to_avr
                0x0020832f        0x8 /home/robo/nxtOSEK/nxtOSEK/ecrobot/../ecrobot/libecrobot.a(nxt_avr.oram)
 *fill*         0x00208337        0x1 00
 .bss.display   0x00208338        0x4 /home/robo/nxtOSEK/nxtOSEK/ecrobot/../ecrobot/libecrobot.a(nxt_lcd.oram)
                0x00208340                . = ALIGN (0x10)
 *fill*         0x0020833c        0x4 00
                0x00208340                __bss_end__ = .
 COMMON         0x00208340        0x2 build/kernel/interrupt.o
                0x00208340                runisr
                0x00208341                sus_all_cnt
 *fill*         0x00208342        0x2 00
 COMMON         0x00208344       0x10 build/kernel/osctl.o
                0x00208344                callevel
                0x00208345                _errorhook_svcid
                0x00208346                appmode
                0x00208348                _errorhook_par1
                0x0020834c                _errorhook_par3
                0x00208350                _errorhook_par2
 COMMON         0x00208354        0x3 build/kernel/task.o
                0x00208354                runtsk
                0x00208355                schedtsk
                0x00208356                nextpri
 *fill*         0x00208357        0x1 00
 COMMON         0x00208358       0x48 build/./kernel_cfg.o
                0x00208358                tcb_waievt
                0x0020835c                rescb_prevpri
                0x00208360                almcb_prev
                0x00208364                tcb_lastres
                0x00208368                almcb_almval
                0x0020836c                tcxb_pc
                0x00208370                tcb_next
                0x00208374                tcb_curpri
                0x00208378                tcb_tstat
                0x0020837c                isrcb_lastres
                0x00208380                cntcb_almque
                0x00208384                rescb_prevres
                0x00208388                tcb_actcnt
                0x0020838c                tcb_curevt
                0x00208390                almcb_cycle
                0x00208394                tcxb_sp
                0x00208398                almcb_next
                0x0020839c                cntcb_curval
 COMMON         0x002083a0      0xd34 build/src/main.o
                0x002083a0                ks
                0x002083a4                n
                0x002083a8                lichtgrenze
                0x002083ac                AWege
                0x002083b0                knoten
                0x002083b4                AgesPunkte
                0x002083b8                gesKnoten
                0x00208540                s
                0x00208544                gK
                0x00208548                Richtung
                0x0020854c                kreuzung
                0x00208558                Strecke
                0x002089f0                pa
 COMMON         0x002090d4       0x44 /home/robo/nxtOSEK/nxtOSEK/ecrobot/../ecrobot/libecrobot.a(uart.oram)
                0x002090d4                uart
 COMMON         0x00209118        0x4 /home/robo/nxtOSEK/nxtOSEK/ecrobot/../ecrobot/libecrobot.a(data_abort.oram)
                0x00209118                data_abort_pc
 COMMON         0x0020911c        0x8 /home/robo/nxtOSEK/nxtOSEK/ecrobot/../ecrobot/libecrobot.a(display.oram)
                0x0020911c                display_x
                0x00209120                display_y
 COMMON         0x00209124      0x324 /home/robo/nxtOSEK/nxtOSEK/ecrobot/../ecrobot/libecrobot.a(sound.oram)
                0x00209124                sample
                0x002076e0                __bss_start__ = ADDR (.bss)
                0x00209448                __bss_end__ = (ADDR (.bss) + SIZEOF (.bss))
                0x00209448                PROVIDE (end, .)

.heap_area      0x00209448     0x6730
                0x0020fb78                . = (. + (0x20fb78 - end))
 *fill*         0x00209448     0x6730 00

.stack          0x0020fb78      0x488
                0x0020fbf8                . = (. + 0x80)
 *fill*         0x0020fb78       0x80 00
                0x0020fc00                . = ALIGN (0x10)
 *fill*         0x0020fbf8        0x8 00
                0x0020fc00                __irq_stack__ = .
                0x0020fc00                __system_stack_bottom__ = .
                0x00210000                . = (. + 0x400)
 *fill*         0x0020fc00      0x400 00
                0x00210000                . = ALIGN (0x10)
                0x00210000                __system_stack__ = .
                0x00210000                __system_stack_top__ = .
                0x0020fb78                __stack_start__ = ADDR (.stack)
                0x00210000                __stack_end__ = (ADDR (.stack) + SIZEOF (.stack))
OUTPUT(main_ram.elf elf32-littlearm)

.comment        0x00000000      0x1af
 .comment       0x00000000       0x11 build/kernel/alarm.o
                                 0x12 (size before relaxing)
 .comment       0x00000000       0x12 build/kernel/event.o
 .comment       0x00000000       0x12 build/kernel/interrupt.o
 .comment       0x00000000       0x12 build/kernel/osctl.o
 .comment       0x00000000       0x12 build/kernel/resource.o
 .comment       0x00000000       0x12 build/kernel/task.o
 .comment       0x00000000       0x12 build/kernel/task_manage.o
 .comment       0x00000000       0x12 build/config/at91sam7s-gnu/cpu_config.o
 .comment       0x00000000       0x12 build/config/at91sam7s-gnu/lego_nxt/sys_config.o
 .comment       0x00000000       0x12 build/./kernel_cfg.o
 .comment       0x00000000       0x12 build/syscalls.o
 .comment       0x00000000       0x12 build/ecrobot_bluetooth.o
 .comment       0x00000000       0x12 build/ecrobot_base.o
 .comment       0x00000000       0x12 build/ecrobot.o
 .comment       0x00000000       0x12 build/src/main.o
 .comment       0x00000000       0x12 build/syslib/at91sam7s-gnu/lego_nxt/hw_sys_timer.oram
 .comment       0x00000011       0x12 /home/robo/nxtOSEK/nxtOSEK/ecrobot/../ecrobot/libecrobot.a(ecrobot_interface.o)
 .comment       0x00000023       0x12 /home/robo/nxtOSEK/nxtOSEK/ecrobot/../ecrobot/libecrobot.a(colorsensor.o)
 .comment       0x00000035       0x12 /home/robo/nxtOSEK/nxtOSEK/ecrobot/../ecrobot/libecrobot.a(osek_hook.o)
 .comment       0x00000047       0x12 /home/robo/nxtOSEK/nxtOSEK/ecrobot/../ecrobot/libecrobot.a(uart.oram)
 .comment       0x00000059       0x12 /home/robo/nxtOSEK/nxtOSEK/ecrobot/../ecrobot/libecrobot.a(systick.oram)
 .comment       0x0000006b       0x12 /home/robo/nxtOSEK/nxtOSEK/ecrobot/../ecrobot/libecrobot.a(byte_fifo.oram)
 .comment       0x0000007d       0x12 /home/robo/nxtOSEK/nxtOSEK/ecrobot/../ecrobot/libecrobot.a(aic.oram)
 .comment       0x0000008f       0x12 /home/robo/nxtOSEK/nxtOSEK/ecrobot/../ecrobot/libecrobot.a(udp.oram)
 .comment       0x000000a1       0x12 /home/robo/nxtOSEK/nxtOSEK/ecrobot/../ecrobot/libecrobot.a(twi.oram)
 .comment       0x000000b3       0x12 /home/robo/nxtOSEK/nxtOSEK/ecrobot/../ecrobot/libecrobot.a(nxt_spi.oram)
 .comment       0x000000c5       0x12 /home/robo/nxtOSEK/nxtOSEK/ecrobot/../ecrobot/libecrobot.a(nxt_motors.oram)
 .comment       0x000000d7       0x12 /home/robo/nxtOSEK/nxtOSEK/ecrobot/../ecrobot/libecrobot.a(data_abort.oram)
 .comment       0x000000e9       0x12 /home/robo/nxtOSEK/nxtOSEK/ecrobot/../ecrobot/libecrobot.a(display.oram)
 .comment       0x000000fb       0x12 /home/robo/nxtOSEK/nxtOSEK/ecrobot/../ecrobot/libecrobot.a(i2c.oram)
 .comment       0x0000010d       0x12 /home/robo/nxtOSEK/nxtOSEK/ecrobot/../ecrobot/libecrobot.a(sound.oram)
 .comment       0x0000011f       0x12 /home/robo/nxtOSEK/nxtOSEK/ecrobot/../ecrobot/libecrobot.a(bt.oram)
 .comment       0x00000131       0x12 /home/robo/nxtOSEK/nxtOSEK/ecrobot/../ecrobot/libecrobot.a(nxt_avr.oram)
 .comment       0x00000143       0x12 /home/robo/nxtOSEK/nxtOSEK/ecrobot/../ecrobot/libecrobot.a(sensors.oram)
 .comment       0x00000155       0x12 /home/robo/nxtOSEK/nxtOSEK/ecrobot/../ecrobot/libecrobot.a(sensors1.oram)
 .comment       0x00000167       0x12 /home/robo/nxtOSEK/nxtOSEK/ecrobot/../ecrobot/libecrobot.a(nxt_lcd.oram)
 .comment       0x00000179       0x12 /home/robo/nxtOSEK/nxtOSEK/ecrobot/../ecrobot/libecrobot.a(flash_loader.oram)
 .comment       0x0000018b       0x12 /home/robo/nxtOSEK/nxtOSEK/ecrobot/../ecrobot/libecrobot.a(ecrobot_usb.o)
 .comment       0x0000019d       0x12 /home/robo/nxtOSEK/nxtOSEK/ecrobot/../ecrobot/libecrobot.a(flashprog.oram)
 .comment       0x00000000       0x12 /home/robo/nxtOSEK/gnuarm/lib/gcc/arm-elf/4.4.7/thumb/interwork/libgcc.a(_muldi3.o)
 .comment       0x00000000       0x12 /home/robo/nxtOSEK/gnuarm/lib/gcc/arm-elf/4.4.7/thumb/interwork/libgcc.a(_divdi3.o)
 .comment       0x00000000       0x12 /home/robo/nxtOSEK/gnuarm/lib/gcc/arm-elf/4.4.7/../../../../arm-elf/lib/thumb/interwork/libc.a(lib_a-memcpy.o)
 .comment       0x00000000       0x12 /home/robo/nxtOSEK/gnuarm/lib/gcc/arm-elf/4.4.7/../../../../arm-elf/lib/thumb/interwork/libc.a(lib_a-memset.o)
 .comment       0x00000000       0x12 /home/robo/nxtOSEK/gnuarm/lib/gcc/arm-elf/4.4.7/../../../../arm-elf/lib/thumb/interwork/libc.a(lib_a-strcmp.o)
 .comment       0x00000000       0x12 /home/robo/nxtOSEK/gnuarm/lib/gcc/arm-elf/4.4.7/../../../../arm-elf/lib/thumb/interwork/libc.a(lib_a-strcpy.o)
 .comment       0x00000000       0x12 /home/robo/nxtOSEK/gnuarm/lib/gcc/arm-elf/4.4.7/../../../../arm-elf/lib/thumb/interwork/libc.a(lib_a-strlen.o)
 .comment       0x00000000       0x12 /home/robo/nxtOSEK/gnuarm/lib/gcc/arm-elf/4.4.7/../../../../arm-elf/lib/thumb/interwork/libc.a(lib_a-strncpy.o)

.ARM.attributes
                0x00000000       0x10
 .ARM.attributes
                0x00000000       0x10 build/kernel/alarm.o
 .ARM.attributes
                0x00000010       0x10 build/kernel/event.o
 .ARM.attributes
                0x00000020       0x10 build/kernel/interrupt.o
 .ARM.attributes
                0x00000030       0x10 build/kernel/osctl.o
 .ARM.attributes
                0x00000040       0x10 build/kernel/resource.o
 .ARM.attributes
                0x00000050       0x10 build/kernel/task.o
 .ARM.attributes
                0x00000060       0x10 build/kernel/task_manage.o
 .ARM.attributes
                0x00000070       0x10 build/config/at91sam7s-gnu/cpu_config.o
 .ARM.attributes
                0x00000080       0x10 build/config/at91sam7s-gnu/lego_nxt/sys_config.o
 .ARM.attributes
                0x00000090       0x10 build/./kernel_cfg.o
 .ARM.attributes
                0x000000a0       0x10 build/syscalls.o
 .ARM.attributes
                0x000000b0       0x10 build/ecrobot_bluetooth.o
 .ARM.attributes
                0x000000c0       0x10 build/ecrobot_base.o
 .ARM.attributes
                0x000000d0       0x10 build/ecrobot.o
 .ARM.attributes
                0x000000e0       0x10 build/src/main.o
 .ARM.attributes
                0x000000f0       0x10 build/syslib/at91sam7s-gnu/lego_nxt/hw_sys_timer.oram
 .ARM.attributes
                0x00000100       0x10 build/nxtvm/platform/nxt/vectors.o
 .ARM.attributes
                0x00000110       0x10 build/config/at91sam7s-gnu/debug.o
 .ARM.attributes
                0x00000120       0x10 build/config/at91sam7s-gnu/lego_nxt/sys_support.o
 .ARM.attributes
                0x00000130       0x10 build/nxt_binary_header.o
 .ARM.attributes
                0x00000140       0x10 build/nxt_entry_point.o
 .ARM.attributes
                0x00000150       0x10 build/ecrobot_init.o
 .ARM.attributes
                0x00000160       0x10 build/config/at91sam7s-gnu/cpu_support.oram
 .ARM.attributes
                0x00000170       0x10 build/config/at91sam7s-gnu/irq.oram
 .ARM.attributes
                0x00000180       0x10 /home/robo/nxtOSEK/gnuarm/lib/gcc/arm-elf/4.4.7/thumb/interwork/libgcc.a(_udivsi3.o)
 .ARM.attributes
                0x00000190       0x10 /home/robo/nxtOSEK/gnuarm/lib/gcc/arm-elf/4.4.7/thumb/interwork/libgcc.a(_divsi3.o)
 .ARM.attributes
                0x000001a0       0x10 /home/robo/nxtOSEK/gnuarm/lib/gcc/arm-elf/4.4.7/thumb/interwork/libgcc.a(_umodsi3.o)
 .ARM.attributes
                0x000001b0       0x10 /home/robo/nxtOSEK/gnuarm/lib/gcc/arm-elf/4.4.7/thumb/interwork/libgcc.a(_modsi3.o)
 .ARM.attributes
                0x000001c0       0x10 /home/robo/nxtOSEK/gnuarm/lib/gcc/arm-elf/4.4.7/thumb/interwork/libgcc.a(_dvmd_tls.o)
 .ARM.attributes
                0x000001d0       0x10 /home/robo/nxtOSEK/gnuarm/lib/gcc/arm-elf/4.4.7/thumb/interwork/libgcc.a(_arm_addsubdf3.o)
 .ARM.attributes
                0x000001e0       0x10 /home/robo/nxtOSEK/gnuarm/lib/gcc/arm-elf/4.4.7/thumb/interwork/libgcc.a(_arm_muldivdf3.o)
 .ARM.attributes
                0x000001f0       0x10 /home/robo/nxtOSEK/gnuarm/lib/gcc/arm-elf/4.4.7/thumb/interwork/libgcc.a(_arm_cmpdf2.o)
 .ARM.attributes
                0x00000200       0x10 /home/robo/nxtOSEK/gnuarm/lib/gcc/arm-elf/4.4.7/thumb/interwork/libgcc.a(_muldi3.o)
 .ARM.attributes
                0x00000210       0x10 /home/robo/nxtOSEK/gnuarm/lib/gcc/arm-elf/4.4.7/thumb/interwork/libgcc.a(_divdi3.o)
 .ARM.attributes
                0x00000220       0x10 /home/robo/nxtOSEK/gnuarm/lib/gcc/arm-elf/4.4.7/thumb/interwork/libgcc.a(_clzsi2.o)
 .ARM.attributes
                0x00000230       0x10 /home/robo/nxtOSEK/gnuarm/lib/gcc/arm-elf/4.4.7/../../../../arm-elf/lib/thumb/interwork/libc.a(lib_a-memcpy.o)
 .ARM.attributes
                0x00000240       0x10 /home/robo/nxtOSEK/gnuarm/lib/gcc/arm-elf/4.4.7/../../../../arm-elf/lib/thumb/interwork/libc.a(lib_a-memset.o)
 .ARM.attributes
                0x00000250       0x10 /home/robo/nxtOSEK/gnuarm/lib/gcc/arm-elf/4.4.7/../../../../arm-elf/lib/thumb/interwork/libc.a(lib_a-strcmp.o)
 .ARM.attributes
                0x00000260       0x10 /home/robo/nxtOSEK/gnuarm/lib/gcc/arm-elf/4.4.7/../../../../arm-elf/lib/thumb/interwork/libc.a(lib_a-strcpy.o)
 .ARM.attributes
                0x00000270       0x10 /home/robo/nxtOSEK/gnuarm/lib/gcc/arm-elf/4.4.7/../../../../arm-elf/lib/thumb/interwork/libc.a(lib_a-strlen.o)
 .ARM.attributes
                0x00000280       0x10 /home/robo/nxtOSEK/gnuarm/lib/gcc/arm-elf/4.4.7/../../../../arm-elf/lib/thumb/interwork/libc.a(lib_a-strncpy.o)
 .ARM.attributes
                0x00000290       0x10 build/nxtvm/platform/nxt/vectors.o

.debug_frame    0x00000000      0x1fc
 .debug_frame   0x00000000       0x28 /home/robo/nxtOSEK/gnuarm/lib/gcc/arm-elf/4.4.7/thumb/interwork/libgcc.a(_udivsi3.o)
 .debug_frame   0x00000028       0x28 /home/robo/nxtOSEK/gnuarm/lib/gcc/arm-elf/4.4.7/thumb/interwork/libgcc.a(_divsi3.o)
 .debug_frame   0x00000050       0x28 /home/robo/nxtOSEK/gnuarm/lib/gcc/arm-elf/4.4.7/thumb/interwork/libgcc.a(_umodsi3.o)
 .debug_frame   0x00000078       0x28 /home/robo/nxtOSEK/gnuarm/lib/gcc/arm-elf/4.4.7/thumb/interwork/libgcc.a(_modsi3.o)
 .debug_frame   0x000000a0       0x34 /home/robo/nxtOSEK/gnuarm/lib/gcc/arm-elf/4.4.7/thumb/interwork/libgcc.a(_muldi3.o)
 .debug_frame   0x000000d4       0x3c /home/robo/nxtOSEK/gnuarm/lib/gcc/arm-elf/4.4.7/thumb/interwork/libgcc.a(_divdi3.o)
 .debug_frame   0x00000110       0x30 /home/robo/nxtOSEK/gnuarm/lib/gcc/arm-elf/4.4.7/../../../../arm-elf/lib/thumb/interwork/libc.a(lib_a-memcpy.o)
 .debug_frame   0x00000140       0x2c /home/robo/nxtOSEK/gnuarm/lib/gcc/arm-elf/4.4.7/../../../../arm-elf/lib/thumb/interwork/libc.a(lib_a-memset.o)
 .debug_frame   0x0000016c       0x20 /home/robo/nxtOSEK/gnuarm/lib/gcc/arm-elf/4.4.7/../../../../arm-elf/lib/thumb/interwork/libc.a(lib_a-strcmp.o)
 .debug_frame   0x0000018c       0x20 /home/robo/nxtOSEK/gnuarm/lib/gcc/arm-elf/4.4.7/../../../../arm-elf/lib/thumb/interwork/libc.a(lib_a-strcpy.o)
 .debug_frame   0x000001ac       0x20 /home/robo/nxtOSEK/gnuarm/lib/gcc/arm-elf/4.4.7/../../../../arm-elf/lib/thumb/interwork/libc.a(lib_a-strlen.o)
 .debug_frame   0x000001cc       0x30 /home/robo/nxtOSEK/gnuarm/lib/gcc/arm-elf/4.4.7/../../../../arm-elf/lib/thumb/interwork/libc.a(lib_a-strncpy.o)

.debug_line     0x00000000      0xe85
 .debug_line    0x00000000       0x8e /home/robo/nxtOSEK/gnuarm/lib/gcc/arm-elf/4.4.7/thumb/interwork/libgcc.a(_udivsi3.o)
 .debug_line    0x0000008e       0x9a /home/robo/nxtOSEK/gnuarm/lib/gcc/arm-elf/4.4.7/thumb/interwork/libgcc.a(_divsi3.o)
 .debug_line    0x00000128       0x86 /home/robo/nxtOSEK/gnuarm/lib/gcc/arm-elf/4.4.7/thumb/interwork/libgcc.a(_umodsi3.o)
 .debug_line    0x000001ae       0x8f /home/robo/nxtOSEK/gnuarm/lib/gcc/arm-elf/4.4.7/thumb/interwork/libgcc.a(_modsi3.o)
 .debug_line    0x0000023d       0x78 /home/robo/nxtOSEK/gnuarm/lib/gcc/arm-elf/4.4.7/thumb/interwork/libgcc.a(_dvmd_tls.o)
 .debug_line    0x000002b5      0x180 /home/robo/nxtOSEK/gnuarm/lib/gcc/arm-elf/4.4.7/thumb/interwork/libgcc.a(_arm_addsubdf3.o)
 .debug_line    0x00000435      0x195 /home/robo/nxtOSEK/gnuarm/lib/gcc/arm-elf/4.4.7/thumb/interwork/libgcc.a(_arm_muldivdf3.o)
 .debug_line    0x000005ca       0xc3 /home/robo/nxtOSEK/gnuarm/lib/gcc/arm-elf/4.4.7/thumb/interwork/libgcc.a(_arm_cmpdf2.o)
 .debug_line    0x0000068d       0x7e /home/robo/nxtOSEK/gnuarm/lib/gcc/arm-elf/4.4.7/thumb/interwork/libgcc.a(_muldi3.o)
 .debug_line    0x0000070b       0xe4 /home/robo/nxtOSEK/gnuarm/lib/gcc/arm-elf/4.4.7/thumb/interwork/libgcc.a(_divdi3.o)
 .debug_line    0x000007ef       0x85 /home/robo/nxtOSEK/gnuarm/lib/gcc/arm-elf/4.4.7/thumb/interwork/libgcc.a(_clzsi2.o)
 .debug_line    0x00000874      0x141 /home/robo/nxtOSEK/gnuarm/lib/gcc/arm-elf/4.4.7/../../../../arm-elf/lib/thumb/interwork/libc.a(lib_a-memcpy.o)
 .debug_line    0x000009b5      0x13c /home/robo/nxtOSEK/gnuarm/lib/gcc/arm-elf/4.4.7/../../../../arm-elf/lib/thumb/interwork/libc.a(lib_a-memset.o)
 .debug_line    0x00000af1       0xbb /home/robo/nxtOSEK/gnuarm/lib/gcc/arm-elf/4.4.7/../../../../arm-elf/lib/thumb/interwork/libc.a(lib_a-strcmp.o)
 .debug_line    0x00000bac       0xbb /home/robo/nxtOSEK/gnuarm/lib/gcc/arm-elf/4.4.7/../../../../arm-elf/lib/thumb/interwork/libc.a(lib_a-strcpy.o)
 .debug_line    0x00000c67      0x108 /home/robo/nxtOSEK/gnuarm/lib/gcc/arm-elf/4.4.7/../../../../arm-elf/lib/thumb/interwork/libc.a(lib_a-strlen.o)
 .debug_line    0x00000d6f      0x116 /home/robo/nxtOSEK/gnuarm/lib/gcc/arm-elf/4.4.7/../../../../arm-elf/lib/thumb/interwork/libc.a(lib_a-strncpy.o)

.debug_info     0x00000000     0x1458
 .debug_info    0x00000000       0xb2 /home/robo/nxtOSEK/gnuarm/lib/gcc/arm-elf/4.4.7/thumb/interwork/libgcc.a(_udivsi3.o)
 .debug_info    0x000000b2       0xb2 /home/robo/nxtOSEK/gnuarm/lib/gcc/arm-elf/4.4.7/thumb/interwork/libgcc.a(_divsi3.o)
 .debug_info    0x00000164       0xb2 /home/robo/nxtOSEK/gnuarm/lib/gcc/arm-elf/4.4.7/thumb/interwork/libgcc.a(_umodsi3.o)
 .debug_info    0x00000216       0xb2 /home/robo/nxtOSEK/gnuarm/lib/gcc/arm-elf/4.4.7/thumb/interwork/libgcc.a(_modsi3.o)
 .debug_info    0x000002c8       0xb2 /home/robo/nxtOSEK/gnuarm/lib/gcc/arm-elf/4.4.7/thumb/interwork/libgcc.a(_dvmd_tls.o)
 .debug_info    0x0000037a       0xb1 /home/robo/nxtOSEK/gnuarm/lib/gcc/arm-elf/4.4.7/thumb/interwork/libgcc.a(_arm_addsubdf3.o)
 .debug_info    0x0000042b       0xb1 /home/robo/nxtOSEK/gnuarm/lib/gcc/arm-elf/4.4.7/thumb/interwork/libgcc.a(_arm_muldivdf3.o)
 .debug_info    0x000004dc       0xb1 /home/robo/nxtOSEK/gnuarm/lib/gcc/arm-elf/4.4.7/thumb/interwork/libgcc.a(_arm_cmpdf2.o)
 .debug_info    0x0000058d      0x20e /home/robo/nxtOSEK/gnuarm/lib/gcc/arm-elf/4.4.7/thumb/interwork/libgcc.a(_muldi3.o)
 .debug_info    0x0000079b      0x669 /home/robo/nxtOSEK/gnuarm/lib/gcc/arm-elf/4.4.7/thumb/interwork/libgcc.a(_divdi3.o)
 .debug_info    0x00000e04       0xb2 /home/robo/nxtOSEK/gnuarm/lib/gcc/arm-elf/4.4.7/thumb/interwork/libgcc.a(_clzsi2.o)
 .debug_info    0x00000eb6      0x13e /home/robo/nxtOSEK/gnuarm/lib/gcc/arm-elf/4.4.7/../../../../arm-elf/lib/thumb/interwork/libc.a(lib_a-memcpy.o)
 .debug_info    0x00000ff4      0x111 /home/robo/nxtOSEK/gnuarm/lib/gcc/arm-elf/4.4.7/../../../../arm-elf/lib/thumb/interwork/libc.a(lib_a-memset.o)
 .debug_info    0x00001105       0xaf /home/robo/nxtOSEK/gnuarm/lib/gcc/arm-elf/4.4.7/../../../../arm-elf/lib/thumb/interwork/libc.a(lib_a-strcmp.o)
 .debug_info    0x000011b4       0xb7 /home/robo/nxtOSEK/gnuarm/lib/gcc/arm-elf/4.4.7/../../../../arm-elf/lib/thumb/interwork/libc.a(lib_a-strcpy.o)
 .debug_info    0x0000126b       0xc9 /home/robo/nxtOSEK/gnuarm/lib/gcc/arm-elf/4.4.7/../../../../arm-elf/lib/thumb/interwork/libc.a(lib_a-strlen.o)
 .debug_info    0x00001334      0x124 /home/robo/nxtOSEK/gnuarm/lib/gcc/arm-elf/4.4.7/../../../../arm-elf/lib/thumb/interwork/libc.a(lib_a-strncpy.o)

.debug_abbrev   0x00000000      0x674
 .debug_abbrev  0x00000000       0x14 /home/robo/nxtOSEK/gnuarm/lib/gcc/arm-elf/4.4.7/thumb/interwork/libgcc.a(_udivsi3.o)
 .debug_abbrev  0x00000014       0x14 /home/robo/nxtOSEK/gnuarm/lib/gcc/arm-elf/4.4.7/thumb/interwork/libgcc.a(_divsi3.o)
 .debug_abbrev  0x00000028       0x14 /home/robo/nxtOSEK/gnuarm/lib/gcc/arm-elf/4.4.7/thumb/interwork/libgcc.a(_umodsi3.o)
 .debug_abbrev  0x0000003c       0x14 /home/robo/nxtOSEK/gnuarm/lib/gcc/arm-elf/4.4.7/thumb/interwork/libgcc.a(_modsi3.o)
 .debug_abbrev  0x00000050       0x14 /home/robo/nxtOSEK/gnuarm/lib/gcc/arm-elf/4.4.7/thumb/interwork/libgcc.a(_dvmd_tls.o)
 .debug_abbrev  0x00000064       0x14 /home/robo/nxtOSEK/gnuarm/lib/gcc/arm-elf/4.4.7/thumb/interwork/libgcc.a(_arm_addsubdf3.o)
 .debug_abbrev  0x00000078       0x14 /home/robo/nxtOSEK/gnuarm/lib/gcc/arm-elf/4.4.7/thumb/interwork/libgcc.a(_arm_muldivdf3.o)
 .debug_abbrev  0x0000008c       0x14 /home/robo/nxtOSEK/gnuarm/lib/gcc/arm-elf/4.4.7/thumb/interwork/libgcc.a(_arm_cmpdf2.o)
 .debug_abbrev  0x000000a0       0xf5 /home/robo/nxtOSEK/gnuarm/lib/gcc/arm-elf/4.4.7/thumb/interwork/libgcc.a(_muldi3.o)
 .debug_abbrev  0x00000195      0x169 /home/robo/nxtOSEK/gnuarm/lib/gcc/arm-elf/4.4.7/thumb/interwork/libgcc.a(_divdi3.o)
 .debug_abbrev  0x000002fe       0x14 /home/robo/nxtOSEK/gnuarm/lib/gcc/arm-elf/4.4.7/thumb/interwork/libgcc.a(_clzsi2.o)
 .debug_abbrev  0x00000312       0xa0 /home/robo/nxtOSEK/gnuarm/lib/gcc/arm-elf/4.4.7/../../../../arm-elf/lib/thumb/interwork/libc.a(lib_a-memcpy.o)
 .debug_abbrev  0x000003b2       0xa1 /home/robo/nxtOSEK/gnuarm/lib/gcc/arm-elf/4.4.7/../../../../arm-elf/lib/thumb/interwork/libc.a(lib_a-memset.o)
 .debug_abbrev  0x00000453       0x76 /home/robo/nxtOSEK/gnuarm/lib/gcc/arm-elf/4.4.7/../../../../arm-elf/lib/thumb/interwork/libc.a(lib_a-strcmp.o)
 .debug_abbrev  0x000004c9       0x76 /home/robo/nxtOSEK/gnuarm/lib/gcc/arm-elf/4.4.7/../../../../arm-elf/lib/thumb/interwork/libc.a(lib_a-strcpy.o)
 .debug_abbrev  0x0000053f       0x92 /home/robo/nxtOSEK/gnuarm/lib/gcc/arm-elf/4.4.7/../../../../arm-elf/lib/thumb/interwork/libc.a(lib_a-strlen.o)
 .debug_abbrev  0x000005d1       0xa3 /home/robo/nxtOSEK/gnuarm/lib/gcc/arm-elf/4.4.7/../../../../arm-elf/lib/thumb/interwork/libc.a(lib_a-strncpy.o)

.debug_aranges  0x00000000      0x220
 .debug_aranges
                0x00000000       0x20 /home/robo/nxtOSEK/gnuarm/lib/gcc/arm-elf/4.4.7/thumb/interwork/libgcc.a(_udivsi3.o)
 .debug_aranges
                0x00000020       0x20 /home/robo/nxtOSEK/gnuarm/lib/gcc/arm-elf/4.4.7/thumb/interwork/libgcc.a(_divsi3.o)
 .debug_aranges
                0x00000040       0x20 /home/robo/nxtOSEK/gnuarm/lib/gcc/arm-elf/4.4.7/thumb/interwork/libgcc.a(_umodsi3.o)
 .debug_aranges
                0x00000060       0x20 /home/robo/nxtOSEK/gnuarm/lib/gcc/arm-elf/4.4.7/thumb/interwork/libgcc.a(_modsi3.o)
 .debug_aranges
                0x00000080       0x20 /home/robo/nxtOSEK/gnuarm/lib/gcc/arm-elf/4.4.7/thumb/interwork/libgcc.a(_dvmd_tls.o)
 .debug_aranges
                0x000000a0       0x20 /home/robo/nxtOSEK/gnuarm/lib/gcc/arm-elf/4.4.7/thumb/interwork/libgcc.a(_arm_addsubdf3.o)
 .debug_aranges
                0x000000c0       0x20 /home/robo/nxtOSEK/gnuarm/lib/gcc/arm-elf/4.4.7/thumb/interwork/libgcc.a(_arm_muldivdf3.o)
 .debug_aranges
                0x000000e0       0x20 /home/robo/nxtOSEK/gnuarm/lib/gcc/arm-elf/4.4.7/thumb/interwork/libgcc.a(_arm_cmpdf2.o)
 .debug_aranges
                0x00000100       0x20 /home/robo/nxtOSEK/gnuarm/lib/gcc/arm-elf/4.4.7/thumb/interwork/libgcc.a(_muldi3.o)
 .debug_aranges
                0x00000120       0x20 /home/robo/nxtOSEK/gnuarm/lib/gcc/arm-elf/4.4.7/thumb/interwork/libgcc.a(_divdi3.o)
 .debug_aranges
                0x00000140       0x20 /home/robo/nxtOSEK/gnuarm/lib/gcc/arm-elf/4.4.7/thumb/interwork/libgcc.a(_clzsi2.o)
 .debug_aranges
                0x00000160       0x20 /home/robo/nxtOSEK/gnuarm/lib/gcc/arm-elf/4.4.7/../../../../arm-elf/lib/thumb/interwork/libc.a(lib_a-memcpy.o)
 .debug_aranges
                0x00000180       0x20 /home/robo/nxtOSEK/gnuarm/lib/gcc/arm-elf/4.4.7/../../../../arm-elf/lib/thumb/interwork/libc.a(lib_a-memset.o)
 .debug_aranges
                0x000001a0       0x20 /home/robo/nxtOSEK/gnuarm/lib/gcc/arm-elf/4.4.7/../../../../arm-elf/lib/thumb/interwork/libc.a(lib_a-strcmp.o)
 .debug_aranges
                0x000001c0       0x20 /home/robo/nxtOSEK/gnuarm/lib/gcc/arm-elf/4.4.7/../../../../arm-elf/lib/thumb/interwork/libc.a(lib_a-strcpy.o)
 .debug_aranges
                0x000001e0       0x20 /home/robo/nxtOSEK/gnuarm/lib/gcc/arm-elf/4.4.7/../../../../arm-elf/lib/thumb/interwork/libc.a(lib_a-strlen.o)
 .debug_aranges
                0x00000200       0x20 /home/robo/nxtOSEK/gnuarm/lib/gcc/arm-elf/4.4.7/../../../../arm-elf/lib/thumb/interwork/libc.a(lib_a-strncpy.o)

.debug_loc      0x00000000      0xcaf
 .debug_loc     0x00000000      0x161 /home/robo/nxtOSEK/gnuarm/lib/gcc/arm-elf/4.4.7/thumb/interwork/libgcc.a(_muldi3.o)
 .debug_loc     0x00000161      0x7df /home/robo/nxtOSEK/gnuarm/lib/gcc/arm-elf/4.4.7/thumb/interwork/libgcc.a(_divdi3.o)
 .debug_loc     0x00000940      0x13b /home/robo/nxtOSEK/gnuarm/lib/gcc/arm-elf/4.4.7/../../../../arm-elf/lib/thumb/interwork/libc.a(lib_a-memcpy.o)
 .debug_loc     0x00000a7b       0xfc /home/robo/nxtOSEK/gnuarm/lib/gcc/arm-elf/4.4.7/../../../../arm-elf/lib/thumb/interwork/libc.a(lib_a-memset.o)
 .debug_loc     0x00000b77       0x13 /home/robo/nxtOSEK/gnuarm/lib/gcc/arm-elf/4.4.7/../../../../arm-elf/lib/thumb/interwork/libc.a(lib_a-strcmp.o)
 .debug_loc     0x00000b8a       0x13 /home/robo/nxtOSEK/gnuarm/lib/gcc/arm-elf/4.4.7/../../../../arm-elf/lib/thumb/interwork/libc.a(lib_a-strcpy.o)
 .debug_loc     0x00000b9d       0x13 /home/robo/nxtOSEK/gnuarm/lib/gcc/arm-elf/4.4.7/../../../../arm-elf/lib/thumb/interwork/libc.a(lib_a-strlen.o)
 .debug_loc     0x00000bb0       0xff /home/robo/nxtOSEK/gnuarm/lib/gcc/arm-elf/4.4.7/../../../../arm-elf/lib/thumb/interwork/libc.a(lib_a-strncpy.o)

.debug_pubnames
                0x00000000       0xed
 .debug_pubnames
                0x00000000       0x1f /home/robo/nxtOSEK/gnuarm/lib/gcc/arm-elf/4.4.7/thumb/interwork/libgcc.a(_muldi3.o)
 .debug_pubnames
                0x0000001f       0x1f /home/robo/nxtOSEK/gnuarm/lib/gcc/arm-elf/4.4.7/thumb/interwork/libgcc.a(_divdi3.o)
 .debug_pubnames
                0x0000003e       0x1d /home/robo/nxtOSEK/gnuarm/lib/gcc/arm-elf/4.4.7/../../../../arm-elf/lib/thumb/interwork/libc.a(lib_a-memcpy.o)
 .debug_pubnames
                0x0000005b       0x1d /home/robo/nxtOSEK/gnuarm/lib/gcc/arm-elf/4.4.7/../../../../arm-elf/lib/thumb/interwork/libc.a(lib_a-memset.o)
 .debug_pubnames
                0x00000078       0x1d /home/robo/nxtOSEK/gnuarm/lib/gcc/arm-elf/4.4.7/../../../../arm-elf/lib/thumb/interwork/libc.a(lib_a-strcmp.o)
 .debug_pubnames
                0x00000095       0x1d /home/robo/nxtOSEK/gnuarm/lib/gcc/arm-elf/4.4.7/../../../../arm-elf/lib/thumb/interwork/libc.a(lib_a-strcpy.o)
 .debug_pubnames
                0x000000b2       0x1d /home/robo/nxtOSEK/gnuarm/lib/gcc/arm-elf/4.4.7/../../../../arm-elf/lib/thumb/interwork/libc.a(lib_a-strlen.o)
 .debug_pubnames
                0x000000cf       0x1e /home/robo/nxtOSEK/gnuarm/lib/gcc/arm-elf/4.4.7/../../../../arm-elf/lib/thumb/interwork/libc.a(lib_a-strncpy.o)

.debug_ranges   0x00000000      0x110
 .debug_ranges  0x00000000       0x30 /home/robo/nxtOSEK/gnuarm/lib/gcc/arm-elf/4.4.7/thumb/interwork/libgcc.a(_muldi3.o)
 .debug_ranges  0x00000030       0xe0 /home/robo/nxtOSEK/gnuarm/lib/gcc/arm-elf/4.4.7/thumb/interwork/libgcc.a(_divdi3.o)

.debug_str      0x00000000      0x390
 .debug_str     0x00000000      0x143 /home/robo/nxtOSEK/gnuarm/lib/gcc/arm-elf/4.4.7/thumb/interwork/libgcc.a(_muldi3.o)
                                0x197 (size before relaxing)
 .debug_str     0x00000143       0x3c /home/robo/nxtOSEK/gnuarm/lib/gcc/arm-elf/4.4.7/thumb/interwork/libgcc.a(_divdi3.o)
                                0x1ca (size before relaxing)
 .debug_str     0x0000017f       0x76 /home/robo/nxtOSEK/gnuarm/lib/gcc/arm-elf/4.4.7/../../../../arm-elf/lib/thumb/interwork/libc.a(lib_a-memcpy.o)
                                0x10b (size before relaxing)
 .debug_str     0x000001f5       0x5c /home/robo/nxtOSEK/gnuarm/lib/gcc/arm-elf/4.4.7/../../../../arm-elf/lib/thumb/interwork/libc.a(lib_a-memset.o)
                                 0xf8 (size before relaxing)
 .debug_str     0x00000251       0x4d /home/robo/nxtOSEK/gnuarm/lib/gcc/arm-elf/4.4.7/../../../../arm-elf/lib/thumb/interwork/libc.a(lib_a-strcmp.o)
                                 0xe2 (size before relaxing)
 .debug_str     0x0000029e       0x4d /home/robo/nxtOSEK/gnuarm/lib/gcc/arm-elf/4.4.7/../../../../arm-elf/lib/thumb/interwork/libc.a(lib_a-strcpy.o)
                                 0xe2 (size before relaxing)
 .debug_str     0x000002eb       0x55 /home/robo/nxtOSEK/gnuarm/lib/gcc/arm-elf/4.4.7/../../../../arm-elf/lib/thumb/interwork/libc.a(lib_a-strlen.o)
                                 0xf1 (size before relaxing)
 .debug_str     0x00000340       0x50 /home/robo/nxtOSEK/gnuarm/lib/gcc/arm-elf/4.4.7/../../../../arm-elf/lib/thumb/interwork/libc.a(lib_a-strncpy.o)
                                0x10e (size before relaxing)

Cross Reference Table

Symbol                                            File
AWege                                             build/src/main.o
ActivateTask                                      build/kernel/task_manage.o
AgesPunkte                                        build/src/main.o
CancelAlarm                                       build/kernel/alarm.o
ChainTask                                         build/kernel/task_manage.o
ClearEvent                                        build/kernel/event.o
DisableAllInterrupts                              build/kernel/interrupt.o
EnableAllInterrupts                               build/kernel/interrupt.o
ErrorHook                                         /home/robo/nxtOSEK/nxtOSEK/ecrobot/../ecrobot/libecrobot.a(osek_hook.o)
                                                  build/kernel/osctl.o
GetActiveApplicationMode                          build/kernel/osctl.o
GetAlarm                                          build/kernel/alarm.o
GetAlarmBase                                      build/kernel/alarm.o
GetEvent                                          build/kernel/event.o
GetResource                                       build/kernel/resource.o
GetTaskID                                         build/kernel/task_manage.o
GetTaskState                                      build/kernel/task_manage.o
NXT_COLORSENSOR_PROTOCOLS                         /home/robo/nxtOSEK/nxtOSEK/ecrobot/../ecrobot/libecrobot.a(ecrobot_interface.o)
NXT_Entry_Point                                   build/nxt_entry_point.o
                                                  build/nxt_binary_header.o
OSEK_Main_Task                                    build/./kernel_cfg.o
PostTaskHook                                      /home/robo/nxtOSEK/nxtOSEK/ecrobot/../ecrobot/libecrobot.a(osek_hook.o)
                                                  build/config/at91sam7s-gnu/cpu_support.oram
                                                  build/kernel/osctl.o
PreTaskHook                                       /home/robo/nxtOSEK/nxtOSEK/ecrobot/../ecrobot/libecrobot.a(osek_hook.o)
                                                  build/config/at91sam7s-gnu/cpu_support.oram
                                                  build/kernel/osctl.o
ReleaseResource                                   build/kernel/resource.o
ResumeAllInterrupts                               build/kernel/interrupt.o
ResumeOSInterrupts                                build/kernel/interrupt.o
Richtung                                          build/src/main.o
Robot_GetIntersections                            build/src/main.o
Robot_Move                                        build/src/main.o
Schedule                                          build/kernel/task_manage.o
SetAbsAlarm                                       build/kernel/alarm.o
SetEvent                                          build/kernel/event.o
SetRelAlarm                                       build/kernel/alarm.o
ShutdownHook                                      /home/robo/nxtOSEK/nxtOSEK/ecrobot/../ecrobot/libecrobot.a(osek_hook.o)
                                                  build/kernel/osctl.o
ShutdownOS                                        build/kernel/osctl.o
SignalCounter                                     build/kernel/alarm.o
StartOS                                           build/kernel/osctl.o
                                                  build/ecrobot.o
StartupHook                                       /home/robo/nxtOSEK/nxtOSEK/ecrobot/../ecrobot/libecrobot.a(osek_hook.o)
                                                  build/kernel/osctl.o
Strecke                                           build/src/main.o
SuspendAllInterrupts                              build/kernel/interrupt.o
SuspendOSInterrupts                               build/kernel/interrupt.o
TaskMainOSEK_Main_Task                            build/src/main.o
                                                  build/./kernel_cfg.o
TerminateTask                                     build/kernel/task_manage.o
WaitEvent                                         build/kernel/event.o
__adddf3                                          /home/robo/nxtOSEK/gnuarm/lib/gcc/arm-elf/4.4.7/thumb/interwork/libgcc.a(_arm_addsubdf3.o)
__aeabi_cdcmpeq                                   /home/robo/nxtOSEK/gnuarm/lib/gcc/arm-elf/4.4.7/thumb/interwork/libgcc.a(_arm_cmpdf2.o)
__aeabi_cdcmple                                   /home/robo/nxtOSEK/gnuarm/lib/gcc/arm-elf/4.4.7/thumb/interwork/libgcc.a(_arm_cmpdf2.o)
__aeabi_cdrcmple                                  /home/robo/nxtOSEK/gnuarm/lib/gcc/arm-elf/4.4.7/thumb/interwork/libgcc.a(_arm_cmpdf2.o)
__aeabi_dadd                                      /home/robo/nxtOSEK/gnuarm/lib/gcc/arm-elf/4.4.7/thumb/interwork/libgcc.a(_arm_addsubdf3.o)
__aeabi_dcmpeq                                    /home/robo/nxtOSEK/gnuarm/lib/gcc/arm-elf/4.4.7/thumb/interwork/libgcc.a(_arm_cmpdf2.o)
__aeabi_dcmpge                                    /home/robo/nxtOSEK/gnuarm/lib/gcc/arm-elf/4.4.7/thumb/interwork/libgcc.a(_arm_cmpdf2.o)
__aeabi_dcmpgt                                    /home/robo/nxtOSEK/gnuarm/lib/gcc/arm-elf/4.4.7/thumb/interwork/libgcc.a(_arm_cmpdf2.o)
__aeabi_dcmple                                    /home/robo/nxtOSEK/gnuarm/lib/gcc/arm-elf/4.4.7/thumb/interwork/libgcc.a(_arm_cmpdf2.o)
__aeabi_dcmplt                                    /home/robo/nxtOSEK/gnuarm/lib/gcc/arm-elf/4.4.7/thumb/interwork/libgcc.a(_arm_cmpdf2.o)
__aeabi_ddiv                                      /home/robo/nxtOSEK/gnuarm/lib/gcc/arm-elf/4.4.7/thumb/interwork/libgcc.a(_arm_muldivdf3.o)
__aeabi_dmul                                      /home/robo/nxtOSEK/gnuarm/lib/gcc/arm-elf/4.4.7/thumb/interwork/libgcc.a(_arm_muldivdf3.o)
__aeabi_drsub                                     /home/robo/nxtOSEK/gnuarm/lib/gcc/arm-elf/4.4.7/thumb/interwork/libgcc.a(_arm_addsubdf3.o)
__aeabi_dsub                                      /home/robo/nxtOSEK/gnuarm/lib/gcc/arm-elf/4.4.7/thumb/interwork/libgcc.a(_arm_addsubdf3.o)
__aeabi_f2d                                       /home/robo/nxtOSEK/gnuarm/lib/gcc/arm-elf/4.4.7/thumb/interwork/libgcc.a(_arm_addsubdf3.o)
__aeabi_i2d                                       /home/robo/nxtOSEK/gnuarm/lib/gcc/arm-elf/4.4.7/thumb/interwork/libgcc.a(_arm_addsubdf3.o)
__aeabi_idiv                                      /home/robo/nxtOSEK/gnuarm/lib/gcc/arm-elf/4.4.7/thumb/interwork/libgcc.a(_divsi3.o)
__aeabi_idiv0                                     /home/robo/nxtOSEK/gnuarm/lib/gcc/arm-elf/4.4.7/thumb/interwork/libgcc.a(_dvmd_tls.o)
__aeabi_idivmod                                   /home/robo/nxtOSEK/gnuarm/lib/gcc/arm-elf/4.4.7/thumb/interwork/libgcc.a(_divsi3.o)
__aeabi_l2d                                       /home/robo/nxtOSEK/gnuarm/lib/gcc/arm-elf/4.4.7/thumb/interwork/libgcc.a(_arm_addsubdf3.o)
__aeabi_ldiv0                                     /home/robo/nxtOSEK/gnuarm/lib/gcc/arm-elf/4.4.7/thumb/interwork/libgcc.a(_dvmd_tls.o)
__aeabi_ui2d                                      /home/robo/nxtOSEK/gnuarm/lib/gcc/arm-elf/4.4.7/thumb/interwork/libgcc.a(_arm_addsubdf3.o)
__aeabi_uidiv                                     /home/robo/nxtOSEK/gnuarm/lib/gcc/arm-elf/4.4.7/thumb/interwork/libgcc.a(_udivsi3.o)
__aeabi_uidivmod                                  /home/robo/nxtOSEK/gnuarm/lib/gcc/arm-elf/4.4.7/thumb/interwork/libgcc.a(_udivsi3.o)
__aeabi_ul2d                                      /home/robo/nxtOSEK/gnuarm/lib/gcc/arm-elf/4.4.7/thumb/interwork/libgcc.a(_arm_addsubdf3.o)
__bss_end__                                       build/ecrobot_init.o
__bss_start__                                     build/ecrobot_init.o
__call_posttaskhook_from_arm                      linker stubs
__call_pretaskhook_from_arm                       linker stubs
__clzsi2                                          /home/robo/nxtOSEK/gnuarm/lib/gcc/arm-elf/4.4.7/thumb/interwork/libgcc.a(_clzsi2.o)
                                                  /home/robo/nxtOSEK/gnuarm/lib/gcc/arm-elf/4.4.7/thumb/interwork/libgcc.a(_divdi3.o)
__cmpdf2                                          /home/robo/nxtOSEK/gnuarm/lib/gcc/arm-elf/4.4.7/thumb/interwork/libgcc.a(_arm_cmpdf2.o)
__ctor_begin                                      build/ecrobot_base.o
__ctor_end                                        build/ecrobot_base.o
__data_load_end__                                 build/ecrobot_init.o
__data_load_start__                               build/ecrobot_init.o
__data_ram_start__                                build/ecrobot_init.o
__div0                                            /home/robo/nxtOSEK/gnuarm/lib/gcc/arm-elf/4.4.7/thumb/interwork/libgcc.a(_dvmd_tls.o)
                                                  /home/robo/nxtOSEK/gnuarm/lib/gcc/arm-elf/4.4.7/thumb/interwork/libgcc.a(_modsi3.o)
                                                  /home/robo/nxtOSEK/gnuarm/lib/gcc/arm-elf/4.4.7/thumb/interwork/libgcc.a(_umodsi3.o)
                                                  /home/robo/nxtOSEK/gnuarm/lib/gcc/arm-elf/4.4.7/thumb/interwork/libgcc.a(_divsi3.o)
                                                  /home/robo/nxtOSEK/gnuarm/lib/gcc/arm-elf/4.4.7/thumb/interwork/libgcc.a(_udivsi3.o)
__divdf3                                          /home/robo/nxtOSEK/gnuarm/lib/gcc/arm-elf/4.4.7/thumb/interwork/libgcc.a(_arm_muldivdf3.o)
__divdi3                                          /home/robo/nxtOSEK/gnuarm/lib/gcc/arm-elf/4.4.7/thumb/interwork/libgcc.a(_divdi3.o)
                                                  /home/robo/nxtOSEK/nxtOSEK/ecrobot/../ecrobot/libecrobot.a(sound.oram)
__divsi3                                          /home/robo/nxtOSEK/gnuarm/lib/gcc/arm-elf/4.4.7/thumb/interwork/libgcc.a(_divsi3.o)
                                                  /home/robo/nxtOSEK/nxtOSEK/ecrobot/../ecrobot/libecrobot.a(sound.oram)
                                                  /home/robo/nxtOSEK/nxtOSEK/ecrobot/../ecrobot/libecrobot.a(uart.oram)
                                                  build/src/main.o
__dtor_begin                                      build/ecrobot_base.o
__dtor_end                                        build/ecrobot_base.o
__eqdf2                                           /home/robo/nxtOSEK/gnuarm/lib/gcc/arm-elf/4.4.7/thumb/interwork/libgcc.a(_arm_cmpdf2.o)
__extendsfdf2                                     /home/robo/nxtOSEK/gnuarm/lib/gcc/arm-elf/4.4.7/thumb/interwork/libgcc.a(_arm_addsubdf3.o)
__floatdidf                                       /home/robo/nxtOSEK/gnuarm/lib/gcc/arm-elf/4.4.7/thumb/interwork/libgcc.a(_arm_addsubdf3.o)
__floatsidf                                       /home/robo/nxtOSEK/gnuarm/lib/gcc/arm-elf/4.4.7/thumb/interwork/libgcc.a(_arm_addsubdf3.o)
                                                  /home/robo/nxtOSEK/nxtOSEK/ecrobot/../ecrobot/libecrobot.a(colorsensor.o)
__floatundidf                                     /home/robo/nxtOSEK/gnuarm/lib/gcc/arm-elf/4.4.7/thumb/interwork/libgcc.a(_arm_addsubdf3.o)
__floatunsidf                                     /home/robo/nxtOSEK/gnuarm/lib/gcc/arm-elf/4.4.7/thumb/interwork/libgcc.a(_arm_addsubdf3.o)
__gedf2                                           /home/robo/nxtOSEK/gnuarm/lib/gcc/arm-elf/4.4.7/thumb/interwork/libgcc.a(_arm_cmpdf2.o)
__gtdf2                                           /home/robo/nxtOSEK/gnuarm/lib/gcc/arm-elf/4.4.7/thumb/interwork/libgcc.a(_arm_cmpdf2.o)
                                                  /home/robo/nxtOSEK/nxtOSEK/ecrobot/../ecrobot/libecrobot.a(colorsensor.o)
__irq_stack__                                     build/ecrobot_init.o
__ledf2                                           /home/robo/nxtOSEK/gnuarm/lib/gcc/arm-elf/4.4.7/thumb/interwork/libgcc.a(_arm_cmpdf2.o)
__ltdf2                                           /home/robo/nxtOSEK/gnuarm/lib/gcc/arm-elf/4.4.7/thumb/interwork/libgcc.a(_arm_cmpdf2.o)
__modsi3                                          /home/robo/nxtOSEK/gnuarm/lib/gcc/arm-elf/4.4.7/thumb/interwork/libgcc.a(_modsi3.o)
                                                  /home/robo/nxtOSEK/nxtOSEK/ecrobot/../ecrobot/libecrobot.a(sound.oram)
__muldf3                                          /home/robo/nxtOSEK/gnuarm/lib/gcc/arm-elf/4.4.7/thumb/interwork/libgcc.a(_arm_muldivdf3.o)
                                                  /home/robo/nxtOSEK/nxtOSEK/ecrobot/../ecrobot/libecrobot.a(colorsensor.o)
__muldi3                                          /home/robo/nxtOSEK/gnuarm/lib/gcc/arm-elf/4.4.7/thumb/interwork/libgcc.a(_muldi3.o)
                                                  /home/robo/nxtOSEK/nxtOSEK/ecrobot/../ecrobot/libecrobot.a(sound.oram)
__nedf2                                           /home/robo/nxtOSEK/gnuarm/lib/gcc/arm-elf/4.4.7/thumb/interwork/libgcc.a(_arm_cmpdf2.o)
__ramtext_load_end__                              build/ecrobot_init.o
__ramtext_load_start__                            build/ecrobot_init.o
__ramtext_ram_start__                             build/ecrobot_init.o
__stack_end__                                     build/ecrobot_init.o
__stack_start__                                   build/ecrobot_init.o
__subdf3                                          /home/robo/nxtOSEK/gnuarm/lib/gcc/arm-elf/4.4.7/thumb/interwork/libgcc.a(_arm_addsubdf3.o)
__system_stack__                                  build/config/at91sam7s-gnu/cpu_support.oram
                                                  build/ecrobot_init.o
__udivsi3                                         /home/robo/nxtOSEK/gnuarm/lib/gcc/arm-elf/4.4.7/thumb/interwork/libgcc.a(_udivsi3.o)
                                                  /home/robo/nxtOSEK/gnuarm/lib/gcc/arm-elf/4.4.7/thumb/interwork/libgcc.a(_divdi3.o)
                                                  /home/robo/nxtOSEK/nxtOSEK/ecrobot/../ecrobot/libecrobot.a(sound.oram)
                                                  /home/robo/nxtOSEK/nxtOSEK/ecrobot/../ecrobot/libecrobot.a(display.oram)
                                                  /home/robo/nxtOSEK/nxtOSEK/ecrobot/../ecrobot/libecrobot.a(ecrobot_interface.o)
                                                  build/ecrobot_base.o
__umodsi3                                         /home/robo/nxtOSEK/gnuarm/lib/gcc/arm-elf/4.4.7/thumb/interwork/libgcc.a(_umodsi3.o)
                                                  /home/robo/nxtOSEK/gnuarm/lib/gcc/arm-elf/4.4.7/thumb/interwork/libgcc.a(_divdi3.o)
                                                  /home/robo/nxtOSEK/nxtOSEK/ecrobot/../ecrobot/libecrobot.a(display.oram)
__vectors_load_end__                              build/ecrobot_init.o
__vectors_load_start__                            build/ecrobot_init.o
__vectors_ram_start__                             build/ecrobot_init.o
_errorhook_par1                                   build/kernel/task_manage.o