Archive member included because of file (symbol)

/home/robo/nxtOSEK/nxtOSEK/ecrobot/../ecrobot/libecrobot.a(ecrobot_interface.o)
                              build/src/main.o (ecrobot_set_light_sensor_active)
/home/robo/nxtOSEK/nxtOSEK/ecrobot/../ecrobot/libecrobot.a(colorsensor.o)
                              /home/robo/nxtOSEK/nxtOSEK/ecrobot/../ecrobot/libecrobot.a(ecrobot_interface.o) (colorsensor_init)
/home/robo/nxtOSEK/nxtOSEK/ecrobot/../ecrobot/libecrobot.a(osek_hook.o)
                              build/kernel/osctl.o (StartupHook)
/home/robo/nxtOSEK/nxtOSEK/ecrobot/../ecrobot/libecrobot.a(uart.oram)
                              build/config/at91sam7s-gnu/irq.oram (uart_isr_C_0)
/home/robo/nxtOSEK/nxtOSEK/ecrobot/../ecrobot/libecrobot.a(systick.oram)
                              build/syslib/at91sam7s-gnu/lego_nxt/hw_sys_timer.oram (systick_low_priority_C)
/home/robo/nxtOSEK/nxtOSEK/ecrobot/../ecrobot/libecrobot.a(byte_fifo.oram)
                              /home/robo/nxtOSEK/nxtOSEK/ecrobot/../ecrobot/libecrobot.a(uart.oram) (byte_fifo_put)
/home/robo/nxtOSEK/nxtOSEK/ecrobot/../ecrobot/libecrobot.a(aic.oram)
                              /home/robo/nxtOSEK/nxtOSEK/ecrobot/../ecrobot/libecrobot.a(uart.oram) (aic_set_vector)
/home/robo/nxtOSEK/nxtOSEK/ecrobot/../ecrobot/libecrobot.a(udp.oram)
                              build/config/at91sam7s-gnu/irq.oram (udp_isr_C)
/home/robo/nxtOSEK/nxtOSEK/ecrobot/../ecrobot/libecrobot.a(twi.oram)
                              build/config/at91sam7s-gnu/irq.oram (twi_isr_C)
/home/robo/nxtOSEK/nxtOSEK/ecrobot/../ecrobot/libecrobot.a(nxt_spi.oram)
                              build/config/at91sam7s-gnu/irq.oram (spi_isr_C)
/home/robo/nxtOSEK/nxtOSEK/ecrobot/../ecrobot/libecrobot.a(nxt_motors.oram)
                              build/src/main.o (nxt_motor_get_count)
/home/robo/nxtOSEK/nxtOSEK/ecrobot/../ecrobot/libecrobot.a(data_abort.oram)
                              build/ecrobot_init.o (data_abort_C)
/home/robo/nxtOSEK/nxtOSEK/ecrobot/../ecrobot/libecrobot.a(display.oram)
                              build/ecrobot_base.o (display_update)
/home/robo/nxtOSEK/nxtOSEK/ecrobot/../ecrobot/libecrobot.a(i2c.oram)
                              build/config/at91sam7s-gnu/irq.oram (i2c_timer_isr_C)
/home/robo/nxtOSEK/nxtOSEK/ecrobot/../ecrobot/libecrobot.a(sound.oram)
                              /home/robo/nxtOSEK/nxtOSEK/ecrobot/../ecrobot/libecrobot.a(ecrobot_interface.o) (sound_get_time)
/home/robo/nxtOSEK/nxtOSEK/ecrobot/../ecrobot/libecrobot.a(bt.oram)
                              build/ecrobot_bluetooth.o (bt_send)
/home/robo/nxtOSEK/nxtOSEK/ecrobot/../ecrobot/libecrobot.a(nxt_avr.oram)
                              build/ecrobot_base.o (nxt_avr_power_down)
/home/robo/nxtOSEK/nxtOSEK/ecrobot/../ecrobot/libecrobot.a(sensors.oram)
                              /home/robo/nxtOSEK/nxtOSEK/ecrobot/../ecrobot/libecrobot.a(ecrobot_interface.o) (unset_digi0)
/home/robo/nxtOSEK/nxtOSEK/ecrobot/../ecrobot/libecrobot.a(sensors1.oram)
                              /home/robo/nxtOSEK/nxtOSEK/ecrobot/../ecrobot/libecrobot.a(colorsensor.o) (sensor_pins)
/home/robo/nxtOSEK/nxtOSEK/ecrobot/../ecrobot/libecrobot.a(nxt_lcd.oram)
                              /home/robo/nxtOSEK/nxtOSEK/ecrobot/../ecrobot/libecrobot.a(display.oram) (nxt_lcd_force_update)
/home/robo/nxtOSEK/nxtOSEK/ecrobot/../ecrobot/libecrobot.a(flash_loader.oram)
                              build/ecrobot_base.o (set_flash_request)
/home/robo/nxtOSEK/nxtOSEK/ecrobot/../ecrobot/libecrobot.a(interrupts.oram)
                              /home/robo/nxtOSEK/nxtOSEK/ecrobot/../ecrobot/libecrobot.a(uart.oram) (interrupts_get_and_disable)
/home/robo/nxtOSEK/nxtOSEK/ecrobot/../ecrobot/libecrobot.a(nxtosek_splash.obmp)
                              build/ecrobot_base.o (nxtosek_splash_bmp_start)
/home/robo/nxtOSEK/nxtOSEK/ecrobot/../ecrobot/libecrobot.a(ecrobot_usb.o)
                              /home/robo/nxtOSEK/nxtOSEK/ecrobot/../ecrobot/libecrobot.a(flash_loader.oram) (ecrobot_init_usb)
/home/robo/nxtOSEK/nxtOSEK/ecrobot/../ecrobot/libecrobot.a(flashprog.oram)
                              /home/robo/nxtOSEK/nxtOSEK/ecrobot/../ecrobot/libecrobot.a(flash_loader.oram) (flash_write_page)
/home/robo/nxtOSEK/gnuarm/lib/gcc/arm-elf/4.4.7/thumb/interwork/libgcc.a(_udivsi3.o)
                              build/ecrobot_base.o (__udivsi3)
/home/robo/nxtOSEK/gnuarm/lib/gcc/arm-elf/4.4.7/thumb/interwork/libgcc.a(_divsi3.o)
                              /home/robo/nxtOSEK/nxtOSEK/ecrobot/../ecrobot/libecrobot.a(uart.oram) (__divsi3)
/home/robo/nxtOSEK/gnuarm/lib/gcc/arm-elf/4.4.7/thumb/interwork/libgcc.a(_umodsi3.o)
                              /home/robo/nxtOSEK/nxtOSEK/ecrobot/../ecrobot/libecrobot.a(display.oram) (__umodsi3)
/home/robo/nxtOSEK/gnuarm/lib/gcc/arm-elf/4.4.7/thumb/interwork/libgcc.a(_modsi3.o)
[...]
Memory Configuration

Name             Origin             Length             Attributes
rom              0x00108000         0x00038000
vector_ram       0x00200000         0x00000040
ram              0x00200040         0x0000ffc0
*default*        0x00000000         0xffffffff

Linker script and memory map

LOAD build/kernel/alarm.o
LOAD build/kernel/event.o
LOAD build/kernel/interrupt.o
LOAD build/kernel/osctl.o
LOAD build/kernel/resource.o
LOAD build/kernel/task.o
LOAD build/kernel/task_manage.o
LOAD build/config/at91sam7s-gnu/cpu_config.o
LOAD build/config/at91sam7s-gnu/lego_nxt/sys_config.o
LOAD build/./kernel_cfg.o
LOAD build/syscalls.o
LOAD build/ecrobot_bluetooth.o
LOAD build/ecrobot_base.o
LOAD build/ecrobot.o
LOAD build/src/main.o
LOAD build/syslib/at91sam7s-gnu/lego_nxt/hw_sys_timer.oram
LOAD build/nxtvm/platform/nxt/vectors.o
LOAD build/config/at91sam7s-gnu/debug.o
LOAD build/config/at91sam7s-gnu/lego_nxt/sys_support.o
LOAD build/nxt_binary_header.o
LOAD build/nxt_entry_point.o
LOAD build/ecrobot_init.o
LOAD build/config/at91sam7s-gnu/cpu_support.oram
LOAD build/config/at91sam7s-gnu/irq.oram
LOAD /home/robo/nxtOSEK/nxtOSEK/ecrobot/../c++/liblejososek.a
LOAD /home/robo/nxtOSEK/nxtOSEK/ecrobot/../ecrobot/libecrobot.a
LOAD /home/robo/nxtOSEK/gnuarm/lib/gcc/arm-elf/4.4.7/../../../../arm-elf/lib/thumb/interwork/libstdc++.a
LOAD /home/robo/nxtOSEK/gnuarm/lib/gcc/arm-elf/4.4.7/../../../../arm-elf/lib/thumb/interwork/libm.a
START GROUP
LOAD /home/robo/nxtOSEK/gnuarm/lib/gcc/arm-elf/4.4.7/thumb/interwork/libgcc.a
LOAD /home/robo/nxtOSEK/gnuarm/lib/gcc/arm-elf/4.4.7/../../../../arm-elf/lib/thumb/interwork/libc.a
END GROUP
                0x00108000                ROM_BASE = 0x108000
                0x00038000                ROM_SIZE = 0x38000
                0x00200000                RAM_BASE = 0x200000
                0x00010000                RAM_SIZE = 0x10000

.vectors        0x00200000       0x40 load address 0x00108000
 vectors.o(*.text *.text.*)
 .text          0x00200000       0x38 build/nxtvm/platform/nxt/vectors.o
                0x00200040                . = ALIGN (0x10)
 *fill*         0x00200038        0x8 00
                0x00200000                __vectors_ram_start__ = ADDR (.vectors)
                0x00200040                __vectors_ram_end__ = (ADDR (.vectors) + SIZEOF (.vectors))
                0x00108000                __vectors_load_start__ = LOADADDR (.vectors)
                0x00108040                __vectors_load_end__ = (LOADADDR (.vectors) + SIZEOF (.vectors))

.init           0x00108040      0x280
 *ecrobot_init.o(*.text *.text.*)
 .text          0x00108040      0x280 build/ecrobot_init.o
                0x00108040                start
                0x001081ac                undef_handler
                0x001081b0                swi_handler
                0x001081b4                prefetch_abort_handler
                0x001081b8                data_abort_handler
                0x001081d4                reserved_handler
                0x001082c0                . = ALIGN (0x10)

.ram_text       0x00200040     0x32d0 load address 0x001082c0
                0x00200040                . = ALIGN (0x10)
 *.oram(*.text *.text.* *.glue*)
 .text.systick_isr_C1
                0x00200040       0x28 build/syslib/at91sam7s-gnu/lego_nxt/hw_sys_timer.oram
                0x00200040                systick_isr_C1
 *fill*         0x00200068        0x8 00
 .text          0x00200070      0x230 build/config/at91sam7s-gnu/cpu_support.oram
                0x00200070                dispatch
                0x002000b0                activate_r
                0x002000e0                exit_and_dispatch
                0x002000f0                start_dispatch
                0x002001ac                _interrupt
                0x0020021c                int_return
                0x00200248                disable_int
                0x00200250                enable_int
                0x00200258                nop
 .text          0x002002a0      0x2c0 build/config/at91sam7s-gnu/irq.oram
                0x002002a0                default_isr
                0x002002a0                default_fiq
                0x002002a0                spurious_isr
                0x002002a4                systick_isr_entry
                0x002002ec                systick_low_priority_entry
                0x0020032c                udp_isr_entry
                0x0020036c                spi_isr_entry
                0x002003ac                twi_isr_entry
                0x002003ec                sound_isr_entry
                0x0020042c                uart_isr_entry_0
                0x0020046c                uart_isr_entry_1
                0x002004ac                nxt_motor_isr_entry
                0x002004ec                i2c_timer_isr_entry
 .text.uart_process_isr
                0x00200560       0x88 /home/robo/nxtOSEK/nxtOSEK/ecrobot/../ecrobot/libecrobot.a(uart.oram)
 .text.uart_isr_C_0
                0x002005e8        0xc /home/robo/nxtOSEK/nxtOSEK/ecrobot/../ecrobot/libecrobot.a(uart.oram)
                0x002005e8                uart_isr_C_0
 .text.uart_isr_C_1
                0x002005f4        0xc /home/robo/nxtOSEK/nxtOSEK/ecrobot/../ecrobot/libecrobot.a(uart.oram)
                0x002005f4                uart_isr_C_1
 .text.systick_low_priority_C
                0x00200600       0x1c /home/robo/nxtOSEK/nxtOSEK/ecrobot/../ecrobot/libecrobot.a(systick.oram)
                0x00200600                systick_low_priority_C
 .text.systick_isr_C
                0x0020061c       0x24 /home/robo/nxtOSEK/nxtOSEK/ecrobot/../ecrobot/libecrobot.a(systick.oram)
                0x0020061c                systick_isr_C
 .text.systick_get_ms
                0x00200640        0xc /home/robo/nxtOSEK/nxtOSEK/ecrobot/../ecrobot/libecrobot.a(systick.oram)
                0x00200640                systick_get_ms
 .text.systick_wait_ms
                0x0020064c       0x1c /home/robo/nxtOSEK/nxtOSEK/ecrobot/../ecrobot/libecrobot.a(systick.oram)
                0x0020064c                systick_wait_ms
 .text.systick_wait_ns
                0x00200668       0x1c /home/robo/nxtOSEK/nxtOSEK/ecrobot/../ecrobot/libecrobot.a(systick.oram)
                0x00200668                systick_wait_ns
 .text.systick_init
                0x00200684       0x58 /home/robo/nxtOSEK/nxtOSEK/ecrobot/../ecrobot/libecrobot.a(systick.oram)
                0x00200684                systick_init
 .text.systick_suspend
                0x002006dc        0xc /home/robo/nxtOSEK/nxtOSEK/ecrobot/../ecrobot/libecrobot.a(systick.oram)
                0x002006dc                systick_suspend
 .text.systick_resume
                0x002006e8        0xc /home/robo/nxtOSEK/nxtOSEK/ecrobot/../ecrobot/libecrobot.a(systick.oram)
                0x002006e8                systick_resume
 .text.byte_fifo_put
                0x002006f4       0x58 /home/robo/nxtOSEK/nxtOSEK/ecrobot/../ecrobot/libecrobot.a(byte_fifo.oram)
                0x002006f4                byte_fifo_put
 .text.byte_fifo_get
                0x0020074c       0x2c /home/robo/nxtOSEK/nxtOSEK/ecrobot/../ecrobot/libecrobot.a(byte_fifo.oram)
                0x0020074c                byte_fifo_get
 .text.aic_initialise
                0x00200778       0x5c /home/robo/nxtOSEK/nxtOSEK/ecrobot/../ecrobot/libecrobot.a(aic.oram)
                0x00200778                aic_initialise
 .text.aic_set_vector
                0x002007d4       0x30 /home/robo/nxtOSEK/nxtOSEK/ecrobot/../ecrobot/libecrobot.a(aic.oram)
                0x002007d4                aic_set_vector
 .text.aic_mask_on
                0x00200804       0x24 /home/robo/nxtOSEK/nxtOSEK/ecrobot/../ecrobot/libecrobot.a(aic.oram)
                0x00200804                aic_mask_on
 .text.aic_mask_off
                0x00200828       0x24 /home/robo/nxtOSEK/nxtOSEK/ecrobot/../ecrobot/libecrobot.a(aic.oram)
                0x00200828                aic_mask_off
 .text.aic_clear
                0x0020084c       0x24 /home/robo/nxtOSEK/nxtOSEK/ecrobot/../ecrobot/libecrobot.a(aic.oram)
                0x0020084c                aic_clear
 .text.reset    0x00200870       0x4c /home/robo/nxtOSEK/nxtOSEK/ecrobot/../ecrobot/libecrobot.a(udp.oram)
 .text.udp_send_null
                0x002008bc       0x2c /home/robo/nxtOSEK/nxtOSEK/ecrobot/../ecrobot/libecrobot.a(udp.oram)
 .text.udp_send_stall
                0x002008e8       0x2c /home/robo/nxtOSEK/nxtOSEK/ecrobot/../ecrobot/libecrobot.a(udp.oram)
 .text.udp_send_control
                0x00200914       0x60 /home/robo/nxtOSEK/nxtOSEK/ecrobot/../ecrobot/libecrobot.a(udp.oram)
 .text.udp_isr_C
                0x00200974      0x7d0 /home/robo/nxtOSEK/nxtOSEK/ecrobot/../ecrobot/libecrobot.a(udp.oram)
                0x00200974                udp_isr_C
 .text.twi_status
                0x00201144       0x20 /home/robo/nxtOSEK/nxtOSEK/ecrobot/../ecrobot/libecrobot.a(twi.oram)
                0x00201144                twi_status
 .text.twi_isr_C
                0x00201164       0xc4 /home/robo/nxtOSEK/nxtOSEK/ecrobot/../ecrobot/libecrobot.a(twi.oram)
                0x00201164                twi_isr_C
 .text.twi_reset
                0x00201228       0xb4 /home/robo/nxtOSEK/nxtOSEK/ecrobot/../ecrobot/libecrobot.a(twi.oram)
                0x00201228                twi_reset
 .text.twi_init
                0x002012dc       0x4c /home/robo/nxtOSEK/nxtOSEK/ecrobot/../ecrobot/libecrobot.a(twi.oram)
                0x002012dc                twi_init
 .text.twi_start_read
                0x00201328       0x60 /home/robo/nxtOSEK/nxtOSEK/ecrobot/../ecrobot/libecrobot.a(twi.oram)
                0x00201328                twi_start_read
 .text.twi_start_write
                0x00201388       0x64 /home/robo/nxtOSEK/nxtOSEK/ecrobot/../ecrobot/libecrobot.a(twi.oram)
                0x00201388                twi_start_write
 .text.spi_set_mode
                0x002013ec       0x40 /home/robo/nxtOSEK/nxtOSEK/ecrobot/../ecrobot/libecrobot.a(nxt_spi.oram)
 .text.spi_isr_C
                0x0020142c       0x8c /home/robo/nxtOSEK/nxtOSEK/ecrobot/../ecrobot/libecrobot.a(nxt_spi.oram)
                0x0020142c                spi_isr_C
 .text.nxt_spi_init
                0x002014b8      0x12c /home/robo/nxtOSEK/nxtOSEK/ecrobot/../ecrobot/libecrobot.a(nxt_spi.oram)
                0x002014b8                nxt_spi_init
 .text.nxt_spi_write
                0x002015e4       0x44 /home/robo/nxtOSEK/nxtOSEK/ecrobot/../ecrobot/libecrobot.a(nxt_spi.oram)
                0x002015e4                nxt_spi_write
 .text.nxt_spi_set_display
                0x00201628       0x10 /home/robo/nxtOSEK/nxtOSEK/ecrobot/../ecrobot/libecrobot.a(nxt_spi.oram)
                0x00201628                nxt_spi_set_display
 .text.nxt_spi_refresh
                0x00201638       0x24 /home/robo/nxtOSEK/nxtOSEK/ecrobot/../ecrobot/libecrobot.a(nxt_spi.oram)
                0x00201638                nxt_spi_refresh
 .text.nxt_motor_get_count
                0x0020165c       0x14 /home/robo/nxtOSEK/nxtOSEK/ecrobot/../ecrobot/libecrobot.a(nxt_motors.oram)
                0x0020165c                nxt_motor_get_count
 .text.nxt_motor_set_count
                0x00201670       0x10 /home/robo/nxtOSEK/nxtOSEK/ecrobot/../ecrobot/libecrobot.a(nxt_motors.oram)
                0x00201670                nxt_motor_set_count
 .text.nxt_motor_set_speed
                0x00201680       0x34 /home/robo/nxtOSEK/nxtOSEK/ecrobot/../ecrobot/libecrobot.a(nxt_motors.oram)
                0x00201680                nxt_motor_set_speed
 .text.nxt_motor_1kHz_process
                0x002016b4       0x28 /home/robo/nxtOSEK/nxtOSEK/ecrobot/../ecrobot/libecrobot.a(nxt_motors.oram)
                0x002016b4                nxt_motor_1kHz_process
 .text.nxt_motor_quad_decode
                0x002016dc       0x30 /home/robo/nxtOSEK/nxtOSEK/ecrobot/../ecrobot/libecrobot.a(nxt_motors.oram)
                0x002016dc                nxt_motor_quad_decode
 .text.nxt_motor_isr_C
                0x0020170c       0x88 /home/robo/nxtOSEK/nxtOSEK/ecrobot/../ecrobot/libecrobot.a(nxt_motors.oram)
                0x0020170c                nxt_motor_isr_C
 .text.nxt_motor_init
                0x00201794       0x68 /home/robo/nxtOSEK/nxtOSEK/ecrobot/../ecrobot/libecrobot.a(nxt_motors.oram)
                0x00201794                nxt_motor_init
 .text.data_abort_C
                0x002017fc       0x7c /home/robo/nxtOSEK/nxtOSEK/ecrobot/../ecrobot/libecrobot.a(data_abort.oram)
                0x002017fc                data_abort_C
 .text.display_update
                0x00201878       0x14 /home/robo/nxtOSEK/nxtOSEK/ecrobot/../ecrobot/libecrobot.a(display.oram)
                0x00201878                display_update
 .text.display_force_update
                0x0020188c        0xc /home/robo/nxtOSEK/nxtOSEK/ecrobot/../ecrobot/libecrobot.a(display.oram)
                0x0020188c                display_force_update
 .text.display_clear
                0x00201898       0x24 /home/robo/nxtOSEK/nxtOSEK/ecrobot/../ecrobot/libecrobot.a(display.oram)
                0x00201898                display_clear
 .text.display_goto_xy
                0x002018bc       0x14 /home/robo/nxtOSEK/nxtOSEK/ecrobot/../ecrobot/libecrobot.a(display.oram)
                0x002018bc                display_goto_xy
 .text.display_char
                0x002018d0       0x60 /home/robo/nxtOSEK/nxtOSEK/ecrobot/../ecrobot/libecrobot.a(display.oram)
                0x002018d0                display_char
 .text.display_string
                0x00201930       0x3c /home/robo/nxtOSEK/nxtOSEK/ecrobot/../ecrobot/libecrobot.a(display.oram)
                0x00201930                display_string
 .text.display_hex
                0x0020196c       0x50 /home/robo/nxtOSEK/nxtOSEK/ecrobot/../ecrobot/libecrobot.a(display.oram)
                0x0020196c                display_hex
 .text.display_unsigned_worker
                0x002019bc       0x70 /home/robo/nxtOSEK/nxtOSEK/ecrobot/../ecrobot/libecrobot.a(display.oram)
 .text.display_unsigned
                0x00201a2c        0xc /home/robo/nxtOSEK/nxtOSEK/ecrobot/../ecrobot/libecrobot.a(display.oram)
                0x00201a2c                display_unsigned
 .text.display_int
                0x00201a38       0x14 /home/robo/nxtOSEK/nxtOSEK/ecrobot/../ecrobot/libecrobot.a(display.oram)
                0x00201a38                display_int
 .text.display_bitmap_copy
                0x00201a4c       0x5c /home/robo/nxtOSEK/nxtOSEK/ecrobot/../ecrobot/libecrobot.a(display.oram)
                0x00201a4c                display_bitmap_copy
 .text.display_init
                0x00201aa8       0x50 /home/robo/nxtOSEK/nxtOSEK/ecrobot/../ecrobot/libecrobot.a(display.oram)
                0x00201aa8                display_init
 .text.i2c_timer_isr_C
                0x00201af8      0x314 /home/robo/nxtOSEK/nxtOSEK/ecrobot/../ecrobot/libecrobot.a(i2c.oram)
                0x00201af8                i2c_timer_isr_C
 .text.i2c_disable
                0x00201e0c       0x20 /home/robo/nxtOSEK/nxtOSEK/ecrobot/../ecrobot/libecrobot.a(i2c.oram)
                0x00201e0c                i2c_disable
 .text.i2c_init
                0x00201e2c       0xa4 /home/robo/nxtOSEK/nxtOSEK/ecrobot/../ecrobot/libecrobot.a(i2c.oram)
                0x00201e2c                i2c_init
 .text.set_vol  0x00201ed0       0xa4 /home/robo/nxtOSEK/nxtOSEK/ecrobot/../ecrobot/libecrobot.a(sound.oram)
 .text.sound_fill_sample_buffer
                0x00201f74       0xe4 /home/robo/nxtOSEK/nxtOSEK/ecrobot/../ecrobot/libecrobot.a(sound.oram)
                0x00201f74                sound_fill_sample_buffer
 .text.sound_freq_vol
                0x00202058      0x1ec /home/robo/nxtOSEK/nxtOSEK/ecrobot/../ecrobot/libecrobot.a(sound.oram)
                0x00202058                sound_freq_vol
 .text.sound_init
                0x00202244       0xa0 /home/robo/nxtOSEK/nxtOSEK/ecrobot/../ecrobot/libecrobot.a(sound.oram)
                0x00202244                sound_init
 .text.sound_isr_C
                0x002022e4      0x180 /home/robo/nxtOSEK/nxtOSEK/ecrobot/../ecrobot/libecrobot.a(sound.oram)
                0x002022e4                sound_isr_C
 .text.bt_init  0x00202464      0x1c0 /home/robo/nxtOSEK/nxtOSEK/ecrobot/../ecrobot/libecrobot.a(bt.oram)
                0x00202464                bt_init
 .text.nxt_avr_power_down
                0x00202624       0x10 /home/robo/nxtOSEK/nxtOSEK/ecrobot/../ecrobot/libecrobot.a(nxt_avr.oram)
                0x00202624                nxt_avr_power_down
 .text.nxt_avr_link_init
                0x00202634       0x20 /home/robo/nxtOSEK/nxtOSEK/ecrobot/../ecrobot/libecrobot.a(nxt_avr.oram)
                0x00202634                nxt_avr_link_init
 .text.nxt_avr_init
                0x00202654       0x6c /home/robo/nxtOSEK/nxtOSEK/ecrobot/../ecrobot/libecrobot.a(nxt_avr.oram)
                0x00202654                nxt_avr_init
 .text.nxt_avr_1kHz_update
                0x002026c0      0x1cc /home/robo/nxtOSEK/nxtOSEK/ecrobot/../ecrobot/libecrobot.a(nxt_avr.oram)
                0x002026c0                nxt_avr_1kHz_update
 .text.buttons_get
                0x0020288c        0xc /home/robo/nxtOSEK/nxtOSEK/ecrobot/../ecrobot/libecrobot.a(nxt_avr.oram)
                0x0020288c                buttons_get
 .text.battery_voltage
                0x00202898       0x28 /home/robo/nxtOSEK/nxtOSEK/ecrobot/../ecrobot/libecrobot.a(nxt_avr.oram)
                0x00202898                battery_voltage
 .text.sensor_adc
                0x002028c0       0x20 /home/robo/nxtOSEK/nxtOSEK/ecrobot/../ecrobot/libecrobot.a(nxt_avr.oram)
                0x002028c0                sensor_adc
 .text.nxt_avr_set_motor
                0x002028e0       0x34 /home/robo/nxtOSEK/nxtOSEK/ecrobot/../ecrobot/libecrobot.a(nxt_avr.oram)
                0x002028e0                nxt_avr_set_motor
 .text.nxt_avr_set_input_power
                0x00202914       0x3c /home/robo/nxtOSEK/nxtOSEK/ecrobot/../ecrobot/libecrobot.a(nxt_avr.oram)
                0x00202914                nxt_avr_set_input_power
 .text.unset_digi0
                0x00202950       0x44 /home/robo/nxtOSEK/nxtOSEK/ecrobot/../ecrobot/libecrobot.a(sensors.oram)
                0x00202950                unset_digi0
 .text.unset_digi1
                0x00202994       0x44 /home/robo/nxtOSEK/nxtOSEK/ecrobot/../ecrobot/libecrobot.a(sensors.oram)
                0x00202994                unset_digi1
 .text.init_sensors
                0x002029d8       0x4c /home/robo/nxtOSEK/nxtOSEK/ecrobot/../ecrobot/libecrobot.a(sensors.oram)
                0x002029d8                init_sensors
 .text.set_digi0
                0x00202a24       0x44 /home/robo/nxtOSEK/nxtOSEK/ecrobot/../ecrobot/libecrobot.a(sensors.oram)
                0x00202a24                set_digi0
 .text.nxt_lcd_command
                0x00202a68       0x18 /home/robo/nxtOSEK/nxtOSEK/ecrobot/../ecrobot/libecrobot.a(nxt_lcd.oram)
                0x00202a68                nxt_lcd_command
 .text.nxt_lcd_set_col
                0x00202a80       0x24 /home/robo/nxtOSEK/nxtOSEK/ecrobot/../ecrobot/libecrobot.a(nxt_lcd.oram)
                0x00202a80                nxt_lcd_set_col
 .text.nxt_lcd_set_multiplex_rate
                0x00202aa4       0x18 /home/robo/nxtOSEK/nxtOSEK/ecrobot/../ecrobot/libecrobot.a(nxt_lcd.oram)
                0x00202aa4                nxt_lcd_set_multiplex_rate
 .text.nxt_lcd_set_page_address
                0x00202abc       0x18 /home/robo/nxtOSEK/nxtOSEK/ecrobot/../ecrobot/libecrobot.a(nxt_lcd.oram)
                0x00202abc                nxt_lcd_set_page_address
 .text.nxt_lcd_set_pot
                0x00202ad4       0x1c /home/robo/nxtOSEK/nxtOSEK/ecrobot/../ecrobot/libecrobot.a(nxt_lcd.oram)
                0x00202ad4                nxt_lcd_set_pot
 .text.nxt_lcd_set_ram_address_control
                0x00202af0       0x18 /home/robo/nxtOSEK/nxtOSEK/ecrobot/../ecrobot/libecrobot.a(nxt_lcd.oram)
                0x00202af0                nxt_lcd_set_ram_address_control
 .text.nxt_lcd_enable
                0x00202b08       0x14 /home/robo/nxtOSEK/nxtOSEK/ecrobot/../ecrobot/libecrobot.a(nxt_lcd.oram)
                0x00202b08                nxt_lcd_enable
 .text.nxt_lcd_set_map_control
                0x00202b1c       0x18 /home/robo/nxtOSEK/nxtOSEK/ecrobot/../ecrobot/libecrobot.a(nxt_lcd.oram)
                0x00202b1c                nxt_lcd_set_map_control
 .text.nxt_lcd_reset
                0x00202b34        0xc /home/robo/nxtOSEK/nxtOSEK/ecrobot/../ecrobot/libecrobot.a(nxt_lcd.oram)
                0x00202b34                nxt_lcd_reset
 .text.nxt_lcd_set_bias_ratio
                0x00202b40       0x18 /home/robo/nxtOSEK/nxtOSEK/ecrobot/../ecrobot/libecrobot.a(nxt_lcd.oram)
                0x00202b40                nxt_lcd_set_bias_ratio
 .text.nxt_lcd_force_update
                0x00202b58       0x30 /home/robo/nxtOSEK/nxtOSEK/ecrobot/../ecrobot/libecrobot.a(nxt_lcd.oram)
                0x00202b58                nxt_lcd_force_update
 .text.nxt_lcd_update
                0x00202b88        0xc /home/robo/nxtOSEK/nxtOSEK/ecrobot/../ecrobot/libecrobot.a(nxt_lcd.oram)
                0x00202b88                nxt_lcd_update
 .text.nxt_lcd_power_up
                0x00202b94       0x48 /home/robo/nxtOSEK/nxtOSEK/ecrobot/../ecrobot/libecrobot.a(nxt_lcd.oram)
                0x00202b94                nxt_lcd_power_up
 .text.nxt_lcd_power_down
                0x00202bdc        0xc /home/robo/nxtOSEK/nxtOSEK/ecrobot/../ecrobot/libecrobot.a(nxt_lcd.oram)
                0x00202bdc                nxt_lcd_power_down
 .text.nxt_lcd_init
                0x00202be8       0x18 /home/robo/nxtOSEK/nxtOSEK/ecrobot/../ecrobot/libecrobot.a(nxt_lcd.oram)
                0x00202be8                nxt_lcd_init
 .text.verify_flash_page
                0x00202c00       0x34 /home/robo/nxtOSEK/nxtOSEK/ecrobot/../ecrobot/libecrobot.a(flash_loader.oram)
 .text.set_flash_request
                0x00202c34       0x38 /home/robo/nxtOSEK/nxtOSEK/ecrobot/../ecrobot/libecrobot.a(flash_loader.oram)
                0x00202c34                set_flash_request
 .text.nxt_device_init
                0x00202c6c       0x38 /home/robo/nxtOSEK/nxtOSEK/ecrobot/../ecrobot/libecrobot.a(flash_loader.oram)
                0x00202c6c                nxt_device_init
 .text          0x00202ca4       0x68 /home/robo/nxtOSEK/nxtOSEK/ecrobot/../ecrobot/libecrobot.a(interrupts.oram)
                0x00202ca4                interrupts_get_and_disable
                0x00202cc8                interrupts_enable
                0x00202cd8                fiq_get_and_disable
                0x00202cfc                fiq_enable
 .text.flash_write_page
                0x00202d0c       0xc0 /home/robo/nxtOSEK/nxtOSEK/ecrobot/../ecrobot/libecrobot.a(flashprog.oram)
                0x00202d0c                flash_write_page
                0x00202dd0                . = ALIGN (0x10)
 *fill*         0x00202dcc        0x4 00
 *.oram(*.rodata *.rodata.*)
 .rodata.ld     0x00202dd0        0x4 /home/robo/nxtOSEK/nxtOSEK/ecrobot/../ecrobot/libecrobot.a(udp.oram)
 .rodata.cfd    0x00202dd4       0x20 /home/robo/nxtOSEK/nxtOSEK/ecrobot/../ecrobot/libecrobot.a(udp.oram)
 .rodata.dd     0x00202df4       0x12 /home/robo/nxtOSEK/nxtOSEK/ecrobot/../ecrobot/libecrobot.a(udp.oram)
 *fill*         0x00202e06        0x2 00
 .rodata.str1.4
                0x00202e08       0x22 /home/robo/nxtOSEK/nxtOSEK/ecrobot/../ecrobot/libecrobot.a(data_abort.oram)
                                 0x24 (size before relaxing)
 .rodata.font   0x00202e2a      0x280 /home/robo/nxtOSEK/nxtOSEK/ecrobot/../ecrobot/libecrobot.a(display.oram)
 *fill*         0x002030aa        0x2 00
 .rodata.str1.4
                0x002030ac       0x76 /home/robo/nxtOSEK/nxtOSEK/ecrobot/../ecrobot/libecrobot.a(display.oram)
                                 0x78 (size before relaxing)
 *fill*         0x00203122        0x2 00
 .rodata.i2c_pin
                0x00203124       0x20 /home/robo/nxtOSEK/nxtOSEK/ecrobot/../ecrobot/libecrobot.a(i2c.oram)
 .rodata.i2c_timer_isr_C
                0x00203144       0x38 /home/robo/nxtOSEK/nxtOSEK/ecrobot/../ecrobot/libecrobot.a(i2c.oram)
 .rodata.logvol
                0x0020317c        0xc /home/robo/nxtOSEK/nxtOSEK/ecrobot/../ecrobot/libecrobot.a(sound.oram)
                0x0020317c                logvol
 .rodata.silence
                0x00203188       0x40 /home/robo/nxtOSEK/nxtOSEK/ecrobot/../ecrobot/libecrobot.a(sound.oram)
                0x00203188                silence
 .rodata.sine   0x002031c8       0x10 /home/robo/nxtOSEK/nxtOSEK/ecrobot/../ecrobot/libecrobot.a(sound.oram)
                0x002031c8                sine
 .rodata.sample_pattern
                0x002031d8       0x84 /home/robo/nxtOSEK/nxtOSEK/ecrobot/../ecrobot/libecrobot.a(sound.oram)
                0x002031d8                sample_pattern
 .rodata        0x0020325c        0xc /home/robo/nxtOSEK/nxtOSEK/ecrobot/../ecrobot/libecrobot.a(sound.oram)
 .rodata.avr_brainwash_string
                0x00203268       0x30 /home/robo/nxtOSEK/nxtOSEK/ecrobot/../ecrobot/libecrobot.a(nxt_avr.oram)
                0x00203268                avr_brainwash_string
 .rodata.nxt_avr_1kHz_update
                0x00203298       0x14 /home/robo/nxtOSEK/nxtOSEK/ecrobot/../ecrobot/libecrobot.a(nxt_avr.oram)
 .rodata.C.33.1823
                0x002032ac       0x10 /home/robo/nxtOSEK/nxtOSEK/ecrobot/../ecrobot/libecrobot.a(sensors.oram)
 .rodata.C.37.1857
                0x002032bc       0x10 /home/robo/nxtOSEK/nxtOSEK/ecrobot/../ecrobot/libecrobot.a(sensors.oram)
 .rodata.C.31.1806
                0x002032cc       0x10 /home/robo/nxtOSEK/nxtOSEK/ecrobot/../ecrobot/libecrobot.a(sensors.oram)
 .rodata.str1.4
                0x002032dc       0x24 /home/robo/nxtOSEK/nxtOSEK/ecrobot/../ecrobot/libecrobot.a(flash_loader.oram)
 .rodata.str1.4.stub
                0x00203300       0x10 linker stubs
                0x00203310                . = ALIGN (0x10)
                0x00200040                __ramtext_ram_start__ = ADDR (.ram_text)
                0x00203310                __ramtext_ram_end__ = (ADDR (.ram_text) + SIZEOF (.ram_text))
                0x001082c0                __ramtext_load_start__ = LOADADDR (.ram_text)
                0x0010b590                __ramtext_load_end__ = (__ramtext_load_start__ + SIZEOF (.ram_text))

.wav_data       0x0010b590        0x0
 *.owav(*.data *.data.*)
                0x0010b590                . = ALIGN (0x10)

.bmp_data       0x0010b590      0x440
 *.obmp(*.data *.data.*)
 .data          0x0010b590      0x43e /home/robo/nxtOSEK/nxtOSEK/ecrobot/../ecrobot/libecrobot.a(nxtosek_splash.obmp)
                0x0010b590                nxtosek_splash_bmp_start
                0x0010b9ce                nxtosek_splash_bmp_end
                0x0010b9d0                . = ALIGN (0x10)
 *fill*         0x0010b9ce        0x2 00

.spr_data       0x0010b9d0        0x0
 *.ospr(*.data *.data.*)
                0x0010b9d0                . = ALIGN (0x10)

.data           0x00203310       0x70 load address 0x0010b9d0
 *(*.data *.data.*)
 .data.bt_status
                0x00203310        0x1 build/ecrobot_bluetooth.o
 *fill*         0x00203311        0x3 00
 .data.distance_state
                0x00203314       0x10 /home/robo/nxtOSEK/nxtOSEK/ecrobot/../ecrobot/libecrobot.a(ecrobot_interface.o)
 .data.deviceStatus
                0x00203324        0x1 /home/robo/nxtOSEK/nxtOSEK/ecrobot/../ecrobot/libecrobot.a(ecrobot_interface.o)
 .data.named    0x00203325       0x22 /home/robo/nxtOSEK/nxtOSEK/ecrobot/../ecrobot/libecrobot.a(udp.oram)
 .data.snd      0x00203347       0x1a /home/robo/nxtOSEK/nxtOSEK/ecrobot/../ecrobot/libecrobot.a(udp.oram)
 *fill*         0x00203361        0x3 00
 .data.configured
                0x00203364        0x4 /home/robo/nxtOSEK/nxtOSEK/ecrobot/../ecrobot/libecrobot.a(udp.oram)
 .data.mode     0x00203368        0x1 /home/robo/nxtOSEK/nxtOSEK/ecrobot/../ecrobot/libecrobot.a(nxt_spi.oram)
                0x00203368                mode
 *fill*         0x00203369        0x3 00
 .bss.data      0x0020336c        0x4 /home/robo/nxtOSEK/nxtOSEK/ecrobot/../ecrobot/libecrobot.a(nxt_spi.oram)
                0x0020336c                data
 .data.display_auto_update
                0x00203370        0x4 /home/robo/nxtOSEK/nxtOSEK/ecrobot/../ecrobot/libecrobot.a(display.oram)
                0x00203370                display_auto_update
 .data.display_buffer
                0x00203374        0x4 /home/robo/nxtOSEK/nxtOSEK/ecrobot/../ecrobot/libecrobot.a(display.oram)
                0x00203380                . = ALIGN (0x10)
 *fill*         0x00203378        0x8 00
                0x00203310                __data_ram_start__ = ADDR (.data)
                0x00203380                __data_ram_end__ = (ADDR (.data) + SIZEOF (.data))
                0x0010b9d0                __data_load_start__ = LOADADDR (.data)
                0x0010ba40                __data_load_end__ = (__data_load_start__ + SIZEOF (.data))

.text           0x0010ba40     0x1310
                0x0010ba40                . = ALIGN (0x10)
 *(*.text *.text.* *.glue*)
 .glue_7        0x0010ba40       0x18 linker stubs
                0x0010ba40                __call_posttaskhook_from_arm
                0x0010ba4c                __call_pretaskhook_from_arm
 .glue_7t       0x00000000        0x0 linker stubs
 .text.StartOS  0x0010ba58       0x58 build/kernel/osctl.o
                0x0010ba58                StartOS
 .text.call_pretaskhook
                0x0010bab0       0x24 build/kernel/osctl.o
                0x0010bab0                call_pretaskhook
 .text.call_posttaskhook
                0x0010bad4       0x24 build/kernel/osctl.o
                0x0010bad4                call_posttaskhook
 .text.make_runnable
                0x0010baf8       0xa4 build/kernel/task.o
                0x0010baf8                make_runnable
 .text.make_active
                0x0010bb9c       0x78 build/kernel/task.o
                0x0010bb9c                make_active
 .text.task_initialize
                0x0010bc14       0x88 build/kernel/task.o
                0x0010bc14                task_initialize
 .text.cpu_initialize
                0x0010bc9c        0x4 build/config/at91sam7s-gnu/cpu_config.o
                0x0010bc9c                cpu_initialize
 .text.sys_initialize
                0x0010bca0        0x4 build/config/at91sam7s-gnu/lego_nxt/sys_config.o
                0x0010bca0                sys_initialize
 .text.object_initialize
                0x0010bca4        0xc build/./kernel_cfg.o
                0x0010bca4                object_initialize
 .text.ecrobot_get_bt_status
                0x0010bcb0        0xc build/ecrobot_bluetooth.o
                0x0010bcb0                ecrobot_get_bt_status
 .text.init_OS_flag
                0x0010bcbc        0xc build/ecrobot_base.o
                0x0010bcbc                init_OS_flag
 .text.set_OS_flag
                0x0010bcc8        0xc build/ecrobot_base.o
                0x0010bcc8                set_OS_flag
 .text.get_OS_flag
                0x0010bcd4        0xc build/ecrobot_base.o
                0x0010bcd4                get_OS_flag
 .text.cpp_constructor
                0x0010bce0       0x28 build/ecrobot_base.o
                0x0010bce0                cpp_constructor
 .text.cpp_destructor
                0x0010bd08       0x28 build/ecrobot_base.o
                0x0010bd08                cpp_destructor
 .text.execution_mode
                0x0010bd30       0x14 build/ecrobot_base.o
                0x0010bd30                execution_mode
 .text.shutdown_NXT
                0x0010bd44       0x2c build/ecrobot_base.o
                0x0010bd44                shutdown_NXT
 .text.restart_NXT
                0x0010bd70       0x2c build/ecrobot_base.o
                0x0010bd70                restart_NXT
 .text.check_NXT_buttons
                0x0010bd9c       0x38 build/ecrobot_base.o
                0x0010bd9c                check_NXT_buttons
 .text.add_status_info
                0x0010bdd4       0x68 build/ecrobot_base.o
                0x0010bdd4                add_status_info
 .text.show_main_screen
                0x0010be3c       0x48 build/ecrobot_base.o
                0x0010be3c                show_main_screen
 .text.display_status_bar
                0x0010be84       0x5c build/ecrobot_base.o
                0x0010be84                display_status_bar
 .text.show_splash_screen
                0x0010bee0       0x98 build/ecrobot_base.o
                0x0010bee0                show_splash_screen
 .text.main     0x0010bf78      0x108 build/ecrobot.o
                0x0010bf78                main
 .text.user_1ms_isr_type2
                0x0010c080        0x4 build/src/main.o
                0x0010c080                user_1ms_isr_type2
 .text.ecrobot_device_initialize
                0x0010c084        0x4 build/src/main.o
                0x0010c084                ecrobot_device_initialize
 .text.ecrobot_device_terminate
                0x0010c088        0x4 build/src/main.o
                0x0010c088                ecrobot_device_terminate
 .text.anzeige  0x0010c08c       0x8c build/src/main.o
                0x0010c08c                anzeige
 .text.stop     0x0010c118       0x1c build/src/main.o
                0x0010c118                stop
 .text.fahren   0x0010c134       0x3c build/src/main.o
                0x0010c134                fahren
 .text.lenken   0x0010c170       0x48 build/src/main.o
                0x0010c170                lenken
 .text.richtiglenken
                0x0010c1b8       0x58 build/src/main.o
                0x0010c1b8                richtiglenken
 .text.suchen   0x0010c210       0x94 build/src/main.o
                0x0010c210                suchen
 .text.orientierung
                0x0010c2a4       0x1c build/src/main.o
                0x0010c2a4                orientierung
 .text.folgen   0x0010c2c0       0xac build/src/main.o
                0x0010c2c0                folgen
 .text.TaskMainOSEK_Main_Task
                0x0010c36c       0x44 build/src/main.o
                0x0010c36c                TaskMainOSEK_Main_Task
 .text.ecrobot_set_light_sensor_active
                0x0010c3b0       0x10 /home/robo/nxtOSEK/nxtOSEK/ecrobot/../ecrobot/libecrobot.a(ecrobot_interface.o)
                0x0010c3b0                ecrobot_set_light_sensor_active
 .text.ecrobot_get_light_sensor
                0x0010c3c0       0x14 /home/robo/nxtOSEK/nxtOSEK/ecrobot/../ecrobot/libecrobot.a(ecrobot_interface.o)
                0x0010c3c0                ecrobot_get_light_sensor
 .text.getDistance
                0x0010c3d4       0x20 /home/robo/nxtOSEK/nxtOSEK/ecrobot/../ecrobot/libecrobot.a(ecrobot_interface.o)
 .text.ecrobot_get_battery_voltage
                0x0010c3f4        0xc /home/robo/nxtOSEK/nxtOSEK/ecrobot/../ecrobot/libecrobot.a(ecrobot_interface.o)
                0x0010c3f4                ecrobot_get_battery_voltage
 .text.ecrobot_get_button_state
                0x0010c400        0xc /home/robo/nxtOSEK/nxtOSEK/ecrobot/../ecrobot/libecrobot.a(ecrobot_interface.o)
                0x0010c400                ecrobot_get_button_state
 .text.ecrobot_init_nxtstate
                0x0010c40c       0x28 /home/robo/nxtOSEK/nxtOSEK/ecrobot/../ecrobot/libecrobot.a(ecrobot_interface.o)
                0x0010c40c                ecrobot_init_nxtstate
 .text.ecrobot_poll_nxtstate
                0x0010c434       0x64 /home/robo/nxtOSEK/nxtOSEK/ecrobot/../ecrobot/libecrobot.a(ecrobot_interface.o)
                0x0010c434                ecrobot_poll_nxtstate
 .text.ecrobot_setDeviceInitialized
                0x0010c498       0x18 /home/robo/nxtOSEK/nxtOSEK/ecrobot/../ecrobot/libecrobot.a(ecrobot_interface.o)
                0x0010c498                ecrobot_setDeviceInitialized
 .text.ecrobot_initDeviceStatus
                0x0010c4b0        0xc /home/robo/nxtOSEK/nxtOSEK/ecrobot/../ecrobot/libecrobot.a(ecrobot_interface.o)
                0x0010c4b0                ecrobot_initDeviceStatus
 .text.ecrobot_bmp2lcd
                0x0010c4bc      0x1c8 /home/robo/nxtOSEK/nxtOSEK/ecrobot/../ecrobot/libecrobot.a(ecrobot_interface.o)
                0x0010c4bc                ecrobot_bmp2lcd
 .text.ecrobot_status_monitor
                0x0010c684      0x138 /home/robo/nxtOSEK/nxtOSEK/ecrobot/../ecrobot/libecrobot.a(ecrobot_interface.o)
                0x0010c684                ecrobot_status_monitor
 .text.ecrobot_sound_tone
                0x0010c7bc        0xc /home/robo/nxtOSEK/nxtOSEK/ecrobot/../ecrobot/libecrobot.a(ecrobot_interface.o)
                0x0010c7bc                ecrobot_sound_tone
 .text.StartupHook
                0x0010c7c8        0x4 /home/robo/nxtOSEK/nxtOSEK/ecrobot/../ecrobot/libecrobot.a(osek_hook.o)
                0x0010c7c8                StartupHook
 .text.PreTaskHook
                0x0010c7cc        0x4 /home/robo/nxtOSEK/nxtOSEK/ecrobot/../ecrobot/libecrobot.a(osek_hook.o)
                0x0010c7cc                PreTaskHook
 .text.PostTaskHook
                0x0010c7d0        0x4 /home/robo/nxtOSEK/nxtOSEK/ecrobot/../ecrobot/libecrobot.a(osek_hook.o)
                0x0010c7d0                PostTaskHook
 .text          0x0010c7d4       0x8c /home/robo/nxtOSEK/gnuarm/lib/gcc/arm-elf/4.4.7/thumb/interwork/libgcc.a(_udivsi3.o)
                0x0010c7d4                __udivsi3
                0x0010c7d4                __aeabi_uidiv
                0x0010c850                __aeabi_uidivmod
 .text          0x0010c860       0xa4 /home/robo/nxtOSEK/gnuarm/lib/gcc/arm-elf/4.4.7/thumb/interwork/libgcc.a(_divsi3.o)
                0x0010c860                __aeabi_idiv
                0x0010c860                __divsi3
                0x0010c8f4                __aeabi_idivmod
 .text          0x0010c904       0xc8 /home/robo/nxtOSEK/gnuarm/lib/gcc/arm-elf/4.4.7/thumb/interwork/libgcc.a(_umodsi3.o)
                0x0010c904                __umodsi3
 .text          0x0010c9cc       0xd8 /home/robo/nxtOSEK/gnuarm/lib/gcc/arm-elf/4.4.7/thumb/interwork/libgcc.a(_modsi3.o)
                0x0010c9cc                __modsi3
 .text          0x0010caa4        0x4 /home/robo/nxtOSEK/gnuarm/lib/gcc/arm-elf/4.4.7/thumb/interwork/libgcc.a(_dvmd_tls.o)
                0x0010caa4                __aeabi_ldiv0
                0x0010caa4                __div0
                0x0010caa4                __aeabi_idiv0
 .text          0x0010caa8       0x94 /home/robo/nxtOSEK/gnuarm/lib/gcc/arm-elf/4.4.7/../../../../arm-elf/lib/thumb/interwork/libc.a(lib_a-memset.o)
                0x0010caa8                memset
 .text          0x0010cb3c       0x10 /home/robo/nxtOSEK/gnuarm/lib/gcc/arm-elf/4.4.7/../../../../arm-elf/lib/thumb/interwork/libc.a(lib_a-strcpy.o)
                0x0010cb3c                strcpy
 .text          0x0010cb4c       0x10 /home/robo/nxtOSEK/gnuarm/lib/gcc/arm-elf/4.4.7/../../../../arm-elf/lib/thumb/interwork/libc.a(lib_a-strlen.o)
                0x0010cb4c                strlen
                0x0010cb60                . = ALIGN (0x10)
 *fill*         0x0010cb5c        0x4 00
 *(*.rodata *.rodata.*)
 .rodata.tnum_task
                0x0010cb60        0x1 build/./kernel_cfg.o
                0x0010cb60                tnum_task
 *fill*         0x0010cb61        0x3 00
 .rodata.tinib_stksz
                0x0010cb64        0x4 build/./kernel_cfg.o
                0x0010cb64                tinib_stksz
 .rodata.tinib_inipri
                0x0010cb68        0x4 build/./kernel_cfg.o
                0x0010cb68                tinib_inipri
 .rodata.tinib_stk
                0x0010cb6c        0x4 build/./kernel_cfg.o
                0x0010cb6c                tinib_stk
 .rodata.tnum_exttask
                0x0010cb70        0x1 build/./kernel_cfg.o
                0x0010cb70                tnum_exttask
 *fill*         0x0010cb71        0x3 00
 .rodata.tinib_exepri
                0x0010cb74        0x4 build/./kernel_cfg.o
                0x0010cb74                tinib_exepri
 .rodata.tinib_autoact
                0x0010cb78        0x4 build/./kernel_cfg.o
                0x0010cb78                tinib_autoact
 .rodata.tinib_task
                0x0010cb7c        0x4 build/./kernel_cfg.o
                0x0010cb7c                tinib_task
 .rodata.str1.1
                0x0010cb80       0x6c build/ecrobot_base.o
 .rodata.exec_addr
                0x0010cbec        0x4 build/ecrobot_base.o
                0x0010cbec                exec_addr
 .rodata.str1.1
                0x0010cbf0       0xb9 build/src/main.o
 *fill*         0x0010cca9        0x3 00
 .rodata.str1.4
                0x0010ccac       0x84 /home/robo/nxtOSEK/nxtOSEK/ecrobot/../ecrobot/libecrobot.a(ecrobot_interface.o)
 .rodata.str1.4.stub
                0x0010cd30       0x20 linker stubs
                0x0010cd50                . = ALIGN (0x10)
 *(*.gnu.linkonce.* .gcc_except_table)
                0x0010cd50                . = ALIGN (0x10)

.vfp11_veneer   0x00203380        0x0
 .vfp11_veneer  0x00000000        0x0 linker stubs

.v4_bx          0x00203380        0x0
 .v4_bx         0x00000000        0x0 linker stubs

.tors           0x0010cd50        0x0
                0x0010cd50                . = ALIGN (0x10)
                0x0010cd50                __ctor_begin = .
 *(*.ctors*)
                0x0010cd50                __ctor_end = .
                0x0010cd50                . = ALIGN (0x10)
                0x0010cd50                __dtor_begin = .
 *(*.dtors*)
                0x0010cd50                __dtor_end = .
                0x0010cd50                . = ALIGN (0x10)
                0x0010cd50                __rom_end__ = __dtor_end

.bss            0x00203380     0x1044
 *(*.bss *.bss.*)
 .bss.ready_queue_first
                0x00203380       0x10 build/kernel/task.o
 .bss.ready_primap
                0x00203390        0x2 build/kernel/task.o
 *fill*         0x00203392        0x2 00
 .bss.ready_queue_last
                0x00203394       0x10 build/kernel/task.o
 .bss._stack_OSEK_Main_Task
                0x002033a4      0x200 build/./kernel_cfg.o
 .bss.lcd.2769  0x002035a4      0x320 build/ecrobot_base.o
 .bss.status_bar_position
                0x002038c4        0x4 build/ecrobot_base.o
 .bss.last_act_time.2847
                0x002038c8        0x4 build/ecrobot_base.o
 .bss.status_bar
                0x002038cc       0x10 build/ecrobot_base.o
 .bss.OS_flag   0x002038dc        0x4 build/ecrobot_base.o
 .bss.buttons_i
                0x002038e0        0x4 /home/robo/nxtOSEK/nxtOSEK/ecrobot/../ecrobot/libecrobot.a(ecrobot_interface.o)
 .bss.buttons_states
                0x002038e4       0x14 /home/robo/nxtOSEK/nxtOSEK/ecrobot/../ecrobot/libecrobot.a(ecrobot_interface.o)
 .bss.ecrobot_inputs
                0x002038f8        0x8 /home/robo/nxtOSEK/nxtOSEK/ecrobot/../ecrobot/libecrobot.a(ecrobot_interface.o)
 .bss.systick_ms
                0x00203900        0x4 /home/robo/nxtOSEK/nxtOSEK/ecrobot/../ecrobot/libecrobot.a(systick.oram)
 .bss.delayedEnable
                0x00203904        0x1 /home/robo/nxtOSEK/nxtOSEK/ecrobot/../ecrobot/libecrobot.a(udp.oram)
 *fill*         0x00203905        0x3 00
 .bss.outCnt    0x00203908        0x4 /home/robo/nxtOSEK/nxtOSEK/ecrobot/../ecrobot/libecrobot.a(udp.oram)
 .bss.outPtr    0x0020390c        0x4 /home/robo/nxtOSEK/nxtOSEK/ecrobot/../ecrobot/libecrobot.a(udp.oram)
 .bss.newAddress
                0x00203910        0x4 /home/robo/nxtOSEK/nxtOSEK/ecrobot/../ecrobot/libecrobot.a(udp.oram)
 .bss.currentRxBank
                0x00203914        0x4 /home/robo/nxtOSEK/nxtOSEK/ecrobot/../ecrobot/libecrobot.a(udp.oram)
 .bss.currentFeatures
                0x00203918        0x4 /home/robo/nxtOSEK/nxtOSEK/ecrobot/../ecrobot/libecrobot.a(udp.oram)
 .bss.currentConfig
                0x0020391c        0x1 /home/robo/nxtOSEK/nxtOSEK/ecrobot/../ecrobot/libecrobot.a(udp.oram)
 *fill*         0x0020391d        0x3 00
 .bss.twi_mask  0x00203920        0x4 /home/robo/nxtOSEK/nxtOSEK/ecrobot/../ecrobot/libecrobot.a(twi.oram)
 .bss.twi_ptr   0x00203924        0x4 /home/robo/nxtOSEK/nxtOSEK/ecrobot/../ecrobot/libecrobot.a(twi.oram)
 .bss.twi_pending
                0x00203928        0x4 /home/robo/nxtOSEK/nxtOSEK/ecrobot/../ecrobot/libecrobot.a(twi.oram)
 .bss.twi_state
                0x0020392c        0x4 /home/robo/nxtOSEK/nxtOSEK/ecrobot/../ecrobot/libecrobot.a(twi.oram)
 .bss.page      0x00203930        0x1 /home/robo/nxtOSEK/nxtOSEK/ecrobot/../ecrobot/libecrobot.a(nxt_spi.oram)
                0x00203930                page
 .bss.dirty     0x00203931        0x1 /home/robo/nxtOSEK/nxtOSEK/ecrobot/../ecrobot/libecrobot.a(nxt_spi.oram)
                0x00203931                dirty
 *fill*         0x00203932        0x2 00
 .bss.display   0x00203934        0x4 /home/robo/nxtOSEK/nxtOSEK/ecrobot/../ecrobot/libecrobot.a(nxt_spi.oram)
                0x00203934                display
 .bss.interrupts_this_period
                0x00203938        0x4 /home/robo/nxtOSEK/nxtOSEK/ecrobot/../ecrobot/libecrobot.a(nxt_motors.oram)
 .bss.nxt_motor_initialised
                0x0020393c        0x4 /home/robo/nxtOSEK/nxtOSEK/ecrobot/../ecrobot/libecrobot.a(nxt_motors.oram)
 .bss.motor     0x00203940       0x30 /home/robo/nxtOSEK/nxtOSEK/ecrobot/../ecrobot/libecrobot.a(nxt_motors.oram)
 .bss.display_tick
                0x00203970        0x4 /home/robo/nxtOSEK/nxtOSEK/ecrobot/../ecrobot/libecrobot.a(display.oram)
                0x00203970                display_tick
 .bss.display_array
                0x00203974      0x388 /home/robo/nxtOSEK/nxtOSEK/ecrobot/../ecrobot/libecrobot.a(display.oram)
 .bss.i2c_int_count
                0x00203cfc        0x4 /home/robo/nxtOSEK/nxtOSEK/ecrobot/../ecrobot/libecrobot.a(i2c.oram)
 .bss.i2c_port  0x00203d00      0x170 /home/robo/nxtOSEK/nxtOSEK/ecrobot/../ecrobot/libecrobot.a(i2c.oram)
 .bss.sound_mode
                0x00203e70        0x1 /home/robo/nxtOSEK/nxtOSEK/ecrobot/../ecrobot/libecrobot.a(sound.oram)
                0x00203e70                sound_mode
 *fill*         0x00203e71        0x3 00
 .bss.in_buf_idx
                0x00203e74        0x4 /home/robo/nxtOSEK/nxtOSEK/ecrobot/../ecrobot/libecrobot.a(bt.oram)
 .bss.buf_ptr   0x00203e78        0x4 /home/robo/nxtOSEK/nxtOSEK/ecrobot/../ecrobot/libecrobot.a(bt.oram)
 .bss.out_buf_ptr
                0x00203e7c        0x1 /home/robo/nxtOSEK/nxtOSEK/ecrobot/../ecrobot/libecrobot.a(bt.oram)
 .bss.in_buf_in_ptr
                0x00203e7d        0x1 /home/robo/nxtOSEK/nxtOSEK/ecrobot/../ecrobot/libecrobot.a(bt.oram)
 .bss.in_buf    0x00203e7e      0x100 /home/robo/nxtOSEK/nxtOSEK/ecrobot/../ecrobot/libecrobot.a(bt.oram)
 *fill*         0x00203f7e        0x2 00
 .bss.link_state
                0x00203f80        0x4 /home/robo/nxtOSEK/nxtOSEK/ecrobot/../ecrobot/libecrobot.a(nxt_avr.oram)
 .bss.update_count
                0x00203f84        0x4 /home/robo/nxtOSEK/nxtOSEK/ecrobot/../ecrobot/libecrobot.a(nxt_avr.oram)
 .bss.nxt_avr_stats
                0x00203f88       0x14 /home/robo/nxtOSEK/nxtOSEK/ecrobot/../ecrobot/libecrobot.a(nxt_avr.oram)
 .bss.debounce_cnt
                0x00203f9c        0x2 /home/robo/nxtOSEK/nxtOSEK/ecrobot/../ecrobot/libecrobot.a(nxt_avr.oram)
 .bss.debounce_state
                0x00203f9e        0x2 /home/robo/nxtOSEK/nxtOSEK/ecrobot/../ecrobot/libecrobot.a(nxt_avr.oram)
 .bss.button_state
                0x00203fa0        0x2 /home/robo/nxtOSEK/nxtOSEK/ecrobot/../ecrobot/libecrobot.a(nxt_avr.oram)
 .bss.prev_buttons
                0x00203fa2        0x2 /home/robo/nxtOSEK/nxtOSEK/ecrobot/../ecrobot/libecrobot.a(nxt_avr.oram)
 .bss.from_buf  0x00203fa4        0x4 /home/robo/nxtOSEK/nxtOSEK/ecrobot/../ecrobot/libecrobot.a(nxt_avr.oram)
 .bss.io_from_avr
                0x00203fa8        0x4 /home/robo/nxtOSEK/nxtOSEK/ecrobot/../ecrobot/libecrobot.a(nxt_avr.oram)
 .bss.data_from_avr
                0x00203fac       0x1a /home/robo/nxtOSEK/nxtOSEK/ecrobot/../ecrobot/libecrobot.a(nxt_avr.oram)
 .bss.data_to_avr
                0x00203fc6        0x9 /home/robo/nxtOSEK/nxtOSEK/ecrobot/../ecrobot/libecrobot.a(nxt_avr.oram)
 .bss.io_to_avr
                0x00203fcf        0x8 /home/robo/nxtOSEK/nxtOSEK/ecrobot/../ecrobot/libecrobot.a(nxt_avr.oram)
 *fill*         0x00203fd7        0x1 00
 .bss.display   0x00203fd8        0x4 /home/robo/nxtOSEK/nxtOSEK/ecrobot/../ecrobot/libecrobot.a(nxt_lcd.oram)
                0x00203fe0                . = ALIGN (0x10)
 *fill*         0x00203fdc        0x4 00
                0x00203fe0                __bss_end__ = .
 COMMON         0x00203fe0        0x2 build/kernel/interrupt.o
                0x00203fe0                runisr
                0x00203fe1                sus_all_cnt
 *fill*         0x00203fe2        0x2 00
 COMMON         0x00203fe4       0x10 build/kernel/osctl.o
                0x00203fe4                callevel
                0x00203fe5                _errorhook_svcid
                0x00203fe6                appmode
                0x00203fe8                _errorhook_par1
                0x00203fec                _errorhook_par3
                0x00203ff0                _errorhook_par2
 COMMON         0x00203ff4        0x3 build/kernel/task.o
                0x00203ff4                runtsk
                0x00203ff5                schedtsk
                0x00203ff6                nextpri
 *fill*         0x00203ff7        0x1 00
 COMMON         0x00203ff8       0x48 build/./kernel_cfg.o
                0x00203ff8                tcb_waievt
                0x00203ffc                rescb_prevpri
                0x00204000                almcb_prev
                0x00204004                tcb_lastres
                0x00204008                almcb_almval
                0x0020400c                tcxb_pc
                0x00204010                tcb_next
                0x00204014                tcb_curpri
                0x00204018                tcb_tstat
                0x0020401c                isrcb_lastres
                0x00204020                cntcb_almque
                0x00204024                rescb_prevres
                0x00204028                tcb_actcnt
                0x0020402c                tcb_curevt
                0x00204030                almcb_cycle
                0x00204034                tcxb_sp
                0x00204038                almcb_next
                0x0020403c                cntcb_curval
 COMMON         0x00204040       0x10 build/src/main.o
                0x00204040                knoten
                0x00204044                kreuzung
 COMMON         0x00204050       0x44 /home/robo/nxtOSEK/nxtOSEK/ecrobot/../ecrobot/libecrobot.a(uart.oram)
                0x00204050                uart
 COMMON         0x00204094        0x4 /home/robo/nxtOSEK/nxtOSEK/ecrobot/../ecrobot/libecrobot.a(data_abort.oram)
                0x00204094                data_abort_pc
 COMMON         0x00204098        0x8 /home/robo/nxtOSEK/nxtOSEK/ecrobot/../ecrobot/libecrobot.a(display.oram)
                0x00204098                display_x
                0x0020409c                display_y
 COMMON         0x002040a0      0x324 /home/robo/nxtOSEK/nxtOSEK/ecrobot/../ecrobot/libecrobot.a(sound.oram)
                0x002040a0                sample
                0x00203380                __bss_start__ = ADDR (.bss)
                0x002043c4                __bss_end__ = (ADDR (.bss) + SIZEOF (.bss))
                0x002043c4                PROVIDE (end, .)

.heap_area      0x002043c4     0xb7b4
                0x0020fb78                . = (. + (0x20fb78 - end))
 *fill*         0x002043c4     0xb7b4 00

.stack          0x0020fb78      0x488
                0x0020fbf8                . = (. + 0x80)
 *fill*         0x0020fb78       0x80 00
                0x0020fc00                . = ALIGN (0x10)
 *fill*         0x0020fbf8        0x8 00
                0x0020fc00                __irq_stack__ = .
                0x0020fc00                __system_stack_bottom__ = .
                0x00210000                . = (. + 0x400)
 *fill*         0x0020fc00      0x400 00
                0x00210000                . = ALIGN (0x10)
                0x00210000                __system_stack__ = .
                0x00210000                __system_stack_top__ = .
                0x0020fb78                __stack_start__ = ADDR (.stack)
                0x00210000                __stack_end__ = (ADDR (.stack) + SIZEOF (.stack))
OUTPUT(main_rom.elf elf32-littlearm)

.comment        0x00000000      0x1af
 .comment       0x00000000       0x11 build/kernel/alarm.o
                                 0x12 (size before relaxing)
 .comment       0x00000000       0x12 build/kernel/event.o
 .comment       0x00000000       0x12 build/kernel/interrupt.o
 .comment       0x00000000       0x12 build/kernel/osctl.o
 .comment       0x00000000       0x12 build/kernel/resource.o
 .comment       0x00000000       0x12 build/kernel/task.o
 .comment       0x00000000       0x12 build/kernel/task_manage.o
 .comment       0x00000000       0x12 build/config/at91sam7s-gnu/cpu_config.o
 .comment       0x00000000       0x12 build/config/at91sam7s-gnu/lego_nxt/sys_config.o
 .comment       0x00000000       0x12 build/./kernel_cfg.o
 .comment       0x00000000       0x12 build/syscalls.o
 .comment       0x00000000       0x12 build/ecrobot_bluetooth.o
 .comment       0x00000000       0x12 build/ecrobot_base.o
 .comment       0x00000000       0x12 build/ecrobot.o
 .comment       0x00000000       0x12 build/src/main.o
 .comment       0x00000000       0x12 build/syslib/at91sam7s-gnu/lego_nxt/hw_sys_timer.oram
 .comment       0x00000011       0x12 /home/robo/nxtOSEK/nxtOSEK/ecrobot/../ecrobot/libecrobot.a(ecrobot_interface.o)
 .comment       0x00000023       0x12 /home/robo/nxtOSEK/nxtOSEK/ecrobot/../ecrobot/libecrobot.a(colorsensor.o)
 .comment       0x00000035       0x12 /home/robo/nxtOSEK/nxtOSEK/ecrobot/../ecrobot/libecrobot.a(osek_hook.o)
 .comment       0x00000047       0x12 /home/robo/nxtOSEK/nxtOSEK/ecrobot/../ecrobot/libecrobot.a(uart.oram)
 .comment       0x00000059       0x12 /home/robo/nxtOSEK/nxtOSEK/ecrobot/../ecrobot/libecrobot.a(systick.oram)
 .comment       0x0000006b       0x12 /home/robo/nxtOSEK/nxtOSEK/ecrobot/../ecrobot/libecrobot.a(byte_fifo.oram)
 .comment       0x0000007d       0x12 /home/robo/nxtOSEK/nxtOSEK/ecrobot/../ecrobot/libecrobot.a(aic.oram)
 .comment       0x0000008f       0x12 /home/robo/nxtOSEK/nxtOSEK/ecrobot/../ecrobot/libecrobot.a(udp.oram)
 .comment       0x000000a1       0x12 /home/robo/nxtOSEK/nxtOSEK/ecrobot/../ecrobot/libecrobot.a(twi.oram)
 .comment       0x000000b3       0x12 /home/robo/nxtOSEK/nxtOSEK/ecrobot/../ecrobot/libecrobot.a(nxt_spi.oram)
 .comment       0x000000c5       0x12 /home/robo/nxtOSEK/nxtOSEK/ecrobot/../ecrobot/libecrobot.a(nxt_motors.oram)
 .comment       0x000000d7       0x12 /home/robo/nxtOSEK/nxtOSEK/ecrobot/../ecrobot/libecrobot.a(data_abort.oram)
 .comment       0x000000e9       0x12 /home/robo/nxtOSEK/nxtOSEK/ecrobot/../ecrobot/libecrobot.a(display.oram)
 .comment       0x000000fb       0x12 /home/robo/nxtOSEK/nxtOSEK/ecrobot/../ecrobot/libecrobot.a(i2c.oram)
 .comment       0x0000010d       0x12 /home/robo/nxtOSEK/nxtOSEK/ecrobot/../ecrobot/libecrobot.a(sound.oram)
 .comment       0x0000011f       0x12 /home/robo/nxtOSEK/nxtOSEK/ecrobot/../ecrobot/libecrobot.a(bt.oram)
 .comment       0x00000131       0x12 /home/robo/nxtOSEK/nxtOSEK/ecrobot/../ecrobot/libecrobot.a(nxt_avr.oram)
 .comment       0x00000143       0x12 /home/robo/nxtOSEK/nxtOSEK/ecrobot/../ecrobot/libecrobot.a(sensors.oram)
 .comment       0x00000155       0x12 /home/robo/nxtOSEK/nxtOSEK/ecrobot/../ecrobot/libecrobot.a(sensors1.oram)
 .comment       0x00000167       0x12 /home/robo/nxtOSEK/nxtOSEK/ecrobot/../ecrobot/libecrobot.a(nxt_lcd.oram)
 .comment       0x00000179       0x12 /home/robo/nxtOSEK/nxtOSEK/ecrobot/../ecrobot/libecrobot.a(flash_loader.oram)
 .comment       0x0000018b       0x12 /home/robo/nxtOSEK/nxtOSEK/ecrobot/../ecrobot/libecrobot.a(ecrobot_usb.o)
 .comment       0x0000019d       0x12 /home/robo/nxtOSEK/nxtOSEK/ecrobot/../ecrobot/libecrobot.a(flashprog.oram)
 .comment       0x00000000       0x12 /home/robo/nxtOSEK/gnuarm/lib/gcc/arm-elf/4.4.7/thumb/interwork/libgcc.a(_muldi3.o)
 .comment       0x00000000       0x12 /home/robo/nxtOSEK/gnuarm/lib/gcc/arm-elf/4.4.7/thumb/interwork/libgcc.a(_divdi3.o)
 .comment       0x00000000       0x12 /home/robo/nxtOSEK/gnuarm/lib/gcc/arm-elf/4.4.7/../../../../arm-elf/lib/thumb/interwork/libc.a(lib_a-memcpy.o)
 .comment       0x00000000       0x12 /home/robo/nxtOSEK/gnuarm/lib/gcc/arm-elf/4.4.7/../../../../arm-elf/lib/thumb/interwork/libc.a(lib_a-memset.o)
 .comment       0x00000000       0x12 /home/robo/nxtOSEK/gnuarm/lib/gcc/arm-elf/4.4.7/../../../../arm-elf/lib/thumb/interwork/libc.a(lib_a-strcmp.o)
 .comment       0x00000000       0x12 /home/robo/nxtOSEK/gnuarm/lib/gcc/arm-elf/4.4.7/../../../../arm-elf/lib/thumb/interwork/libc.a(lib_a-strcpy.o)
 .comment       0x00000000       0x12 /home/robo/nxtOSEK/gnuarm/lib/gcc/arm-elf/4.4.7/../../../../arm-elf/lib/thumb/interwork/libc.a(lib_a-strlen.o)
 .comment       0x00000000       0x12 /home/robo/nxtOSEK/gnuarm/lib/gcc/arm-elf/4.4.7/../../../../arm-elf/lib/thumb/interwork/libc.a(lib_a-strncpy.o)

.ARM.attributes
                0x00000000       0x10
 .ARM.attributes
                0x00000000       0x10 build/kernel/alarm.o
 .ARM.attributes
                0x00000010       0x10 build/kernel/event.o
 .ARM.attributes
                0x00000020       0x10 build/kernel/interrupt.o
 .ARM.attributes
                0x00000030       0x10 build/kernel/osctl.o
 .ARM.attributes
                0x00000040       0x10 build/kernel/resource.o
 .ARM.attributes
                0x00000050       0x10 build/kernel/task.o
 .ARM.attributes
                0x00000060       0x10 build/kernel/task_manage.o
 .ARM.attributes
                0x00000070       0x10 build/config/at91sam7s-gnu/cpu_config.o
 .ARM.attributes
                0x00000080       0x10 build/config/at91sam7s-gnu/lego_nxt/sys_config.o
 .ARM.attributes
                0x00000090       0x10 build/./kernel_cfg.o
 .ARM.attributes
                0x000000a0       0x10 build/syscalls.o
 .ARM.attributes
                0x000000b0       0x10 build/ecrobot_bluetooth.o
 .ARM.attributes
                0x000000c0       0x10 build/ecrobot_base.o
 .ARM.attributes
                0x000000d0       0x10 build/ecrobot.o
 .ARM.attributes
                0x000000e0       0x10 build/src/main.o
 .ARM.attributes
                0x000000f0       0x10 build/syslib/at91sam7s-gnu/lego_nxt/hw_sys_timer.oram
 .ARM.attributes
                0x00000100       0x10 build/nxtvm/platform/nxt/vectors.o
 .ARM.attributes
                0x00000110       0x10 build/config/at91sam7s-gnu/debug.o
 .ARM.attributes
                0x00000120       0x10 build/config/at91sam7s-gnu/lego_nxt/sys_support.o
 .ARM.attributes
                0x00000130       0x10 build/nxt_binary_header.o
 .ARM.attributes
                0x00000140       0x10 build/nxt_entry_point.o
 .ARM.attributes
                0x00000150       0x10 build/ecrobot_init.o
 .ARM.attributes
                0x00000160       0x10 build/config/at91sam7s-gnu/cpu_support.oram
 .ARM.attributes
                0x00000170       0x10 build/config/at91sam7s-gnu/irq.oram
 .ARM.attributes
                0x00000180       0x10 /home/robo/nxtOSEK/gnuarm/lib/gcc/arm-elf/4.4.7/thumb/interwork/libgcc.a(_udivsi3.o)
 .ARM.attributes
                0x00000190       0x10 /home/robo/nxtOSEK/gnuarm/lib/gcc/arm-elf/4.4.7/thumb/interwork/libgcc.a(_divsi3.o)
 .ARM.attributes
                0x000001a0       0x10 /home/robo/nxtOSEK/gnuarm/lib/gcc/arm-elf/4.4.7/thumb/interwork/libgcc.a(_umodsi3.o)
 .ARM.attributes
                0x000001b0       0x10 /home/robo/nxtOSEK/gnuarm/lib/gcc/arm-elf/4.4.7/thumb/interwork/libgcc.a(_modsi3.o)
 .ARM.attributes
                0x000001c0       0x10 /home/robo/nxtOSEK/gnuarm/lib/gcc/arm-elf/4.4.7/thumb/interwork/libgcc.a(_dvmd_tls.o)
 .ARM.attributes
                0x000001d0       0x10 /home/robo/nxtOSEK/gnuarm/lib/gcc/arm-elf/4.4.7/thumb/interwork/libgcc.a(_arm_addsubdf3.o)
 .ARM.attributes
                0x000001e0       0x10 /home/robo/nxtOSEK/gnuarm/lib/gcc/arm-elf/4.4.7/thumb/interwork/libgcc.a(_arm_muldivdf3.o)
 .ARM.attributes
                0x000001f0       0x10 /home/robo/nxtOSEK/gnuarm/lib/gcc/arm-elf/4.4.7/thumb/interwork/libgcc.a(_arm_cmpdf2.o)
 .ARM.attributes
                0x00000200       0x10 /home/robo/nxtOSEK/gnuarm/lib/gcc/arm-elf/4.4.7/thumb/interwork/libgcc.a(_muldi3.o)
 .ARM.attributes
                0x00000210       0x10 /home/robo/nxtOSEK/gnuarm/lib/gcc/arm-elf/4.4.7/thumb/interwork/libgcc.a(_divdi3.o)
 .ARM.attributes
                0x00000220       0x10 /home/robo/nxtOSEK/gnuarm/lib/gcc/arm-elf/4.4.7/thumb/interwork/libgcc.a(_clzsi2.o)
 .ARM.attributes
                0x00000230       0x10 /home/robo/nxtOSEK/gnuarm/lib/gcc/arm-elf/4.4.7/../../../../arm-elf/lib/thumb/interwork/libc.a(lib_a-memcpy.o)
 .ARM.attributes
                0x00000240       0x10 /home/robo/nxtOSEK/gnuarm/lib/gcc/arm-elf/4.4.7/../../../../arm-elf/lib/thumb/interwork/libc.a(lib_a-memset.o)
 .ARM.attributes
                0x00000250       0x10 /home/robo/nxtOSEK/gnuarm/lib/gcc/arm-elf/4.4.7/../../../../arm-elf/lib/thumb/interwork/libc.a(lib_a-strcmp.o)
 .ARM.attributes
                0x00000260       0x10 /home/robo/nxtOSEK/gnuarm/lib/gcc/arm-elf/4.4.7/../../../../arm-elf/lib/thumb/interwork/libc.a(lib_a-strcpy.o)
 .ARM.attributes
                0x00000270       0x10 /home/robo/nxtOSEK/gnuarm/lib/gcc/arm-elf/4.4.7/../../../../arm-elf/lib/thumb/interwork/libc.a(lib_a-strlen.o)
 .ARM.attributes
                0x00000280       0x10 /home/robo/nxtOSEK/gnuarm/lib/gcc/arm-elf/4.4.7/../../../../arm-elf/lib/thumb/interwork/libc.a(lib_a-strncpy.o)
 .ARM.attributes
                0x00000290       0x10 build/nxtvm/platform/nxt/vectors.o

.debug_frame    0x00000000      0x1fc
 .debug_frame   0x00000000       0x28 /home/robo/nxtOSEK/gnuarm/lib/gcc/arm-elf/4.4.7/thumb/interwork/libgcc.a(_udivsi3.o)
 .debug_frame   0x00000028       0x28 /home/robo/nxtOSEK/gnuarm/lib/gcc/arm-elf/4.4.7/thumb/interwork/libgcc.a(_divsi3.o)
 .debug_frame   0x00000050       0x28 /home/robo/nxtOSEK/gnuarm/lib/gcc/arm-elf/4.4.7/thumb/interwork/libgcc.a(_umodsi3.o)
 .debug_frame   0x00000078       0x28 /home/robo/nxtOSEK/gnuarm/lib/gcc/arm-elf/4.4.7/thumb/interwork/libgcc.a(_modsi3.o)
 .debug_frame   0x000000a0       0x34 /home/robo/nxtOSEK/gnuarm/lib/gcc/arm-elf/4.4.7/thumb/interwork/libgcc.a(_muldi3.o)
 .debug_frame   0x000000d4       0x3c /home/robo/nxtOSEK/gnuarm/lib/gcc/arm-elf/4.4.7/thumb/interwork/libgcc.a(_divdi3.o)
 .debug_frame   0x00000110       0x30 /home/robo/nxtOSEK/gnuarm/lib/gcc/arm-elf/4.4.7/../../../../arm-elf/lib/thumb/interwork/libc.a(lib_a-memcpy.o)
 .debug_frame   0x00000140       0x2c /home/robo/nxtOSEK/gnuarm/lib/gcc/arm-elf/4.4.7/../../../../arm-elf/lib/thumb/interwork/libc.a(lib_a-memset.o)
 .debug_frame   0x0000016c       0x20 /home/robo/nxtOSEK/gnuarm/lib/gcc/arm-elf/4.4.7/../../../../arm-elf/lib/thumb/interwork/libc.a(lib_a-strcmp.o)
 .debug_frame   0x0000018c       0x20 /home/robo/nxtOSEK/gnuarm/lib/gcc/arm-elf/4.4.7/../../../../arm-elf/lib/thumb/interwork/libc.a(lib_a-strcpy.o)
 .debug_frame   0x000001ac       0x20 /home/robo/nxtOSEK/gnuarm/lib/gcc/arm-elf/4.4.7/../../../../arm-elf/lib/thumb/interwork/libc.a(lib_a-strlen.o)
 .debug_frame   0x000001cc       0x30 /home/robo/nxtOSEK/gnuarm/lib/gcc/arm-elf/4.4.7/../../../../arm-elf/lib/thumb/interwork/libc.a(lib_a-strncpy.o)

.debug_line     0x00000000      0xe85
 .debug_line    0x00000000       0x8e /home/robo/nxtOSEK/gnuarm/lib/gcc/arm-elf/4.4.7/thumb/interwork/libgcc.a(_udivsi3.o)
 .debug_line    0x0000008e       0x9a /home/robo/nxtOSEK/gnuarm/lib/gcc/arm-elf/4.4.7/thumb/interwork/libgcc.a(_divsi3.o)
 .debug_line    0x00000128       0x86 /home/robo/nxtOSEK/gnuarm/lib/gcc/arm-elf/4.4.7/thumb/interwork/libgcc.a(_umodsi3.o)
 .debug_line    0x000001ae       0x8f /home/robo/nxtOSEK/gnuarm/lib/gcc/arm-elf/4.4.7/thumb/interwork/libgcc.a(_modsi3.o)
 .debug_line    0x0000023d       0x78 /home/robo/nxtOSEK/gnuarm/lib/gcc/arm-elf/4.4.7/thumb/interwork/libgcc.a(_dvmd_tls.o)
 .debug_line    0x000002b5      0x180 /home/robo/nxtOSEK/gnuarm/lib/gcc/arm-elf/4.4.7/thumb/interwork/libgcc.a(_arm_addsubdf3.o)
 .debug_line    0x00000435      0x195 /home/robo/nxtOSEK/gnuarm/lib/gcc/arm-elf/4.4.7/thumb/interwork/libgcc.a(_arm_muldivdf3.o)
 .debug_line    0x000005ca       0xc3 /home/robo/nxtOSEK/gnuarm/lib/gcc/arm-elf/4.4.7/thumb/interwork/libgcc.a(_arm_cmpdf2.o)
 .debug_line    0x0000068d       0x7e /home/robo/nxtOSEK/gnuarm/lib/gcc/arm-elf/4.4.7/thumb/interwork/libgcc.a(_muldi3.o)
 .debug_line    0x0000070b       0xe4 /home/robo/nxtOSEK/gnuarm/lib/gcc/arm-elf/4.4.7/thumb/interwork/libgcc.a(_divdi3.o)
 .debug_line    0x000007ef       0x85 /home/robo/nxtOSEK/gnuarm/lib/gcc/arm-elf/4.4.7/thumb/interwork/libgcc.a(_clzsi2.o)
 .debug_line    0x00000874      0x141 /home/robo/nxtOSEK/gnuarm/lib/gcc/arm-elf/4.4.7/../../../../arm-elf/lib/thumb/interwork/libc.a(lib_a-memcpy.o)
 .debug_line    0x000009b5      0x13c /home/robo/nxtOSEK/gnuarm/lib/gcc/arm-elf/4.4.7/../../../../arm-elf/lib/thumb/interwork/libc.a(lib_a-memset.o)
 .debug_line    0x00000af1       0xbb /home/robo/nxtOSEK/gnuarm/lib/gcc/arm-elf/4.4.7/../../../../arm-elf/lib/thumb/interwork/libc.a(lib_a-strcmp.o)
 .debug_line    0x00000bac       0xbb /home/robo/nxtOSEK/gnuarm/lib/gcc/arm-elf/4.4.7/../../../../arm-elf/lib/thumb/interwork/libc.a(lib_a-strcpy.o)
 .debug_line    0x00000c67      0x108 /home/robo/nxtOSEK/gnuarm/lib/gcc/arm-elf/4.4.7/../../../../arm-elf/lib/thumb/interwork/libc.a(lib_a-strlen.o)
 .debug_line    0x00000d6f      0x116 /home/robo/nxtOSEK/gnuarm/lib/gcc/arm-elf/4.4.7/../../../../arm-elf/lib/thumb/interwork/libc.a(lib_a-strncpy.o)

.debug_info     0x00000000     0x1458
 .debug_info    0x00000000       0xb2 /home/robo/nxtOSEK/gnuarm/lib/gcc/arm-elf/4.4.7/thumb/interwork/libgcc.a(_udivsi3.o)
 .debug_info    0x000000b2       0xb2 /home/robo/nxtOSEK/gnuarm/lib/gcc/arm-elf/4.4.7/thumb/interwork/libgcc.a(_divsi3.o)
 .debug_info    0x00000164       0xb2 /home/robo/nxtOSEK/gnuarm/lib/gcc/arm-elf/4.4.7/thumb/interwork/libgcc.a(_umodsi3.o)
 .debug_info    0x00000216       0xb2 /home/robo/nxtOSEK/gnuarm/lib/gcc/arm-elf/4.4.7/thumb/interwork/libgcc.a(_modsi3.o)
 .debug_info    0x000002c8       0xb2 /home/robo/nxtOSEK/gnuarm/lib/gcc/arm-elf/4.4.7/thumb/interwork/libgcc.a(_dvmd_tls.o)
 .debug_info    0x0000037a       0xb1 /home/robo/nxtOSEK/gnuarm/lib/gcc/arm-elf/4.4.7/thumb/interwork/libgcc.a(_arm_addsubdf3.o)
 .debug_info    0x0000042b       0xb1 /home/robo/nxtOSEK/gnuarm/lib/gcc/arm-elf/4.4.7/thumb/interwork/libgcc.a(_arm_muldivdf3.o)
 .debug_info    0x000004dc       0xb1 /home/robo/nxtOSEK/gnuarm/lib/gcc/arm-elf/4.4.7/thumb/interwork/libgcc.a(_arm_cmpdf2.o)
 .debug_info    0x0000058d      0x20e /home/robo/nxtOSEK/gnuarm/lib/gcc/arm-elf/4.4.7/thumb/interwork/libgcc.a(_muldi3.o)
 .debug_info    0x0000079b      0x669 /home/robo/nxtOSEK/gnuarm/lib/gcc/arm-elf/4.4.7/thumb/interwork/libgcc.a(_divdi3.o)
 .debug_info    0x00000e04       0xb2 /home/robo/nxtOSEK/gnuarm/lib/gcc/arm-elf/4.4.7/thumb/interwork/libgcc.a(_clzsi2.o)
 .debug_info    0x00000eb6      0x13e /home/robo/nxtOSEK/gnuarm/lib/gcc/arm-elf/4.4.7/../../../../arm-elf/lib/thumb/interwork/libc.a(lib_a-memcpy.o)
 .debug_info    0x00000ff4      0x111 /home/robo/nxtOSEK/gnuarm/lib/gcc/arm-elf/4.4.7/../../../../arm-elf/lib/thumb/interwork/libc.a(lib_a-memset.o)
 .debug_info    0x00001105       0xaf /home/robo/nxtOSEK/gnuarm/lib/gcc/arm-elf/4.4.7/../../../../arm-elf/lib/thumb/interwork/libc.a(lib_a-strcmp.o)
 .debug_info    0x000011b4       0xb7 /home/robo/nxtOSEK/gnuarm/lib/gcc/arm-elf/4.4.7/../../../../arm-elf/lib/thumb/interwork/libc.a(lib_a-strcpy.o)
 .debug_info    0x0000126b       0xc9 /home/robo/nxtOSEK/gnuarm/lib/gcc/arm-elf/4.4.7/../../../../arm-elf/lib/thumb/interwork/libc.a(lib_a-strlen.o)
 .debug_info    0x00001334      0x124 /home/robo/nxtOSEK/gnuarm/lib/gcc/arm-elf/4.4.7/../../../../arm-elf/lib/thumb/interwork/libc.a(lib_a-strncpy.o)

.debug_abbrev   0x00000000      0x674
 .debug_abbrev  0x00000000       0x14 /home/robo/nxtOSEK/gnuarm/lib/gcc/arm-elf/4.4.7/thumb/interwork/libgcc.a(_udivsi3.o)
 .debug_abbrev  0x00000014       0x14 /home/robo/nxtOSEK/gnuarm/lib/gcc/arm-elf/4.4.7/thumb/interwork/libgcc.a(_divsi3.o)
 .debug_abbrev  0x00000028       0x14 /home/robo/nxtOSEK/gnuarm/lib/gcc/arm-elf/4.4.7/thumb/interwork/libgcc.a(_umodsi3.o)
 .debug_abbrev  0x0000003c       0x14 /home/robo/nxtOSEK/gnuarm/lib/gcc/arm-elf/4.4.7/thumb/interwork/libgcc.a(_modsi3.o)
 .debug_abbrev  0x00000050       0x14 /home/robo/nxtOSEK/gnuarm/lib/gcc/arm-elf/4.4.7/thumb/interwork/libgcc.a(_dvmd_tls.o)
 .debug_abbrev  0x00000064       0x14 /home/robo/nxtOSEK/gnuarm/lib/gcc/arm-elf/4.4.7/thumb/interwork/libgcc.a(_arm_addsubdf3.o)
 .debug_abbrev  0x00000078       0x14 /home/robo/nxtOSEK/gnuarm/lib/gcc/arm-elf/4.4.7/thumb/interwork/libgcc.a(_arm_muldivdf3.o)
 .debug_abbrev  0x0000008c       0x14 /home/robo/nxtOSEK/gnuarm/lib/gcc/arm-elf/4.4.7/thumb/interwork/libgcc.a(_arm_cmpdf2.o)
 .debug_abbrev  0x000000a0       0xf5 /home/robo/nxtOSEK/gnuarm/lib/gcc/arm-elf/4.4.7/thumb/interwork/libgcc.a(_muldi3.o)
 .debug_abbrev  0x00000195      0x169 /home/robo/nxtOSEK/gnuarm/lib/gcc/arm-elf/4.4.7/thumb/interwork/libgcc.a(_divdi3.o)
 .debug_abbrev  0x000002fe       0x14 /home/robo/nxtOSEK/gnuarm/lib/gcc/arm-elf/4.4.7/thumb/interwork/libgcc.a(_clzsi2.o)
 .debug_abbrev  0x00000312       0xa0 /home/robo/nxtOSEK/gnuarm/lib/gcc/arm-elf/4.4.7/../../../../arm-elf/lib/thumb/interwork/libc.a(lib_a-memcpy.o)
 .debug_abbrev  0x000003b2       0xa1 /home/robo/nxtOSEK/gnuarm/lib/gcc/arm-elf/4.4.7/../../../../arm-elf/lib/thumb/interwork/libc.a(lib_a-memset.o)
 .debug_abbrev  0x00000453       0x76 /home/robo/nxtOSEK/gnuarm/lib/gcc/arm-elf/4.4.7/../../../../arm-elf/lib/thumb/interwork/libc.a(lib_a-strcmp.o)
 .debug_abbrev  0x000004c9       0x76 /home/robo/nxtOSEK/gnuarm/lib/gcc/arm-elf/4.4.7/../../../../arm-elf/lib/thumb/interwork/libc.a(lib_a-strcpy.o)
 .debug_abbrev  0x0000053f       0x92 /home/robo/nxtOSEK/gnuarm/lib/gcc/arm-elf/4.4.7/../../../../arm-elf/lib/thumb/interwork/libc.a(lib_a-strlen.o)
 .debug_abbrev  0x000005d1       0xa3 /home/robo/nxtOSEK/gnuarm/lib/gcc/arm-elf/4.4.7/../../../../arm-elf/lib/thumb/interwork/libc.a(lib_a-strncpy.o)

.debug_aranges  0x00000000      0x220
 .debug_aranges
                0x00000000       0x20 /home/robo/nxtOSEK/gnuarm/lib/gcc/arm-elf/4.4.7/thumb/interwork/libgcc.a(_udivsi3.o)
 .debug_aranges
                0x00000020       0x20 /home/robo/nxtOSEK/gnuarm/lib/gcc/arm-elf/4.4.7/thumb/interwork/libgcc.a(_divsi3.o)
 .debug_aranges
                0x00000040       0x20 /home/robo/nxtOSEK/gnuarm/lib/gcc/arm-elf/4.4.7/thumb/interwork/libgcc.a(_umodsi3.o)
 .debug_aranges
                0x00000060       0x20 /home/robo/nxtOSEK/gnuarm/lib/gcc/arm-elf/4.4.7/thumb/interwork/libgcc.a(_modsi3.o)
 .debug_aranges
                0x00000080       0x20 /home/robo/nxtOSEK/gnuarm/lib/gcc/arm-elf/4.4.7/thumb/interwork/libgcc.a(_dvmd_tls.o)
 .debug_aranges
                0x000000a0       0x20 /home/robo/nxtOSEK/gnuarm/lib/gcc/arm-elf/4.4.7/thumb/interwork/libgcc.a(_arm_addsubdf3.o)
 .debug_aranges
                0x000000c0       0x20 /home/robo/nxtOSEK/gnuarm/lib/gcc/arm-elf/4.4.7/thumb/interwork/libgcc.a(_arm_muldivdf3.o)
 .debug_aranges
                0x000000e0       0x20 /home/robo/nxtOSEK/gnuarm/lib/gcc/arm-elf/4.4.7/thumb/interwork/libgcc.a(_arm_cmpdf2.o)
 .debug_aranges
                0x00000100       0x20 /home/robo/nxtOSEK/gnuarm/lib/gcc/arm-elf/4.4.7/thumb/interwork/libgcc.a(_muldi3.o)
 .debug_aranges
                0x00000120       0x20 /home/robo/nxtOSEK/gnuarm/lib/gcc/arm-elf/4.4.7/thumb/interwork/libgcc.a(_divdi3.o)
 .debug_aranges
                0x00000140       0x20 /home/robo/nxtOSEK/gnuarm/lib/gcc/arm-elf/4.4.7/thumb/interwork/libgcc.a(_clzsi2.o)
 .debug_aranges
                0x00000160       0x20 /home/robo/nxtOSEK/gnuarm/lib/gcc/arm-elf/4.4.7/../../../../arm-elf/lib/thumb/interwork/libc.a(lib_a-memcpy.o)
 .debug_aranges
                0x00000180       0x20 /home/robo/nxtOSEK/gnuarm/lib/gcc/arm-elf/4.4.7/../../../../arm-elf/lib/thumb/interwork/libc.a(lib_a-memset.o)
 .debug_aranges
                0x000001a0       0x20 /home/robo/nxtOSEK/gnuarm/lib/gcc/arm-elf/4.4.7/../../../../arm-elf/lib/thumb/interwork/libc.a(lib_a-strcmp.o)
 .debug_aranges
                0x000001c0       0x20 /home/robo/nxtOSEK/gnuarm/lib/gcc/arm-elf/4.4.7/../../../../arm-elf/lib/thumb/interwork/libc.a(lib_a-strcpy.o)
 .debug_aranges
                0x000001e0       0x20 /home/robo/nxtOSEK/gnuarm/lib/gcc/arm-elf/4.4.7/../../../../arm-elf/lib/thumb/interwork/libc.a(lib_a-strlen.o)
 .debug_aranges
                0x00000200       0x20 /home/robo/nxtOSEK/gnuarm/lib/gcc/arm-elf/4.4.7/../../../../arm-elf/lib/thumb/interwork/libc.a(lib_a-strncpy.o)

.debug_loc      0x00000000      0xcaf
 .debug_loc     0x00000000      0x161 /home/robo/nxtOSEK/gnuarm/lib/gcc/arm-elf/4.4.7/thumb/interwork/libgcc.a(_muldi3.o)
 .debug_loc     0x00000161      0x7df /home/robo/nxtOSEK/gnuarm/lib/gcc/arm-elf/4.4.7/thumb/interwork/libgcc.a(_divdi3.o)
 .debug_loc     0x00000940      0x13b /home/robo/nxtOSEK/gnuarm/lib/gcc/arm-elf/4.4.7/../../../../arm-elf/lib/thumb/interwork/libc.a(lib_a-memcpy.o)
 .debug_loc     0x00000a7b       0xfc /home/robo/nxtOSEK/gnuarm/lib/gcc/arm-elf/4.4.7/../../../../arm-elf/lib/thumb/interwork/libc.a(lib_a-memset.o)
 .debug_loc     0x00000b77       0x13 /home/robo/nxtOSEK/gnuarm/lib/gcc/arm-elf/4.4.7/../../../../arm-elf/lib/thumb/interwork/libc.a(lib_a-strcmp.o)
 .debug_loc     0x00000b8a       0x13 /home/robo/nxtOSEK/gnuarm/lib/gcc/arm-elf/4.4.7/../../../../arm-elf/lib/thumb/interwork/libc.a(lib_a-strcpy.o)
 .debug_loc     0x00000b9d       0x13 /home/robo/nxtOSEK/gnuarm/lib/gcc/arm-elf/4.4.7/../../../../arm-elf/lib/thumb/interwork/libc.a(lib_a-strlen.o)
 .debug_loc     0x00000bb0       0xff /home/robo/nxtOSEK/gnuarm/lib/gcc/arm-elf/4.4.7/../../../../arm-elf/lib/thumb/interwork/libc.a(lib_a-strncpy.o)

.debug_pubnames
                0x00000000       0xed
 .debug_pubnames
                0x00000000       0x1f /home/robo/nxtOSEK/gnuarm/lib/gcc/arm-elf/4.4.7/thumb/interwork/libgcc.a(_muldi3.o)
 .debug_pubnames
                0x0000001f       0x1f /home/robo/nxtOSEK/gnuarm/lib/gcc/arm-elf/4.4.7/thumb/interwork/libgcc.a(_divdi3.o)
 .debug_pubnames
                0x0000003e       0x1d /home/robo/nxtOSEK/gnuarm/lib/gcc/arm-elf/4.4.7/../../../../arm-elf/lib/thumb/interwork/libc.a(lib_a-memcpy.o)
 .debug_pubnames
                0x0000005b       0x1d /home/robo/nxtOSEK/gnuarm/lib/gcc/arm-elf/4.4.7/../../../../arm-elf/lib/thumb/interwork/libc.a(lib_a-memset.o)
 .debug_pubnames
                0x00000078       0x1d /home/robo/nxtOSEK/gnuarm/lib/gcc/arm-elf/4.4.7/../../../../arm-elf/lib/thumb/interwork/libc.a(lib_a-strcmp.o)
 .debug_pubnames
                0x00000095       0x1d /home/robo/nxtOSEK/gnuarm/lib/gcc/arm-elf/4.4.7/../../../../arm-elf/lib/thumb/interwork/libc.a(lib_a-strcpy.o)
 .debug_pubnames
                0x000000b2       0x1d /home/robo/nxtOSEK/gnuarm/lib/gcc/arm-elf/4.4.7/../../../../arm-elf/lib/thumb/interwork/libc.a(lib_a-strlen.o)
 .debug_pubnames
                0x000000cf       0x1e /home/robo/nxtOSEK/gnuarm/lib/gcc/arm-elf/4.4.7/../../../../arm-elf/lib/thumb/interwork/libc.a(lib_a-strncpy.o)

.debug_ranges   0x00000000      0x110
 .debug_ranges  0x00000000       0x30 /home/robo/nxtOSEK/gnuarm/lib/gcc/arm-elf/4.4.7/thumb/interwork/libgcc.a(_muldi3.o)
 .debug_ranges  0x00000030       0xe0 /home/robo/nxtOSEK/gnuarm/lib/gcc/arm-elf/4.4.7/thumb/interwork/libgcc.a(_divdi3.o)

.debug_str      0x00000000      0x390
 .debug_str     0x00000000      0x143 /home/robo/nxtOSEK/gnuarm/lib/gcc/arm-elf/4.4.7/thumb/interwork/libgcc.a(_muldi3.o)
                                0x197 (size before relaxing)
 .debug_str     0x00000143       0x3c /home/robo/nxtOSEK/gnuarm/lib/gcc/arm-elf/4.4.7/thumb/interwork/libgcc.a(_divdi3.o)
                                0x1ca (size before relaxing)
 .debug_str     0x0000017f       0x76 /home/robo/nxtOSEK/gnuarm/lib/gcc/arm-elf/4.4.7/../../../../arm-elf/lib/thumb/interwork/libc.a(lib_a-memcpy.o)
                                0x10b (size before relaxing)
 .debug_str     0x000001f5       0x5c /home/robo/nxtOSEK/gnuarm/lib/gcc/arm-elf/4.4.7/../../../../arm-elf/lib/thumb/interwork/libc.a(lib_a-memset.o)
                                 0xf8 (size before relaxing)
 .debug_str     0x00000251       0x4d /home/robo/nxtOSEK/gnuarm/lib/gcc/arm-elf/4.4.7/../../../../arm-elf/lib/thumb/interwork/libc.a(lib_a-strcmp.o)
                                 0xe2 (size before relaxing)
 .debug_str     0x0000029e       0x4d /home/robo/nxtOSEK/gnuarm/lib/gcc/arm-elf/4.4.7/../../../../arm-elf/lib/thumb/interwork/libc.a(lib_a-strcpy.o)
                                 0xe2 (size before relaxing)
 .debug_str     0x000002eb       0x55 /home/robo/nxtOSEK/gnuarm/lib/gcc/arm-elf/4.4.7/../../../../arm-elf/lib/thumb/interwork/libc.a(lib_a-strlen.o)
                                 0xf1 (size before relaxing)
 .debug_str     0x00000340       0x50 /home/robo/nxtOSEK/gnuarm/lib/gcc/arm-elf/4.4.7/../../../../arm-elf/lib/thumb/interwork/libc.a(lib_a-strncpy.o)
                                0x10e (size before relaxing)

Cross Reference Table

Symbol                                            File
ActivateTask                                      build/kernel/task_manage.o
CancelAlarm                                       build/kernel/alarm.o
ChainTask                                         build/kernel/task_manage.o
ClearEvent                                        build/kernel/event.o
DisableAllInterrupts                              build/kernel/interrupt.o
EnableAllInterrupts                               build/kernel/interrupt.o
ErrorHook                                         /home/robo/nxtOSEK/nxtOSEK/ecrobot/../ecrobot/libecrobot.a(osek_hook.o)
                                                  build/kernel/osctl.o
GetActiveApplicationMode                          build/kernel/osctl.o
GetAlarm                                          build/kernel/alarm.o
GetAlarmBase                                      build/kernel/alarm.o
GetEvent                                          build/kernel/event.o
GetResource                                       build/kernel/resource.o
GetTaskID                                         build/kernel/task_manage.o
GetTaskState                                      build/kernel/task_manage.o
NXT_COLORSENSOR_PROTOCOLS                         /home/robo/nxtOSEK/nxtOSEK/ecrobot/../ecrobot/libecrobot.a(ecrobot_interface.o)
NXT_Entry_Point                                   build/nxt_entry_point.o
                                                  build/nxt_binary_header.o
OSEK_Main_Task                                    build/./kernel_cfg.o
PostTaskHook                                      /home/robo/nxtOSEK/nxtOSEK/ecrobot/../ecrobot/libecrobot.a(osek_hook.o)
                                                  build/config/at91sam7s-gnu/cpu_support.oram
                                                  build/kernel/osctl.o
PreTaskHook                                       /home/robo/nxtOSEK/nxtOSEK/ecrobot/../ecrobot/libecrobot.a(osek_hook.o)
                                                  build/config/at91sam7s-gnu/cpu_support.oram
                                                  build/kernel/osctl.o
ReleaseResource                                   build/kernel/resource.o
ResumeAllInterrupts                               build/kernel/interrupt.o
ResumeOSInterrupts                                build/kernel/interrupt.o
Schedule                                          build/kernel/task_manage.o
SetAbsAlarm                                       build/kernel/alarm.o
SetEvent                                          build/kernel/event.o
SetRelAlarm                                       build/kernel/alarm.o
ShutdownHook                                      /home/robo/nxtOSEK/nxtOSEK/ecrobot/../ecrobot/libecrobot.a(osek_hook.o)
                                                  build/kernel/osctl.o
ShutdownOS                                        build/kernel/osctl.o
SignalCounter                                     build/kernel/alarm.o
StartOS                                           build/kernel/osctl.o
                                                  build/ecrobot.o
StartupHook                                       /home/robo/nxtOSEK/nxtOSEK/ecrobot/../ecrobot/libecrobot.a(osek_hook.o)
                                                  build/kernel/osctl.o
SuspendAllInterrupts                              build/kernel/interrupt.o
SuspendOSInterrupts                               build/kernel/interrupt.o
TaskMainOSEK_Main_Task                            build/src/main.o
                                                  build/./kernel_cfg.o
TerminateTask                                     build/kernel/task_manage.o
WaitEvent                                         build/kernel/event.o
__adddf3                                          /home/robo/nxtOSEK/gnuarm/lib/gcc/arm-elf/4.4.7/thumb/interwork/libgcc.a(_arm_addsubdf3.o)
__aeabi_cdcmpeq                                   /home/robo/nxtOSEK/gnuarm/lib/gcc/arm-elf/4.4.7/thumb/interwork/libgcc.a(_arm_cmpdf2.o)
__aeabi_cdcmple                                   /home/robo/nxtOSEK/gnuarm/lib/gcc/arm-elf/4.4.7/thumb/interwork/libgcc.a(_arm_cmpdf2.o)
__aeabi_cdrcmple                                  /home/robo/nxtOSEK/gnuarm/lib/gcc/arm-elf/4.4.7/thumb/interwork/libgcc.a(_arm_cmpdf2.o)
__aeabi_dadd                                      /home/robo/nxtOSEK/gnuarm/lib/gcc/arm-elf/4.4.7/thumb/interwork/libgcc.a(_arm_addsubdf3.o)
__aeabi_dcmpeq                                    /home/robo/nxtOSEK/gnuarm/lib/gcc/arm-elf/4.4.7/thumb/interwork/libgcc.a(_arm_cmpdf2.o)
__aeabi_dcmpge                                    /home/robo/nxtOSEK/gnuarm/lib/gcc/arm-elf/4.4.7/thumb/interwork/libgcc.a(_arm_cmpdf2.o)
__aeabi_dcmpgt                                    /home/robo/nxtOSEK/gnuarm/lib/gcc/arm-elf/4.4.7/thumb/interwork/libgcc.a(_arm_cmpdf2.o)
__aeabi_dcmple                                    /home/robo/nxtOSEK/gnuarm/lib/gcc/arm-elf/4.4.7/thumb/interwork/libgcc.a(_arm_cmpdf2.o)
__aeabi_dcmplt                                    /home/robo/nxtOSEK/gnuarm/lib/gcc/arm-elf/4.4.7/thumb/interwork/libgcc.a(_arm_cmpdf2.o)
__aeabi_ddiv                                      /home/robo/nxtOSEK/gnuarm/lib/gcc/arm-elf/4.4.7/thumb/interwork/libgcc.a(_arm_muldivdf3.o)
__aeabi_dmul                                      /home/robo/nxtOSEK/gnuarm/lib/gcc/arm-elf/4.4.7/thumb/interwork/libgcc.a(_arm_muldivdf3.o)
__aeabi_drsub                                     /home/robo/nxtOSEK/gnuarm/lib/gcc/arm-elf/4.4.7/thumb/interwork/libgcc.a(_arm_addsubdf3.o)
__aeabi_dsub                                      /home/robo/nxtOSEK/gnuarm/lib/gcc/arm-elf/4.4.7/thumb/interwork/libgcc.a(_arm_addsubdf3.o)
__aeabi_f2d                                       /home/robo/nxtOSEK/gnuarm/lib/gcc/arm-elf/4.4.7/thumb/interwork/libgcc.a(_arm_addsubdf3.o)
__aeabi_i2d                                       /home/robo/nxtOSEK/gnuarm/lib/gcc/arm-elf/4.4.7/thumb/interwork/libgcc.a(_arm_addsubdf3.o)
__aeabi_idiv                                      /home/robo/nxtOSEK/gnuarm/lib/gcc/arm-elf/4.4.7/thumb/interwork/libgcc.a(_divsi3.o)
__aeabi_idiv0                                     /home/robo/nxtOSEK/gnuarm/lib/gcc/arm-elf/4.4.7/thumb/interwork/libgcc.a(_dvmd_tls.o)
__aeabi_idivmod                                   /home/robo/nxtOSEK/gnuarm/lib/gcc/arm-elf/4.4.7/thumb/interwork/libgcc.a(_divsi3.o)
__aeabi_l2d                                       /home/robo/nxtOSEK/gnuarm/lib/gcc/arm-elf/4.4.7/thumb/interwork/libgcc.a(_arm_addsubdf3.o)
__aeabi_ldiv0                                     /home/robo/nxtOSEK/gnuarm/lib/gcc/arm-elf/4.4.7/thumb/interwork/libgcc.a(_dvmd_tls.o)
__aeabi_ui2d                                      /home/robo/nxtOSEK/gnuarm/lib/gcc/arm-elf/4.4.7/thumb/interwork/libgcc.a(_arm_addsubdf3.o)
__aeabi_uidiv                                     /home/robo/nxtOSEK/gnuarm/lib/gcc/arm-elf/4.4.7/thumb/interwork/libgcc.a(_udivsi3.o)
__aeabi_uidivmod                                  /home/robo/nxtOSEK/gnuarm/lib/gcc/arm-elf/4.4.7/thumb/interwork/libgcc.a(_udivsi3.o)
__aeabi_ul2d                                      /home/robo/nxtOSEK/gnuarm/lib/gcc/arm-elf/4.4.7/thumb/interwork/libgcc.a(_arm_addsubdf3.o)
__bss_end__                                       build/ecrobot_init.o
__bss_start__                                     build/ecrobot_init.o
__call_posttaskhook_from_arm                      linker stubs
__call_pretaskhook_from_arm                       linker stubs
__clzsi2                                          /home/robo/nxtOSEK/gnuarm/lib/gcc/arm-elf/4.4.7/thumb/interwork/libgcc.a(_clzsi2.o)
                                                  /home/robo/nxtOSEK/gnuarm/lib/gcc/arm-elf/4.4.7/thumb/interwork/libgcc.a(_divdi3.o)
__cmpdf2                                          /home/robo/nxtOSEK/gnuarm/lib/gcc/arm-elf/4.4.7/thumb/interwork/libgcc.a(_arm_cmpdf2.o)
__ctor_begin                                      build/ecrobot_base.o
__ctor_end                                        build/ecrobot_base.o
__data_load_end__                                 build/ecrobot_init.o
__data_load_start__                               build/ecrobot_init.o
__data_ram_start__                                build/ecrobot_init.o
__div0                                            /home/robo/nxtOSEK/gnuarm/lib/gcc/arm-elf/4.4.7/thumb/interwork/libgcc.a(_dvmd_tls.o)
                                                  /home/robo/nxtOSEK/gnuarm/lib/gcc/arm-elf/4.4.7/thumb/interwork/libgcc.a(_modsi3.o)
                                                  /home/robo/nxtOSEK/gnuarm/lib/gcc/arm-elf/4.4.7/thumb/interwork/libgcc.a(_umodsi3.o)
                                                  /home/robo/nxtOSEK/gnuarm/lib/gcc/arm-elf/4.4.7/thumb/interwork/libgcc.a(_divsi3.o)
                                                  /home/robo/nxtOSEK/gnuarm/lib/gcc/arm-elf/4.4.7/thumb/interwork/libgcc.a(_udivsi3.o)
__divdf3                                          /home/robo/nxtOSEK/gnuarm/lib/gcc/arm-elf/4.4.7/thumb/interwork/libgcc.a(_arm_muldivdf3.o)
__divdi3                                          /home/robo/nxtOSEK/gnuarm/lib/gcc/arm-elf/4.4.7/thumb/interwork/libgcc.a(_divdi3.o)
                                                  /home/robo/nxtOSEK/nxtOSEK/ecrobot/../ecrobot/libecrobot.a(sound.oram)
__divsi3                                          /home/robo/nxtOSEK/gnuarm/lib/gcc/arm-elf/4.4.7/thumb/interwork/libgcc.a(_divsi3.o)
                                                  /home/robo/nxtOSEK/nxtOSEK/ecrobot/../ecrobot/libecrobot.a(sound.oram)
                                                  /home/robo/nxtOSEK/nxtOSEK/ecrobot/../ecrobot/libecrobot.a(uart.oram)
__dtor_begin                                      build/ecrobot_base.o
__dtor_end                                        build/ecrobot_base.o
__eqdf2                                           /home/robo/nxtOSEK/gnuarm/lib/gcc/arm-elf/4.4.7/thumb/interwork/libgcc.a(_arm_cmpdf2.o)
__extendsfdf2                                     /home/robo/nxtOSEK/gnuarm/lib/gcc/arm-elf/4.4.7/thumb/interwork/libgcc.a(_arm_addsubdf3.o)
__floatdidf                                       /home/robo/nxtOSEK/gnuarm/lib/gcc/arm-elf/4.4.7/thumb/interwork/libgcc.a(_arm_addsubdf3.o)
__floatsidf                                       /home/robo/nxtOSEK/gnuarm/lib/gcc/arm-elf/4.4.7/thumb/interwork/libgcc.a(_arm_addsubdf3.o)
                                                  /home/robo/nxtOSEK/nxtOSEK/ecrobot/../ecrobot/libecrobot.a(colorsensor.o)
__floatundidf                                     /home/robo/nxtOSEK/gnuarm/lib/gcc/arm-elf/4.4.7/thumb/interwork/libgcc.a(_arm_addsubdf3.o)
__floatunsidf                                     /home/robo/nxtOSEK/gnuarm/lib/gcc/arm-elf/4.4.7/thumb/interwork/libgcc.a(_arm_addsubdf3.o)
__gedf2                                           /home/robo/nxtOSEK/gnuarm/lib/gcc/arm-elf/4.4.7/thumb/interwork/libgcc.a(_arm_cmpdf2.o)
__gtdf2                                           /home/robo/nxtOSEK/gnuarm/lib/gcc/arm-elf/4.4.7/thumb/interwork/libgcc.a(_arm_cmpdf2.o)
                                                  /home/robo/nxtOSEK/nxtOSEK/ecrobot/../ecrobot/libecrobot.a(colorsensor.o)
__irq_stack__                                     build/ecrobot_init.o
__ledf2                                           /home/robo/nxtOSEK/gnuarm/lib/gcc/arm-elf/4.4.7/thumb/interwork/libgcc.a(_arm_cmpdf2.o)
__ltdf2                                           /home/robo/nxtOSEK/gnuarm/lib/gcc/arm-elf/4.4.7/thumb/interwork/libgcc.a(_arm_cmpdf2.o)
__modsi3                                          /home/robo/nxtOSEK/gnuarm/lib/gcc/arm-elf/4.4.7/thumb/interwork/libgcc.a(_modsi3.o)
                                                  /home/robo/nxtOSEK/nxtOSEK/ecrobot/../ecrobot/libecrobot.a(sound.oram)
__muldf3                                          /home/robo/nxtOSEK/gnuarm/lib/gcc/arm-elf/4.4.7/thumb/interwork/libgcc.a(_arm_muldivdf3.o)
                                                  /home/robo/nxtOSEK/nxtOSEK/ecrobot/../ecrobot/libecrobot.a(colorsensor.o)
__muldi3                                          /home/robo/nxtOSEK/gnuarm/lib/gcc/arm-elf/4.4.7/thumb/interwork/libgcc.a(_muldi3.o)
                                                  /home/robo/nxtOSEK/nxtOSEK/ecrobot/../ecrobot/libecrobot.a(sound.oram)
__nedf2                                           /home/robo/nxtOSEK/gnuarm/lib/gcc/arm-elf/4.4.7/thumb/interwork/libgcc.a(_arm_cmpdf2.o)
__ramtext_load_end__                              build/ecrobot_init.o
__ramtext_load_start__                            build/ecrobot_init.o
__ramtext_ram_start__                             build/ecrobot_init.o
__stack_end__                                     build/ecrobot_init.o
__stack_start__                                   build/ecrobot_init.o
__subdf3                                          /home/robo/nxtOSEK/gnuarm/lib/gcc/arm-elf/4.4.7/thumb/interwork/libgcc.a(_arm_addsubdf3.o)
__system_stack__                                  build/config/at91sam7s-gnu/cpu_support.oram
                                                  build/ecrobot_init.o
__udivsi3                                         /home/robo/nxtOSEK/gnuarm/lib/gcc/arm-elf/4.4.7/thumb/interwork/libgcc.a(_udivsi3.o)
                                                  /home/robo/nxtOSEK/gnuarm/lib/gcc/arm-elf/4.4.7/thumb/interwork/libgcc.a(_divdi3.o)
                                                  /home/robo/nxtOSEK/nxtOSEK/ecrobot/../ecrobot/libecrobot.a(sound.oram)
                                                  /home/robo/nxtOSEK/nxtOSEK/ecrobot/../ecrobot/libecrobot.a(display.oram)
                                                  /home/robo/nxtOSEK/nxtOSEK/ecrobot/../ecrobot/libecrobot.a(ecrobot_interface.o)
                                                  build/ecrobot_base.o
__umodsi3                                         /home/robo/nxtOSEK/gnuarm/lib/gcc/arm-elf/4.4.7/thumb/interwork/libgcc.a(_umodsi3.o)
                                                  /home/robo/nxtOSEK/gnuarm/lib/gcc/arm-elf/4.4.7/thumb/interwork/libgcc.a(_divdi3.o)
                                                  /home/robo/nxtOSEK/nxtOSEK/ecrobot/../ecrobot/libecrobot.a(display.oram)
__vectors_load_end__                              build/ecrobot_init.o
__vectors_load_start__                            build/ecrobot_init.o
__vectors_ram_start__                             build/ecrobot_init.o
_errorhook_par1                                   build/kernel/task_manage.o
                                                  build/kernel/resource.o
                                                  build/kernel/osctl.o
                                                  build/kernel/event.o
                                                  build/kernel/alarm.o
_errorhook_par2                                   build/kernel/task_manage.o
                                                  build/kernel/osctl.o
                                                  build/kernel/event.o
                                                  build/kernel/alarm.o
_errorhook_par3                                   build/kernel/osctl.o
                                                  build/kernel/alarm.o
_errorhook_svcid                                  build/kernel/osctl.o
_interrupt                                        build/config/at91sam7s-gnu/cpu_support.oram
                                                  build/config/at91sam7s-gnu/irq.oram
_sbrk_r                                           build/syscalls.o
activate_r                                        build/config/at91sam7s-gnu/cpu_support.oram
                                                  build/kernel/task.o
add_status_info                                   build/ecrobot_base.o
                                                  build/ecrobot.o
                                                  build/ecrobot_bluetooth.o
aic_clear                                         /home/robo/nxtOSEK/nxtOSEK/ecrobot/../ecrobot/libecrobot.a(aic.oram)
                                                  /home/robo/nxtOSEK/nxtOSEK/ecrobot/../ecrobot/libecrobot.a(bt.oram)
                                                  /home/robo/nxtOSEK/nxtOSEK/ecrobot/../ecrobot/libecrobot.a(sound.oram)
aic_initialise                                    /home/robo/nxtOSEK/nxtOSEK/ecrobot/../ecrobot/libecrobot.a(aic.oram)
                                                  /home/robo/nxtOSEK/nxtOSEK/ecrobot/../ecrobot/libecrobot.a(flash_loader.oram)
aic_mask_off                                      /home/robo/nxtOSEK/nxtOSEK/ecrobot/../ecrobot/libecrobot.a(aic.oram)
                                                  /home/robo/nxtOSEK/nxtOSEK/ecrobot/../ecrobot/libecrobot.a(bt.oram)
                                                  /home/robo/nxtOSEK/nxtOSEK/ecrobot/../ecrobot/libecrobot.a(i2c.oram)
                                                  /home/robo/nxtOSEK/nxtOSEK/ecrobot/../ecrobot/libecrobot.a(nxt_motors.oram)
                                                  /home/robo/nxtOSEK/nxtOSEK/ecrobot/../ecrobot/libecrobot.a(nxt_spi.oram)